score=56;
pancovpct=81.2;
maxcov1kpct=81.2;
unmapped=0;
mapped=21799;
mapped_reverse=0;
mapped_reverse_pct=0.00;
mean_aln_length=36;
max_aln_length=36;
acc=pan_genome;hits=21407;len=30000;depth=25.7;pctid=99.1;tax=?;cov=0.8125;coverage=O........__.._.._.._....._......;desc=Pan-genome;
acc=NC_013804;hits=18722;desc=?;
acc=LR721664.1;hits=1589;len=31710;depth=1.8;pctid=95.5;tax=215681;cov=0.0312;coverage=_______________________________O;desc=Canine respiratory coronavirus;
acc=NC_038880;hits=211;desc=?;
acc=NC_001731;hits=157;desc=?;
acc=NC_001461;hits=136;desc=?;
acc=NC_007653;hits=92;desc=?;
acc=NC_003391;hits=60;desc=?;
acc=NC_001596;hits=53;desc=?;
acc=HM034837.1;hits=53;len=30360;depth=0.0628;pctid=99.6;tax=290028;cov=0.0625;coverage=_____.________O_________________;desc=Human coronavirus HKU1;
acc=NC_038496;hits=50;desc=?;
acc=DQ415899.1;hits=49;len=30404;depth=0.058;pctid=99.8;tax=290028;cov=0.0312;coverage=______________O_________________;desc=Human coronavirus HKU1;
acc=DQ415900.1;hits=48;len=30309;depth=0.057;pctid=99.7;tax=290028;cov=0.0312;coverage=______________O_________________;desc=Human coronavirus HKU1;
acc=AY884001.1;hits=46;len=30312;depth=0.0546;pctid=99.7;tax=290028;cov=0.0312;coverage=______________O_________________;desc=Human coronavirus HKU1;
acc=MN690608.1;hits=45;len=32257;depth=0.0502;pctid=99.9;tax=2716128;cov=0.0312;coverage=____________________________O___;desc=?;
acc=DQ415904.1;hits=45;len=29784;depth=0.0544;pctid=99.6;tax=290028;cov=0.0625;coverage=___.__________O_________________;desc=Human coronavirus HKU1;
acc=MK167038.1;hits=44;len=30420;depth=0.0521;pctid=99.9;tax=290028;cov=0.0312;coverage=______________O_________________;desc=Human coronavirus HKU1;
acc=DQ415901.1;hits=44;len=30599;depth=0.0518;pctid=99.6;tax=290028;cov=0.0312;coverage=______________O_________________;desc=Human coronavirus HKU1;
acc=NC_001798;hits=35;desc=?;
acc=NC_001405;hits=32;desc=?;
acc=NC_017825;hits=31;desc=?;
acc=NC_012783;hits=28;desc=?;
acc=JF775523.1;hits=24;len=1380;depth=0.626;pctid=100.0;tax=11120;cov=0.0312;coverage=___________________________O____;desc=Infectious bronchitis virus;
acc=NC_007605;hits=21;desc=?;
acc=NC_026809;hits=19;desc=?;
acc=NC_027016;hits=15;desc=?;
acc=NC_022517;hits=13;desc=?;
acc=NC_009334;hits=11;desc=?;
acc=NC_006998;hits=7;desc=?;
acc=NC_001885;hits=7;desc=?;
acc=NC_003310;hits=7;desc=?;
acc=DQ646405.2;hits=6;len=28172;depth=0.00767;pctid=99.1;tax=11120;cov=0.0625;coverage=___.______________O_____________;desc=Infectious bronchitis virus;
acc=NC_003266;hits=6;desc=?;
acc=NC_001806;hits=6;desc=?;
acc=MK204388.1;hits=5;len=24920;depth=0.00722;pctid=91.1;tax=694014;cov=0.0312;coverage=O_______________________________;desc=Avian coronavirus;
acc=NC_003663;hits=5;desc=?;
acc=FV537211.1;hits=4;len=30247;depth=0.00476;pctid=95.8;tax=694009;cov=0.1250;coverage=__.____________________.__..____;desc=Severe acute respiratory syndrome-related coronavirus;
acc=DQ490208.1;hits=4;len=7326;depth=0.0197;pctid=97.2;tax=11120;cov=0.0312;coverage=_____________________________O__;desc=Infectious bronchitis virus;
acc=MN262644.1;hits=3;len=27982;depth=0.00386;pctid=100.0;tax=694014;cov=0.0312;coverage=___O____________________________;desc=Avian coronavirus;
acc=MH991864.1;hits=2;len=4225;depth=0.017;pctid=93.1;tax=28295;cov=0.0312;coverage=______________________________o_;desc=Porcine epidemic diarrhea virus;
acc=NC_001802;hits=2;desc=?;
acc=MN611524.1;hits=2;len=28788;depth=0.0025;pctid=93.1;tax=2691588;cov=0.0625;coverage=.______.________________________;desc=Miniopterus schreibersii bat coronavirus 1-related;
acc=KF569996.1;hits=2;len=30302;depth=0.00238;pctid=97.2;tax=1487703;cov=0.0312;coverage=___o____________________________;desc=Rhinolophus affinis coronavirus;
acc=NC_014372;hits=2;desc=?;
acc=KY370054.1;hits=2;len=29344;depth=0.00245;pctid=98.6;tax=2050018;cov=0.0625;coverage=___________.___________.________;desc=Rodent coronavirus;
acc=NC_001702;hits=2;desc=?;
acc=NC_026818;hits=2;desc=?;
acc=JN874562.1;hits=2;len=31420;depth=0.00229;pctid=94.4;tax=1160968;cov=0.0312;coverage=______o_________________________;desc=Rabbit coronavirus HKU14;
acc=KX722531.1;hits=1;len=29527;depth=0.00122;pctid=100.0;tax=12663;cov=0.0312;coverage=_____________________.__________;desc=Feline coronavirus;
acc=KF530117.1;hits=1;len=29485;depth=0.00122;pctid=100.0;tax=12663;cov=0.0312;coverage=_____.__________________________;desc=Feline coronavirus;
acc=MH002339.1;hits=1;len=30785;depth=0.00117;pctid=97.2;tax=694007;cov=0.0312;coverage=____________________________.___;desc=Tylonycteris bat coronavirus HKU4;
acc=NC_004105;hits=1;desc=?;
acc=MK841494.1;hits=1;len=28469;depth=0.00126;pctid=91.7;tax=28295;cov=0.0312;coverage=______________._________________;desc=Porcine epidemic diarrhea virus;
acc=GU017110.1;hits=1;len=1150;depth=0.0313;pctid=97.2;tax=12663;cov=0.0312;coverage=__._____________________________;desc=Feline coronavirus;
acc=HZ038027.1;hits=1;len=30247;depth=0.00119;pctid=94.4;tax=693995;cov=0.0312;coverage=____________.___________________;desc=Coronavirinae;
acc=NC_004912;hits=1;desc=?;
acc=NC_025217.1;hits=1;len=32016;depth=0.00112;pctid=88.9;tax=1541205;cov=0.0312;coverage=________________________._______;desc=Bat Hp-betacoronavirus/Zhejiang2013;
acc=KX185058.1;hits=1;len=28140;depth=0.00128;pctid=100.0;tax=11120;cov=0.0312;coverage=____________________________.___;desc=Infectious bronchitis virus;
acc=MG693169.1;hits=1;len=29473;depth=0.00122;pctid=97.2;tax=1508220;cov=0.0312;coverage=_________________.______________;desc=Bat coronavirus;
acc=GQ153547.1;hits=1;len=30200;depth=0.00119;pctid=100.0;tax=741999;cov=0.0312;coverage=___.____________________________;desc=Bat SARS coronavirus HKU3-12;
acc=KY073746.1;hits=1;len=28917;depth=0.00124;pctid=100.0;tax=1920748;cov=0.0312;coverage=______________________._________;desc=NL63-related bat coronavirus;
acc=MG021194.1;hits=1;len=28012;depth=0.00129;pctid=97.2;tax=11120;cov=0.0312;coverage=_______________________.________;desc=Infectious bronchitis virus;
acc=KJ665877.1;hits=1;len=2274;depth=0.0158;pctid=100.0;tax=12663;cov=0.0312;coverage=____________________________.___;desc=Feline coronavirus;
acc=MN611523.1;hits=1;len=28990;depth=0.00124;pctid=100.0;tax=2691597;cov=0.0312;coverage=______._________________________;desc=Hipposideros pomona bat coronavirus HKU10-related;
acc=NC_009988.1;hits=1;len=27618;depth=0.0013;pctid=100.0;tax=693998;cov=0.0312;coverage=_________________.______________;desc=Rhinolophus bat coronavirus HKU2;
acc=MF431742.1;hits=1;len=25844;depth=0.00139;pctid=100.0;tax=1586324;cov=0.0312;coverage=_____________________________.__;desc=Porcine deltacoronavirus;
acc=MK472068.1;hits=1;len=27893;depth=0.00129;pctid=86.1;tax=1906673;cov=0.0312;coverage=______._________________________;desc=Alphacoronavirus sp.;
acc=NC_025343;hits=1;desc=?;
acc=MN623247.1;hits=1;len=226;depth=0.159;pctid=100.0;tax=694014;cov=0.0312;coverage=__________________________._____;desc=Avian coronavirus;
acc=KF906251.1;hits=1;len=31570;depth=0.00114;pctid=88.9;tax=1479610;cov=0.0312;coverage=________._______________________;desc=Dromedary camel coronavirus HKU23;
acc=NC_011202;hits=1;desc=?;
acc=NC_007014;hits=1;desc=?;
acc=NC_001362;hits=1;desc=?;
acc=DQ412042.1;hits=1;len=30205;depth=0.00119;pctid=100.0;tax=347537;cov=0.0312;coverage=_.______________________________;desc=Bat SARS CoV Rf1/2004;
acc=KY967734.1;hits=1;len=26462;depth=0.00136;pctid=100.0;tax=1508228;cov=0.0312;coverage=______._________________________;desc=Wencheng Sm shrew coronavirus;
acc=MH061338.1;hits=1;len=28494;depth=0.00126;pctid=94.4;tax=28295;cov=0.0312;coverage=_____________________________.__;desc=Porcine epidemic diarrhea virus;
acc=NC_001803;hits=1;desc=?;
acc=MG197727.1;hits=1;len=28158;depth=0.00128;pctid=97.2;tax=11120;cov=0.0312;coverage=____.___________________________;desc=Infectious bronchitis virus;
acc=MG757139.1;hits=1;len=31546;depth=0.00114;pctid=97.2;tax=11128;cov=0.0312;coverage=____________________.___________;desc=Bovine coronavirus;
acc=DQ811787.1;hits=1;len=28010;depth=0.00129;pctid=97.2;tax=398815;cov=0.0312;coverage=_______________.________________;desc=PRCV ISU-1;
acc=KY419109.1;hits=1;len=30405;depth=0.00118;pctid=91.7;tax=42005;cov=0.0312;coverage=___________________________.____;desc=Porcine hemagglutinating encephalomyelitis virus;
acc=NC_001355;hits=1;desc=?;
acc=DQ490220.1;hits=1;len=6785;depth=0.00531;pctid=97.2;tax=11120;cov=0.0312;coverage=_____________________.__________;desc=Infectious bronchitis virus;
acc=MG916901.1;hits=1;len=29588;depth=0.00122;pctid=100.0;tax=1508220;cov=0.0312;coverage=__._____________________________;desc=Bat coronavirus;
acc=MN128875.1;hits=1;len=290;depth=0.124;pctid=91.7;tax=11153;cov=0.0312;coverage=_.______________________________;desc=Canine coronavirus;
acc=DQ445911.1;hits=1;len=28010;depth=0.00129;pctid=100.0;tax=277944;cov=0.0312;coverage=_______.________________________;desc=Human coronavirus NL63;
acc=MN306053.1;hits=1;len=31332;depth=0.00115;pctid=88.9;tax=31631;cov=0.0312;coverage=________._______________________;desc=Human coronavirus OC43;
acc=DQ011855.1;hits=1;len=30988;depth=0.00116;pctid=100.0;tax=42005;cov=0.0312;coverage=___.____________________________;desc=Porcine hemagglutinating encephalomyelitis virus;
acc=NC_001959;hits=1;desc=?;
acc=NC_001460;hits=1;desc=?;
acc=KY799582.1;hits=1;len=28134;depth=0.00128;pctid=88.9;tax=11120;cov=0.0312;coverage=_______.________________________;desc=Infectious bronchitis virus;
acc=HQ728484.1;hits=1;len=15570;depth=0.00231;pctid=94.4;tax=983926;cov=0.0312;coverage=________________._______________;desc=Miniopterus bat coronavirus/Kenya/KY27/2006;
acc=MG987421.1;hits=1;len=30992;depth=0.00116;pctid=97.2;tax=1335626;cov=0.0312;coverage=_____________________.__________;desc=Middle East respiratory syndrome-related coronavirus;
acc=FJ938053.1;hits=1;len=29765;depth=0.00121;pctid=88.9;tax=454955;cov=0.0312;coverage=________._______________________;desc=Feline coronavirus UU7;
acc=LC364344.1;hits=1;len=26591;depth=0.00135;pctid=91.7;tax=2078583;cov=0.0312;coverage=______________________________._;desc=Pigeon coronavirus UAE-HKU29;
acc=KY370045.1;hits=1;len=29684;depth=0.00121;pctid=100.0;tax=2050018;cov=0.0312;coverage=________._______________________;desc=Rodent coronavirus;
