score=38;
pancovpct=56.2;
maxcov1kpct=56.2;
unmapped=0;
mapped=2821;
mapped_reverse=0;
mapped_reverse_pct=0.00;
mean_aln_length=76;
max_aln_length=76;
acc=pan_genome;hits=1903;len=30000;depth=4.82;pctid=94.7;tax=?;cov=0.5625;coverage=O_....__._._.__._._._..._._.._._;desc=Pan-genome;
acc=NC_001405;hits=986;desc=?;
acc=NC_001461;hits=575;desc=?;
acc=NC_003391;hits=381;desc=?;
acc=NC_001731;hits=290;desc=?;
acc=NC_001596;hits=92;desc=?;
acc=NC_017825;hits=57;desc=?;
acc=NC_026809;hits=50;desc=?;
acc=NC_003310;hits=44;desc=?;
acc=NC_007653;hits=39;desc=?;
acc=NC_027016;hits=31;desc=?;
acc=NC_001885;hits=30;desc=?;
acc=NC_014474;hits=29;desc=?;
acc=NC_001798;hits=29;desc=?;
acc=NC_014372;hits=26;desc=?;
acc=NC_004455;hits=18;desc=?;
acc=NC_001806;hits=13;desc=?;
acc=NC_001436;hits=13;desc=?;
acc=NC_016993.1;hits=12;len=27134;depth=0.0336;pctid=98.7;tax=1159903;cov=0.0312;coverage=______________________O_________;desc=Magpie-robin coronavirus HKU18;
acc=NC_038496;hits=12;desc=?;
acc=NC_013804;hits=9;desc=?;
acc=NC_007605;hits=8;desc=?;
acc=NC_004105;hits=8;desc=?;
acc=NC_000858;hits=6;desc=?;
acc=NC_003266;hits=4;desc=?;
acc=MK204393.1;hits=4;len=29591;depth=0.0103;pctid=98.4;tax=694014;cov=0.0312;coverage=_____O__________________________;desc=Avian coronavirus;
acc=NC_001531;hits=4;desc=?;
acc=NC_015692;hits=3;desc=?;
acc=NC_003494;hits=2;desc=?;
acc=NC_003663;hits=2;desc=?;
acc=MG021194.1;hits=2;len=28012;depth=0.00543;pctid=96.1;tax=11120;cov=0.0625;coverage=___________________._.__________;desc=Infectious bronchitis virus;
acc=NC_001549;hits=2;desc=?;
acc=NC_029645;hits=2;desc=?;
acc=NC_012959;hits=2;desc=?;
acc=NC_001460;hits=1;desc=?;
acc=MK581205.1;hits=1;len=28309;depth=0.00268;pctid=89.5;tax=11120;cov=0.0312;coverage=_________________________.______;desc=Infectious bronchitis virus;
acc=KF294380.2;hits=1;len=29243;depth=0.0026;pctid=93.4;tax=1508224;cov=0.0312;coverage=______________________________._;desc=Lucheng Rn rat coronavirus;
acc=NC_002076;hits=1;desc=?;
acc=NC_044047;hits=1;desc=?;
acc=MF176212.1;hits=1;len=3575;depth=0.0213;pctid=97.4;tax=11120;cov=0.0312;coverage=______________________________._;desc=Infectious bronchitis virus;
acc=KJ473813.1;hits=1;len=29953;depth=0.00254;pctid=96.1;tax=1503300;cov=0.0312;coverage=__________._____________________;desc=BtRf-BetaCoV/SX2013;
acc=NC_001542;hits=1;desc=?;
acc=KP780179.1;hits=1;len=27860;depth=0.00273;pctid=90.8;tax=11120;cov=0.0312;coverage=________._______________________;desc=Infectious bronchitis virus;
acc=EU022525.1;hits=1;len=28234;depth=0.00269;pctid=80.3;tax=11152;cov=0.0312;coverage=___.____________________________;desc=Turkey coronavirus;
acc=NC_028833.1;hits=1;len=28247;depth=0.00269;pctid=98.7;tax=1503291;cov=0.0312;coverage=__._____________________________;desc=BtNv-AlphaCoV/SC2013;
acc=CS480537.1;hits=1;len=38604;depth=0.00197;pctid=97.4;tax=694009;cov=0.0312;coverage=______________________________._;desc=Severe acute respiratory syndrome-related coronavirus;
acc=AF207902.1;hits=1;len=31799;depth=0.00239;pctid=90.8;tax=123595;cov=0.0312;coverage=___.____________________________;desc=Murine hepatitis virus strain ML-11;
acc=KU556806.1;hits=1;len=28087;depth=0.00271;pctid=97.4;tax=11120;cov=0.0312;coverage=___.____________________________;desc=Infectious bronchitis virus;
acc=KX185057.1;hits=1;len=28266;depth=0.00269;pctid=86.8;tax=11120;cov=0.0312;coverage=____.___________________________;desc=Infectious bronchitis virus;
acc=MN187553.1;hits=1;len=14855;depth=0.00512;pctid=98.7;tax=2604656;cov=0.0312;coverage=___________________________.____;desc=Betacoronavirus BtCoV22/29;
acc=JN183883.1;hits=1;len=29710;depth=0.00256;pctid=96.1;tax=1052158;cov=0.0312;coverage=____________________________.___;desc=Feline coronavirus UU54;
acc=KY419109.1;hits=1;len=30405;depth=0.0025;pctid=84.2;tax=42005;cov=0.0312;coverage=___________________________.____;desc=Porcine hemagglutinating encephalomyelitis virus;
acc=NC_045762;hits=1;desc=?;
acc=AJ575394.1;hits=1;len=437;depth=0.174;pctid=90.8;tax=11120;cov=0.0312;coverage=____________________.___________;desc=Infectious bronchitis virus;
acc=MK423876.1;hits=1;len=28116;depth=0.0027;pctid=92.1;tax=258781;cov=0.0312;coverage=._______________________________;desc=Pheasant coronavirus;
acc=NC_039477;hits=1;desc=?;
acc=MF948005.1;hits=1;len=25847;depth=0.00294;pctid=92.1;tax=1586324;cov=0.0312;coverage=._______________________________;desc=Porcine deltacoronavirus;
acc=MF133456.1;hits=1;len=332;depth=0.229;pctid=96.1;tax=1335626;cov=0.0312;coverage=_________________________.______;desc=Middle East respiratory syndrome-related coronavirus;
acc=KY967725.1;hits=1;len=26477;depth=0.00287;pctid=82.9;tax=1508228;cov=0.0312;coverage=_______________________.________;desc=Wencheng Sm shrew coronavirus;
acc=KF530124.1;hits=1;len=29480;depth=0.00258;pctid=93.4;tax=12663;cov=0.0312;coverage=____________________________.___;desc=Feline coronavirus;
acc=KY967723.1;hits=1;len=26436;depth=0.00287;pctid=90.8;tax=1508228;cov=0.0312;coverage=_______________.________________;desc=Wencheng Sm shrew coronavirus;
acc=NC_026818;hits=1;desc=?;
acc=MK787430.1;hits=1;len=482;depth=0.158;pctid=86.8;tax=11128;cov=0.0312;coverage=_.______________________________;desc=Bovine coronavirus;
acc=NC_007014;hits=1;desc=?;
acc=AF481863.1;hits=1;len=8259;depth=0.0092;pctid=85.5;tax=42005;cov=0.0312;coverage=___________________.____________;desc=Porcine hemagglutinating encephalomyelitis virus;
acc=JB181528.1;hits=1;len=4856;depth=0.0157;pctid=97.4;tax=11120;cov=0.0312;coverage=_________________________.______;desc=Infectious bronchitis virus;
acc=AY307020.1;hits=1;len=4518;depth=0.0168;pctid=96.1;tax=11153;cov=0.0312;coverage=__________._____________________;desc=Canine coronavirus;
acc=NC_009334;hits=1;desc=?;
acc=FV537211.1;hits=1;len=30247;depth=0.00251;pctid=77.6;tax=694009;cov=0.0312;coverage=____________.___________________;desc=Severe acute respiratory syndrome-related coronavirus;
acc=MN165107.1;hits=1;len=29775;depth=0.00255;pctid=90.8;tax=12663;cov=0.0312;coverage=_________________.______________;desc=Feline coronavirus;
