SUMZER_COMMENT=sra=SRR11822354,genome=cov3ma,date=200530-03:21;
family=AMR;score=88;pctid=97;aln=272;glb=117;panlen=1000;cvg=o....oo.................O;top=M18896.2_3000190;topaln=6;toplen=1920;topname=tetO,Campylobacter jejuni;
family=Genomoviridae;score=0;pctid=96;aln=2;glb=2;panlen=2200;cvg=_____o___________________;top=NC_030144.1;topaln=2;toplen=2384;topname=Faeces associated gemycircularvirus 16 isolate 47_Fec80064_sheep;
family=Parvoviridae;score=0;pctid=99;aln=4;glb=3;panlen=5075;cvg=______o__o_______________;top=NC_022089.1;topaln=4;toplen=3780;topname=Parvovirus NIH-CQV putative 15-kDa protein;
acc=Z21523_3000191;pctid=97.6;aln=86;glb=46;len=1974;cvgpct=48;len=1974;depth=86;cvg=oOOO...oOo__..oo_..._..._;fam=AMR;name=tetQ,Bacteroides fragilis;
acc=AF227521.1_3000616;pctid=94.6;aln=60;glb=18;len=1218;cvgpct=40;len=1218;depth=60;cvg=__.oOoo..o.__o_o..__._.._;fam=AMR;name=mel,Streptococcus pyogenes;
acc=U38243_3003001;pctid=99.4;aln=26;glb=12;len=966;cvgpct=12;len=966;depth=26;cvg=_.._.oOOOo__o_.o_.___.o._;fam=AMR;name=CfxA,Bacteroides vulgatus;
acc=KU736867.1_3004442;pctid=95.9;aln=14;glb=7;len=1920;cvgpct=8;len=1920;depth=14;cvg=_o_______O___.o____O.____;fam=AMR;name=tet(W/N/W),uncultured bacterium IN-02;
acc=X74948_3002688;pctid=98.8;aln=35;glb=17;len=492;cvgpct=8;len=492;depth=35;cvg=O.o_____.__._..._.._.____;fam=AMR;name=catS,Streptococcus pyogenes;
acc=AF251288.1_3004659;pctid=98.8;aln=10;glb=6;len=1206;cvgpct=4;len=1206;depth=10;cvg=o__________._O__o______o_;fam=AMR;name=Mef(En2),Bacteroides fragilis;
acc=AF028812_3002867;pctid=97.5;aln=2;glb=0;len=495;cvgpct=0;len=495;depth=2;cvg=o________________________;fam=AMR;name=dfrF,Enterococcus faecalis;
acc=M17124_3000498;pctid=99.6;aln=2;glb=0;len=801;cvgpct=0;len=801;depth=2;cvg=____.__._________________;fam=AMR;name=ErmF,Bacteroides fragilis;
acc=NC_008618.1_3004480;pctid=90.0;aln=2;glb=2;len=3561;cvgpct=0;len=3561;depth=2;cvg=______________________.._;fam=AMR;name=Bifidobacterium adolescentis rpoB conferring resistance to rifampicin,Bifidobacterium adolescentis;
acc=U00096_3001216;pctid=98.5;aln=2;glb=0;len=1209;cvgpct=0;len=1209;depth=2;cvg=______________o__________;fam=AMR;name=mdtH,Escherichia coli str. K-12 substr. MG1655;
acc=EU722333.1_3000196;pctid=100.0;aln=4;glb=2;len=1920;cvgpct=0;len=1920;depth=4;cvg=_______._._______o_______;fam=AMR;name=tet32,Escherichia coli;
acc=AP009048.1_3000828;pctid=95.9;aln=4;glb=2;len=723;cvgpct=0;len=723;depth=4;cvg=oo_______________________;fam=AMR;name=baeR,Escherichia coli str. K-12 substr. W3110;
acc=U00096.3_3000216;pctid=99.3;aln=2;glb=2;len=3150;cvgpct=0;len=3150;depth=2;cvg=_______________________o_;fam=AMR;name=acrB,Escherichia coli str. K-12 substr. MG1655;
acc=NC_030144.1;pctid=96.5;aln=2;glb=2;len=2384;cvgpct=0;len=2384;depth=2;cvg=_____o___________________;fam=Genomoviridae;name=Faeces associated gemycircularvirus 16 isolate 47_Fec80064_sheep;
acc=CP001840.1_3003730;pctid=90.8;aln=10;glb=0;len=3324;cvgpct=0;len=3324;depth=10;cvg=________o_.._o_o_____..__;fam=AMR;name=Bifidobacteria intrinsic ileS conferring resistance to mupirocin,Bifidobacterium bifidum PRL2010;
acc=U05883_3003559;pctid=98.4;aln=7;glb=2;len=903;cvgpct=0;len=903;depth=7;cvg=.___o_________._.____o___;fam=AMR;name=cepA beta-lactamase,Bacteroides fragilis;
acc=M18896.2_3000190;pctid=98.3;aln=6;glb=1;len=1920;cvgpct=0;len=1920;depth=6;cvg=______o______._.___o_____;fam=AMR;name=tetO,Campylobacter jejuni;
acc=NC_022089.1;pctid=99.1;aln=4;glb=3;len=3780;cvgpct=0;len=3780;depth=4;cvg=_________o___o___________;fam=Parvoviridae;name=Parvovirus NIH-CQV putative 15-kDa protein;
>Other.1
GCTTAATCCAAATGAATATTATAAATTTAGGAATTCTTGCTCACATTGATGCAGGAAAAACTTCCGTAACCGAGAATCTGCTGTTTGCCAGTGGAGCAACGGAAAAGTGCGGCCGTGTGGATAATGGTGACACCATAACGGACTCTATGG
>Other.2
GAAGATGAACCGAAGCTGGGGCAGTTGCTCATTGATTATCTGCGTGCTGCGAGCTATGCGCCAACGTTGATTAGCCACGGCGATCAGGTACTGCCATATGTGCGCCAGACACCACCGGATCTGATCCTGTTGGATCTGATGCTCCCCGGC
>Other.3
GCNGTTTGCCAGTGGAGCAACGGAAAAGTGCGGCCGTGTGGATAATGGTGACACCATAACGGACTCTATGGATATAGAGAAACGTAGAGGAATTACTGTCCGGGCTTCTACGACATCTATTATCTGGAATGGACCAAACACACCCAACAC
>Other.4
TGGATAATGGTGACACCATAACGGACTCTATGGATATAGAGAAACGTAGAGGAATTACTGTCCGGGCTTCTACGACATCTATTATCTGGAATGGAGTGAAATGCAATATCATTGACACTCCGGGACACATGGATTTTATTGCGGAAGTGG
>Other.5
GTCTTTGGACCAGCCATTGGTGTATTAGTGGATCGTCATGATAGGAAGAAGATAATGATTGGTGCTGATTTAATTATCGCAGCAGCTGGGGCCGTGCTAGCTATTGTTGCATTG
>Other.6
GCCCAATTGGGTACTGGCACCCCTTACATGAAAGGTCTTTCCGAGAATATAACCATCAGCACTACTGGCGCAGCCCCTTGGCAGTGGAGACGCATNTGTT
>Other.7
CATTCTTCAAGTTATCTACCCAGAATACTACAACAAGAACGTGGAGAACNGATTCTTCGATCGTTATCTTGACGGTCAACACTCCCACGTGCTTCTACAAGATGTCGACCATAATGTCATGGATAATTTGGGCGTTCAATTCTTTAAGAG
>Other.8
GAATNATAGGAAAACCAGATGTACCCGAAAATGTTTTTAATGTATCGATGATACCATGGTCAACCTTCGATGGCTTTAATCTGAATTTGCAGAAAGGATATGATTATTTGATTCCTATTTTTACGATGGGGAAATATTACAGAGATGATG
>Other.9
AAAGACTTGGAGTCCTATGCTGAAAGATTATTCAGGGCCAGTCATATCATTGACAGTGAGAGATTTGCTGCGTTATACTCTTACTCAGAGTGACAACAATGCAAGCAACCTTATGTTTAAGGATATGGTTAATGTCGCTCAAACAGATAG
>Other.10
GGTTAAGAGCAGATAACTATGTACCCAATAAAGGAATGACAATCCATGGATATGAGTGGTTTGGACCTGGTAATGAAATAACCTACAACCCAGCAAGGAACCAAGTGGATCAAGATGGAAAAGATCATGACC
>Other.11
GTCAGTCTTTGCAGTCTATAAGCTATATTGTTAGTCCGGCGGTTGCAGCACTTTTATACTCCGTTTGGGAACTAAATGCTATTATTGCCATCGATGTATTGGGAGCTGTGATTGCATCTATTACGGTAGCAATTGTACGTATTCCTAAGC
>Other.12
GGTTGATGTCGCTCAAACAGATAGTTTTATAGCCACACTCATTCCTCGTTCAAGTTTTCAGATAGCTTATACGGAAGAGGAAATGTCGGCTGACCATAACAAGGCTTACTCTAACTATACA
>Other.13
ACTCCGTTTGGGAACTAAATGCTATTATTGCCATCGATGTATTGGGTGCTGTGATTGCATCTATTACGGTAGCAATTGTACGTATTCCTAAGCTAGGTGATCAAGTGCAAAGTTTGAAACCAAATTTCATAAGAGAAACGAACCAAACAC
>Other.14
TAATTATGGGAAACGATGAACTATTAGAGAAATATATGTCAGGGAAACCGTTTAAAATGTCAGAACTGGAACAGGAAGAAAACAGGAGATTCCAAAACGGAACGTTATTTCCCGTTTATCACGGAAGCGCTAAAAACAATCTGGGGATTC
>Other.15
GGAATTACAATATGAAAAGTGCAAAAGAACCAGATGCTGCTCTTTGTTTCCTGTTTATCATGGGAGTGCAAAAGACAATTTAGGAACAGAAAAACTGATTGAAGCGATTATAGAAACTTTCATTACAGAAACGGACGATATTCAGTCTGA
>Other.16
TACAATGGGCATTTTGCCTTTATTCGTATGCTTTACGCTGGTGACTTTTGTCCTTATGCCTGTTTTTACGTGATTTCCTTTTATGACGCTTCTGCATTTCAACGGAAACATTCTGCAAATGGGAGTTGTGGAAATGGGTTGGGGCTCAGG
>Other.17
ACCGGCTGATTATTGGAATACGATAATCGCTCTTGTGGCAAAAGCCAAAGTCTATCCGGTGCTACATGGATCAGCAATGTTCAATATCGGTATCAATGAGTTGTTGGACGCCATTTCTTCTTTTATNCTTCATCCTGCACCAAACACACC
>Other.18
TGAAGCGATTATAGAAACTTTCATTACAGAAACGGACGATATTCAGTCTGAATTATGTGGATATGTTTTTAAGGTTGAGTATACAGAGCGGAAAAAACGGCTTTCTTATTTACGCCTGTATCATGGGACGCTCCATTTACGGGATACCCT
>Other.19
AATGGCACACCGATGCATATTTCTATTGCGGAGATTGCTTATGCCTCTGGTATGTTGATAGGGGGTCTATTATTAGGGTTATTTGGGAATTACCTAAAGCGAATCTTATTAATAACGGCATCAATTTTTATGATGGGGATAAGCTTAACC
>Other.20
GTATAGCCGTCTTCGTGAAAGATTCCGAAGCAGATAACAGAGAAAACAGTGAGATTATCGCAGAAATTTCGCGCATCGTTTACGAATACGTAACGCAACAGATAGATTAACGCAAAGATATCAAAGAATACAACCAAACACACCCAACAC
>Other.21
TGCCTGTAAGGCTTTGAAAAGCAAGCAAACATTAGTGATGCATACGGCTTATGTGATATTGGGATTGTATCTGATTAGCGCCAGTTATTTACCATCAAGCGCATTTATAGGTTTTGTTTGCCTAACGTTTACAGGAGGCATAGCCTATTC
>Other.22
ATCTTATTAATAACGGCATCAATTTTTATGATGGGGATAAGCTTAACCATTTCAGGATTACTTCCTCAAAGTGATTAATGGATTATTTGCTTTATTACTCGTTGGAACATTATATATGTTTGTTTATATGCCCATAAATGCATTATATCC
>Other.23
ATCACAAGCGTCGCAATATGTTGCGCATATATCAGCTGTAGTATATTCTTTATTAATGCAAACTTCAGTAAAATCTTAAACTGCACTTGCTTTGATAATTAATGATTAGTAATCTAAAAGCACTCTAATCGTTATCGGAGTGCTTTTAGA
>Other.24
CTGTAGTATATTCTTTATTAATGCAAACTTCAGTAAAATCTTAAACTGCACTTGCTTTGATAATTAACGATTAGTAATCTAAAAGCACTCTAATCGTTATCGGAGTGCTTTTAGATTACTAATCAAATTGCTTCTATTATAATTTGAATC
>Other.25
CCCGAAGTACCCGCGCGTCGACGTGTACGGTTCGTTGGAGGAGCTCAAGGCCGACTTCGGCGACTACCCGCGCGACAAGGACGGCAACGTCAACATGCACCGTCCGTGGATCGACAACCTCACGCGCGTCAACCCGGACGACCCAACCGC
