SUMZER_COMMENT=sra=SRR6846448,genome=cov3ma,date=200530-03:31;
family=Circoviridae;score=100;pctid=89;aln=1892;glb=234;panlen=1866;cvg=........................O;top=NC_040362.1;topaln=168;toplen=2218;topname=Meles meles circovirus-like virus;
family=AMR;score=100;pctid=94;aln=6155;glb=684;panlen=1000;cvg=Ooo..o....oooo...o......O;top=AJ514254_3000197;topaln=427;toplen=1923;topname=tet36,Bacteroides coprosuis DSM 18011;
family=Picornaviridae;score=92;pctid=89;aln=475;glb=57;panlen=7591;cvg=...o..OoooO...oOOOOOOOOoO;top=NC_001918.1;topaln=197;toplen=8251;topname=Aichi virus;
family=Parvoviridae;score=92;pctid=93;aln=620;glb=112;panlen=5075;cvg=...........oOOOoOOOo...._;top=NC_012042.1;topaln=272;toplen=5196;topname=Human bocavirus 2c PK isolate PK-5510;
family=Genomoviridae;score=92;pctid=90;aln=234;glb=14;panlen=2200;cvg=oo.....oo...o....O...oo..;top=NC_033270.1;topaln=83;toplen=2143;topname=Chicken stool-associated gemycircularvirus strain RS/BR/2015;
family=Astroviridae;score=88;pctid=93;aln=292;glb=63;panlen=6450;cvg=..O.o.oOOOooo...ooo.OOo__;top=NC_011400.1;topaln=182;toplen=6171;topname=Astrovirus MLB1;
family=Unknown;score=72;pctid=93;aln=1425;glb=263;panlen=4668;cvg=OOOOOOOOooOOOOo...______.;top=NC_035475.1;topaln=189;toplen=2585;topname=Hudisavirus sp. isolate P22;
family=Smacoviridae;score=64;pctid=88;aln=105;glb=10;panlen=2571;cvg=.O.__...o.._......oOo..__;top=NC_023887.1;topaln=4;toplen=2479;topname=Turkey associated porprismacovirus 1;
family=Adenoviridae;score=52;pctid=88;aln=174;glb=19;panlen=33501;cvg=.Oo_..____..oo.____o..o.O;top=NC_001454.1;topaln=164;toplen=34214;topname=Human adenovirus F;
family=Polyomaviridae;score=36;pctid=91;aln=56;glb=7;panlen=5112;cvg=_OOOOoO_.Oo.________o._._;top=NC_001699.1;topaln=14;toplen=5130;topname=JC polyomavirus;
family=Herpesviridae;score=8;pctid=88;aln=12;glb=0;panlen=148687;cvg=_O_____________.oO______.;top=NC_026421.1;topaln=2;toplen=182380;topname=Equid herpesvirus 5 strain 2-141/67;
family=Poxviridae;score=4;pctid=89;aln=5;glb=0;panlen=181133;cvg=_Oo______________________;top=NC_004003.1;topaln=3;toplen=149599;topname=Goatpox virus Pellor;
family=Alloherpesviridae;score=4;pctid=97;aln=85;glb=0;panlen=207914;cvg=________________________O;top=NC_013668.3;topaln=85;toplen=248526;topname=Anguillid herpesvirus 1;
family=Coronaviridae;score=4;pctid=92;aln=10;glb=0;panlen=30000;cvg=_____________________O___;top=AF193788.1;topaln=10;toplen=25865;topname=Avian infectious bronchitis virus nucleocapsid protein (N) gene, complete sequence;
family=Caliciviridae;score=0;pctid=82;aln=2;glb=0;panlen=7531;cvg=________________o________;top=NC_039476.1;topaln=2;toplen=7536;topname=Norovirus GII.2 strain Env/CHN/2016/GII.P16-GII.2/BJSMQ;
family=Iridoviridae;score=0;pctid=95;aln=2;glb=0;panlen=113436;cvg=_______o_________________;top=NC_030394.2;topaln=2;toplen=126965;topname=Short-finned eel ranavirus isolate ANGA14001;
family=Anelloviridae;score=0;pctid=94;aln=6;glb=2;panlen=2878;cvg=_________.._._...________;top=NC_018401.1;topaln=4;toplen=2034;topname=Gyrovirus 4;
family=Papillomaviridae;score=0;pctid=88;aln=4;glb=0;panlen=7583;cvg=_o__o____________________;top=NC_001457.1;topaln=4;toplen=7353;topname=Human papillomavirus type 4;
acc=AJ514254_3000197;pctid=89.1;aln=427;glb=37;len=1923;cvgpct=100;len=1923;depth=427;cvg=o.o...o..O.oOOoOO.OO...o.;fam=AMR;name=tet36,Bacteroides coprosuis DSM 18011;
acc=M17124_3000498;pctid=95.1;aln=305;glb=41;len=801;cvgpct=96;len=801;depth=305;cvg=o..Oo.oooo.............._;fam=AMR;name=ErmF,Bacteroides fragilis;
acc=M72415.1_3004683;pctid=95.6;aln=425;glb=62;len=864;cvgpct=96;len=864;depth=425;cvg=O..o...o.....o.........._;fam=AMR;name=aadS,Transposon Tn4551;
acc=NC_040306.1;pctid=94.4;aln=920;glb=212;len=2928;cvgpct=96;len=2928;depth=920;cvg=ooOOOOOOoOOOoOoo..Oooooo.;fam=Unknown;name=Human feces pecovirus strain PeCV-NI;
acc=AY743590_3000566;pctid=96.5;aln=1266;glb=138;len=1188;cvgpct=96;len=1188;depth=1.27e+03;cvg=Oo..o...oOoo..o........._;fam=AMR;name=tet(39),Acinetobacter sp. LUH5605;
acc=EU294228.1_3003109;pctid=94.1;aln=982;glb=175;len=1476;cvgpct=92;len=1476;depth=982;cvg=o....oooOoooooooO......._;fam=AMR;name=msrE,Acinetobacter baumannii;
acc=AB571865.1_3003745;pctid=95.2;aln=240;glb=26;len=1224;cvgpct=88;len=1224;depth=240;cvg=o._.....o.....oOOoooo..._;fam=AMR;name=mefC,Photobacterium damselae subsp. damselae;
acc=Z21523_3000191;pctid=94.3;aln=192;glb=28;len=1974;cvgpct=84;len=1974;depth=192;cvg=OOo.o.ooooOoOoOo......o._;fam=AMR;name=tetQ,Bacteroides fragilis;
acc=NC_011400.1;pctid=92.4;aln=182;glb=37;len=6171;cvgpct=84;len=6171;depth=182;cvg=o.OoOo.OOOOoOo...OOo.ooo.;fam=Astroviridae;name=Astrovirus MLB1;
acc=DQ839391.1_3003741;pctid=96.8;aln=160;glb=15;len=885;cvgpct=76;len=885;depth=160;cvg=OO.oOOOOoOOo__.Oo..ooO...;fam=AMR;name=mphE,uncultured bacterium;
acc=NC_001918.1;pctid=88.3;aln=197;glb=19;len=8251;cvgpct=76;len=8251;depth=197;cvg=.._......o._..OOooOOo.O._;fam=Picornaviridae;name=Aichi virus;
acc=KP265721.1_3004608;pctid=94.7;aln=139;glb=21;len=1227;cvgpct=76;len=1227;depth=139;cvg=O___OO..OOO.o.oOoooooOoo_;fam=AMR;name=EreD,Riemerella anatipestifer;
acc=AF227521.1_3000616;pctid=89.3;aln=173;glb=8;len=1218;cvgpct=76;len=1218;depth=173;cvg=O...O.o..oo.o......_...._;fam=AMR;name=mel,Streptococcus pyogenes;
acc=NC_040316.1;pctid=90.5;aln=147;glb=20;len=3173;cvgpct=64;len=3173;depth=147;cvg=..._o..._____oOOoooOOoo.o;fam=Unknown;name=Chicken stool associated circular virus 1 strain RS/BR/2015/1R;
acc=NC_012042.1;pctid=91.5;aln=272;glb=48;len=5196;cvgpct=64;len=5196;depth=272;cvg=__.oo..___.oOOo.OOO....__;fam=Parvoviridae;name=Human bocavirus 2c PK isolate PK-5510;
acc=FJ825622_3002376;pctid=95.7;aln=87;glb=12;len=900;cvgpct=60;len=900;depth=87;cvg=O.._.....o.oo.Oo_.o.o..._;fam=AMR;name=VEB-7,Acinetobacter baumannii;
acc=NC_035475.1;pctid=85.9;aln=189;glb=9;len=2585;cvgpct=60;len=2585;depth=189;cvg=O.ooo._.Ooo.o..__._.__.O_;fam=Unknown;name=Hudisavirus sp. isolate P22;
acc=NC_035212.1;pctid=90.6;aln=1315;glb=223;len=3925;cvgpct=56;len=3925;depth=1.32e+03;cvg=_____........OOOo.....__.;fam=Circoviridae;name=Human fecal virus Jorvi2;
acc=NC_040315.1;pctid=91.6;aln=162;glb=21;len=3161;cvgpct=52;len=3161;depth=162;cvg=O_o.OO.o....__oOo.o.__...;fam=Unknown;name=Chicken stool associated circular virus 2 strain RS/BR/2015/1R;
acc=M18896.2_3000190;pctid=95.5;aln=139;glb=21;len=1920;cvgpct=52;len=1920;depth=139;cvg=oOOoOoOooo..__.___.____..;fam=AMR;name=tetO,Campylobacter jejuni;
acc=NC_033270.1;pctid=87.3;aln=83;glb=6;len=2143;cvgpct=52;len=2143;depth=83;cvg=Oo..oOooOoo.o...__._o.___;fam=Genomoviridae;name=Chicken stool-associated gemycircularvirus strain RS/BR/2015;
acc=NC_012986.1;pctid=90.5;aln=138;glb=22;len=7989;cvgpct=48;len=7989;depth=138;cvg=.__o.__...o._OOo.OO.OO___;fam=Picornaviridae;name=Salivirus A isolate 02394-01;
acc=NC_001454.1;pctid=87.9;aln=164;glb=19;len=34214;cvgpct=48;len=34214;depth=164;cvg=.Oo_._____..oo.___.oo.o.O;fam=Adenoviridae;name=Human adenovirus F;
acc=U38243_3003001;pctid=96.6;aln=80;glb=1;len=966;cvgpct=44;len=966;depth=80;cvg=O.__._._.._..._...o.Oo.O_;fam=AMR;name=CfxA,Bacteroides vulgatus;
acc=AM990992.1_3000186;pctid=94.3;aln=67;glb=5;len=1920;cvgpct=40;len=1920;depth=67;cvg=_OOoOOO..._..o_oO.O...___;fam=AMR;name=tetM,Staphylococcus aureus subsp. aureus ST398;
acc=CP000864.1_3001611;pctid=98.0;aln=79;glb=2;len=843;cvgpct=40;len=843;depth=79;cvg=Oo..______..._._.ooOoOOo.;fam=AMR;name=OXA-58,Acinetobacter baumannii ACICU;
acc=AB571865.1_3003742;pctid=95.7;aln=80;glb=4;len=885;cvgpct=40;len=885;depth=80;cvg=O...._..._____.___o.o.o._;fam=AMR;name=mphG,Photobacterium damselae subsp. damselae;
acc=NC_016155.1;pctid=95.4;aln=103;glb=24;len=6119;cvgpct=36;len=6119;depth=103;cvg=..o..__OOO..O..__o._.OOo_;fam=Astroviridae;name=Astrovirus MLB2;
acc=NC_012564.1;pctid=95.4;aln=123;glb=26;len=5242;cvgpct=36;len=5242;depth=123;cvg=________._oOOOO.o......__;fam=Parvoviridae;name=Human bocavirus 3;
acc=NC_001538.1;pctid=92.8;aln=40;glb=7;len=5153;cvgpct=32;len=5153;depth=40;cvg=_OoOOOO__Oo.________O____;fam=Polyomaviridae;name=BK polyomavirus;
acc=NC_012729.2;pctid=92.6;aln=57;glb=9;len=5104;cvgpct=32;len=5104;depth=57;cvg=____.._______O._O.OoO____;fam=Parvoviridae;name=Human bocavirus 4 NI strain HBoV4-NI-385;
acc=NC_001539.1;pctid=95.4;aln=48;glb=9;len=5323;cvgpct=32;len=5323;depth=48;cvg=_Oo.__oo..___OOOO________;fam=Parvoviridae;name=Canine parvovirus;
acc=NC_026818.1;pctid=95.3;aln=48;glb=8;len=2199;cvgpct=28;len=2199;depth=48;cvg=OO_____._..__...__.ooooo_;fam=Genomoviridae;name=Gemycircularvirus SL1;
acc=NC_026318.1;pctid=89.0;aln=41;glb=6;len=2529;cvgpct=28;len=2529;depth=41;cvg=.O_____o._______..OoOoo__;fam=Smacoviridae;name=Human associated porprismacovirus 2 isolate SF2;
acc=AJ698325.1_3003203;pctid=85.8;aln=32;glb=1;len=915;cvgpct=28;len=915;depth=32;cvg=____.O___O.Oo.O__.OOO____;fam=AMR;name=TLA-2,uncultured bacterium;
acc=NC_012957.1;pctid=89.6;aln=61;glb=7;len=7982;cvgpct=28;len=7982;depth=61;cvg=___..oO.....___..o_...o._;fam=Picornaviridae;name=Salivirus NG-J1;
acc=NC_038417.1;pctid=85.3;aln=89;glb=0;len=1795;cvgpct=28;len=1795;depth=89;cvg=__oOO._._.o._____________;fam=Circoviridae;name=Cyclovirus NG14;
acc=JN086160_3001777;pctid=96.7;aln=38;glb=9;len=825;cvgpct=24;len=825;depth=38;cvg=_O._o..ooo.o.___....__.__;fam=AMR;name=OXA-347,uncultured bacterium;
acc=FLXA01000011.1_3004691;pctid=96.1;aln=46;glb=0;len=1626;cvgpct=24;len=1626;depth=46;cvg=Oooo._______.__.._.....Oo;fam=AMR;name=MCR-3.4,Klebsiella pneumoniae;
acc=EU722333.1_3000196;pctid=93.2;aln=28;glb=5;len=1920;cvgpct=24;len=1920;depth=28;cvg=_____ooooooO.._.__.___.__;fam=AMR;name=tet32,Escherichia coli;
acc=NC_039215.1;pctid=93.7;aln=50;glb=5;len=1856;cvgpct=24;len=1856;depth=50;cvg=Oo.O..._..oo.._...o_._...;fam=Circoviridae;name=Cyclovirus VN isolate hcf2;
acc=M37699_3000205;pctid=96.1;aln=43;glb=1;len=1167;cvgpct=24;len=1167;depth=43;cvg=__.____o_..o__.._._ooO_._;fam=AMR;name=tetX,Bacteroides fragilis;
acc=GQ342996_3003097;pctid=94.5;aln=44;glb=7;len=996;cvgpct=20;len=996;depth=44;cvg=O....._____.O_..Oo..o__._;fam=AMR;name=CfxA6,uncultured organism;
acc=NZ_CP014234.1_3004569;pctid=92.5;aln=46;glb=2;len=1677;cvgpct=20;len=1677;depth=46;cvg=oO..._____________..._oo_;fam=AMR;name=ICR-Mo,Moraxella osloensis;
acc=AM040708.1_3004704;pctid=96.1;aln=41;glb=6;len=792;cvgpct=20;len=792;depth=41;cvg=Oo_..__..o.O____.__o.__._;fam=AMR;name=aadA8b,Escherichia coli;
acc=U59183_3001408;pctid=95.2;aln=31;glb=2;len=801;cvgpct=20;len=801;depth=31;cvg=O._.__oO_..O_oO__o_.O.___;fam=AMR;name=OXA-13,Pseudomonas aeruginosa;
acc=AY183453.1_3000361;pctid=95.0;aln=48;glb=6;len=1221;cvgpct=20;len=1221;depth=48;cvg=Oo.o..__...._._.._...____;fam=AMR;name=EreA,Escherichia coli;
acc=AY769962_3000781;pctid=84.2;aln=78;glb=1;len=3177;cvgpct=20;len=3177;depth=78;cvg=_.________._____......O._;fam=AMR;name=adeJ,Acinetobacter baumannii;
acc=NC_038395.1;pctid=85.1;aln=48;glb=0;len=1818;cvgpct=16;len=1818;depth=48;cvg=oOOo____...______________;fam=Circoviridae;name=Bat associated cyclovirus 4 isolate YN-BtCV-5;
acc=L20800_3000180;pctid=88.5;aln=24;glb=1;len=1263;cvgpct=16;len=1263;depth=24;cvg=OO_.__..oo.oo____________;fam=AMR;name=tetA(P),Clostridium perfringens;
acc=NC_021568.1;pctid=88.0;aln=29;glb=0;len=1832;cvgpct=16;len=1832;depth=29;cvg=Oo.Oo.OOooo___________.._;fam=Circoviridae;name=Human cyclovirus VS5700009;
acc=JN596991_3001806;pctid=97.0;aln=29;glb=1;len=831;cvgpct=16;len=831;depth=29;cvg=.__O._.__ooo.OO._O_oo____;fam=AMR;name=OXA-224,Pseudomonas aeruginosa;
acc=AF242872.1_3000375;pctid=97.1;aln=38;glb=1;len=747;cvgpct=16;len=747;depth=38;cvg=Oo___..__..__o...._______;fam=AMR;name=ErmB,Enterococcus faecium Partial;
acc=NC_035474.1;pctid=85.9;aln=24;glb=2;len=2560;cvgpct=16;len=2560;depth=24;cvg=_OO___.._____o.O_.Oo.____;fam=Smacoviridae;name=Human feces smacovirus 3 isolate P21;
acc=HQ631376_3002795;pctid=96.5;aln=31;glb=0;len=657;cvgpct=16;len=657;depth=31;cvg=._______.___o._o..O.o..._;fam=AMR;name=QnrS6,Aeromonas hydrophila;
acc=NC_024694.1;pctid=88.4;aln=21;glb=1;len=2836;cvgpct=16;len=2836;depth=21;cvg=________o__o_o__OO_OO____;fam=Circoviridae;name=Human circovirus VS6600022;
acc=NC_040362.1;pctid=80.8;aln=168;glb=2;len=2218;cvgpct=16;len=2218;depth=168;cvg=________..OOo.____.______;fam=Circoviridae;name=Meles meles circovirus-like virus;
acc=AF453998_3002598;pctid=94.6;aln=13;glb=1;len=1392;cvgpct=12;len=1392;depth=13;cvg=O_____________O_.__O_o___;fam=AMR;name=ANT(3'')-Ii-AAC(6')-IId fusion protein,Serratia marcescens;
acc=NC_023877.1;pctid=89.5;aln=25;glb=2;len=2980;cvgpct=12;len=2980;depth=25;cvg=_______._.O.OO_._________;fam=Circoviridae;name=Porcine stool-associated circular virus 4 isolate CP2;
acc=NC_025114.1;pctid=87.5;aln=21;glb=1;len=7998;cvgpct=12;len=7998;depth=21;cvg=___ooo.__OO______________;fam=Picornaviridae;name=Salivirus FHB;
acc=AF251288.1_3004659;pctid=95.7;aln=21;glb=2;len=1206;cvgpct=12;len=1206;depth=21;cvg=O.._.____.O..__Oo________;fam=AMR;name=Mef(En2),Bacteroides fragilis;
acc=FJ460181_3002617;pctid=96.1;aln=24;glb=4;len=792;cvgpct=12;len=792;depth=24;cvg=_________..._o.o_..oo.O__;fam=AMR;name=aadA17,Aeromonas media;
acc=JF969163_3000410;pctid=93.6;aln=24;glb=0;len=840;cvgpct=12;len=840;depth=24;cvg=O.o.o..___.___.._________;fam=AMR;name=sul1,Vibrio fluvialis;
acc=NC_039050.1;pctid=91.2;aln=22;glb=4;len=4456;cvgpct=12;len=4456;depth=22;cvg=____________oOOoO________;fam=Parvoviridae;name=Cutavirus strain BR-337 NS1;
acc=M35190.1_3004454;pctid=94.4;aln=14;glb=2;len=624;cvgpct=12;len=624;depth=14;cvg=Oo__O__.__.__O___________;fam=AMR;name=Campylobacter coli chloramphenicol acetyltransferase,Campylobacter coli;
acc=JF795487_3001487;pctid=94.0;aln=24;glb=1;len=828;cvgpct=12;len=828;depth=24;cvg=O._.__o__.O_.____._______;fam=AMR;name=OXA-210,Pseudomonas aeruginosa;
acc=NC_039235.1;pctid=86.2;aln=22;glb=4;len=9560;cvgpct=12;len=9560;depth=22;cvg=_____oo.O______o__..O..__;fam=Picornaviridae;name=Chicken megrivirus strain chicken/B21-CHV/2012/HUN;
acc=X03988.1_3000363;pctid=96.1;aln=28;glb=2;len=1260;cvgpct=12;len=1260;depth=28;cvg=O_.o._._.._______________;fam=AMR;name=EreB,Escherichia coli;
acc=NC_026169.1;pctid=89.5;aln=14;glb=0;len=2249;cvgpct=12;len=2249;depth=14;cvg=_____________.O______.OOo;fam=Genomoviridae;name=Sewage-associated gemycircularvirus-10a isolate BS3980;
acc=NC_038534.1;pctid=89.8;aln=6;glb=1;len=4615;cvgpct=8;len=4615;depth=6;cvg=___________________OO____;fam=Parvoviridae;name=Turkey parvovirus 260;
acc=AP009048.1_3003549;pctid=92.1;aln=16;glb=3;len=2052;cvgpct=8;len=2052;depth=16;cvg=_.o.O_O.o._._____________;fam=AMR;name=mdtO,Escherichia coli str. K-12 substr. W3110;
acc=MF598079.1_3004509;pctid=94.7;aln=19;glb=3;len=1623;cvgpct=8;len=1623;depth=19;cvg=.o_o__Oo_O.__._o.________;fam=AMR;name=MCR-3.8,Aeromonas hydrophila;
acc=NC_033275.1;pctid=89.8;aln=10;glb=1;len=2464;cvgpct=8;len=2464;depth=10;cvg=________OO.__o___________;fam=Smacoviridae;name=Chicken associated smacovirus strain RS/BR/2015/4;
acc=NC_022800.1;pctid=94.1;aln=13;glb=2;len=5479;cvgpct=8;len=5479;depth=13;cvg=_____OO____.________..o__;fam=Parvoviridae;name=Feline bocavirus 2 isolate POR1;
acc=AF099140_3002826;pctid=98.1;aln=11;glb=1;len=1227;cvgpct=8;len=1227;depth=11;cvg=O._O___.___o_____________;fam=AMR;name=EreA2,Providencia stuartii;
acc=NC_040381.1;pctid=83.5;aln=17;glb=0;len=2046;cvgpct=8;len=2046;depth=17;cvg=.._OO___._.______________;fam=Circoviridae;name=Feline stool-associated circular virus KU14 DNA;
acc=NC_038404.1;pctid=90.9;aln=19;glb=0;len=1838;cvgpct=8;len=1838;depth=19;cvg=____________OO._oo___..__;fam=Circoviridae;name=Pacific flying fox associated cyclovirus-3 isolate Tbat_K_103923;
acc=NC_030447.1;pctid=94.9;aln=42;glb=0;len=2264;cvgpct=8;len=2264;depth=42;cvg=________________O.._.____;fam=Genomoviridae;name=Gemycircularvirus HV-GcV1;
acc=KF203107_3001521;pctid=92.8;aln=8;glb=0;len=825;cvgpct=8;len=825;depth=8;cvg=OO_______________________;fam=AMR;name=OXA-333,Acinetobacter johnsonii;
acc=NC_038538.1;pctid=83.9;aln=11;glb=1;len=5267;cvgpct=8;len=5267;depth=11;cvg=______________O__o.______;fam=Parvoviridae;name=Porcine bocavirus H18;
acc=KR091911.1_3002578;pctid=95.3;aln=20;glb=0;len=786;cvgpct=8;len=786;depth=20;cvg=O.._O.____________.____._;fam=AMR;name=AAC(6')-Ib7,Salmonella enterica subsp. enterica serovar Corvallis;
acc=AY928180_3002837;pctid=90.3;aln=26;glb=1;len=495;cvgpct=8;len=495;depth=26;cvg=___Ooo...o_o_.o__._.._.__;fam=AMR;name=lnuC,Streptococcus agalactiae;
acc=NC_038401.1;pctid=87.8;aln=19;glb=0;len=1809;cvgpct=8;len=1809;depth=19;cvg=_Oo_____.____..______.___;fam=Circoviridae;name=Bat associated cyclovirus 13 isolate BtPa-CV-2/NX2013;
acc=AF319779.2_3000604;pctid=81.8;aln=11;glb=0;len=801;cvgpct=8;len=801;depth=11;cvg=_____________OO._________;fam=AMR;name=Erm(35),Bacteroides coprosuis DSM 18011;
acc=KF648874.1_3002626;pctid=96.6;aln=10;glb=2;len=864;cvgpct=8;len=864;depth=10;cvg=o_O__._._O_______________;fam=AMR;name=ANT(6)-Ia,Exiguobacterium sp. S3-2;
acc=GQ891757_3002801;pctid=95.6;aln=12;glb=1;len=657;cvgpct=8;len=657;depth=12;cvg=o__o______.___.____O_O___;fam=AMR;name=QnrVC4,Aeromonas caviae;
acc=AF028812_3002867;pctid=98.3;aln=11;glb=0;len=495;cvgpct=8;len=495;depth=11;cvg=OO______.___o____________;fam=AMR;name=dfrF,Enterococcus faecalis;
acc=NC_040615.1;pctid=86.2;aln=5;glb=0;len=166748;cvgpct=4;len=166748;depth=5;cvg=_______________O_________;fam=Herpesviridae;name=Eptesicus fuscus gammaherpesvirus;
acc=U01945_3002897;pctid=97.3;aln=5;glb=1;len=543;cvgpct=4;len=543;depth=5;cvg=__.________O___._________;fam=AMR;name=SAT-4,Campylobacter coli;
acc=NC_012800.1;pctid=94.4;aln=6;glb=2;len=7632;cvgpct=4;len=7632;depth=6;cvg=______________________oO_;fam=Picornaviridae;name=Cosavirus A strain HCoSV-A1 polyprotein gene;
acc=NC_030448.1;pctid=84.8;aln=3;glb=0;len=2262;cvgpct=4;len=2262;depth=3;cvg=_____________________O___;fam=Genomoviridae;name=Gemycircularvirus HV-GcV2;
acc=FJ911554.1_3004577;pctid=87.8;aln=4;glb=0;len=1479;cvgpct=4;len=1479;depth=4;cvg=______O__._______________;fam=AMR;name=Acinetobacter baumannii AmvA,Acinetobacter baumannii;
acc=GU565967.1_3002597;pctid=93.3;aln=4;glb=0;len=1440;cvgpct=4;len=1440;depth=4;cvg=______O__________________;fam=AMR;name=AAC(6')-Ie-APH(2'')-Ia,Staphylococcus aureus;
acc=NC_004003.1;pctid=93.9;aln=3;glb=0;len=149599;cvgpct=4;len=149599;depth=3;cvg=__O______________________;fam=Poxviridae;name=Goatpox virus Pellor;
acc=NC_001729.1;pctid=88.7;aln=5;glb=0;len=4726;cvgpct=4;len=4726;depth=5;cvg=______________oO_________;fam=Parvoviridae;name=Adeno-associated virus - 3;
acc=U00096_3003577;pctid=89.9;aln=3;glb=0;len=1167;cvgpct=4;len=1167;depth=3;cvg=_______________O_________;fam=AMR;name=ugd,Escherichia coli str. K-12 substr. MG1655;
acc=NC_038396.1;pctid=83.2;aln=6;glb=0;len=1688;cvgpct=4;len=1688;depth=6;cvg=_oO_____.________________;fam=Circoviridae;name=Bat associated cyclovirus 6 isolate BtRp-CV-3/GD2012;
acc=MK134375.1_3004719;pctid=98.3;aln=7;glb=1;len=1167;cvgpct=4;len=1167;depth=7;cvg=O__._.___________________;fam=AMR;name=Tet(X3),Acinetobacter baumannii;
acc=EU675686_3002616;pctid=96.2;aln=4;glb=0;len=846;cvgpct=4;len=846;depth=4;cvg=_______________________O_;fam=AMR;name=aadA16,Escherichia coli;
acc=AY055428.1_3000412;pctid=96.2;aln=9;glb=0;len=816;cvgpct=4;len=816;depth=9;cvg=O__o_____________________;fam=AMR;name=sul2,Vibrio cholerae;
acc=NC_032480.1;pctid=91.4;aln=6;glb=1;len=8856;cvgpct=4;len=8856;depth=6;cvg=________..________O______;fam=Unknown;name=Husavirus sp. isolate 16370_59;
acc=NC_038416.1;pctid=96.6;aln=3;glb=0;len=1794;cvgpct=4;len=1794;depth=3;cvg=__O______________________;fam=Circoviridae;name=Cyclovirus NG12;
acc=NC_027777.1;pctid=83.8;aln=10;glb=0;len=2530;cvgpct=4;len=2530;depth=10;cvg=___________________O_____;fam=Smacoviridae;name=Rat associated porprismacovirus 1 isolate KS/11/0577;
acc=NC_004442.1;pctid=95.9;aln=12;glb=3;len=5097;cvgpct=4;len=5097;depth=12;cvg=_____________Oooo________;fam=Parvoviridae;name=Canine minute virus;
acc=HQ652506.1_3004033;pctid=89.7;aln=4;glb=0;len=1737;cvgpct=4;len=1737;depth=4;cvg=______________.______O___;fam=AMR;name=tetB(46),Streptococcus australis;
acc=NC_038412.1;pctid=93.5;aln=9;glb=1;len=1759;cvgpct=4;len=1759;depth=9;cvg=__._________oO_.______.._;fam=Circoviridae;name=Cyclovirus PK5510;
acc=AY043299.1_3000167;pctid=97.7;aln=19;glb=0;len=1191;cvgpct=4;len=1191;depth=19;cvg=O..__.___.__.__._._______;fam=AMR;name=tet(C),Aeromonas salmonicida;
acc=APOM01000001.1_3004091;pctid=99.8;aln=7;glb=0;len=780;cvgpct=4;len=780;depth=7;cvg=._o_________________O.___;fam=AMR;name=ANT(3'')-IIc,Acinetobacter parvus DSM 16617 = CIP 108168;
acc=FN594949_3002629;pctid=80.3;aln=4;glb=0;len=858;cvgpct=4;len=858;depth=4;cvg=_____________O___________;fam=AMR;name=ANT(6)-Ib,Campylobacter fetus subsp. fetus;
acc=NC_025791.1;pctid=80.0;aln=4;glb=0;len=1755;cvgpct=4;len=1755;depth=4;cvg=____________.O___________;fam=Circoviridae;name=Bat circovirus POA/2012/II;
acc=NC_026252.1;pctid=92.7;aln=8;glb=1;len=2460;cvgpct=4;len=2460;depth=8;cvg=_______________o___.O..__;fam=Smacoviridae;name=Human smacovirus 1 isolate France/12/2008/3454;
acc=NC_024773.1;pctid=87.6;aln=6;glb=0;len=2601;cvgpct=4;len=2601;depth=6;cvg=_________oO_.____________;fam=Smacoviridae;name=Porcine associated porprismacovirus 7 isolate EP2-A;
acc=KU736867.1_3004442;pctid=93.4;aln=16;glb=2;len=1920;cvgpct=4;len=1920;depth=16;cvg=o._o.._O_o._____.._._____;fam=AMR;name=tet(W/N/W),uncultured bacterium IN-02;
acc=NC_025476.1;pctid=85.0;aln=14;glb=0;len=1865;cvgpct=4;len=1865;depth=14;cvg=___.__O..._______________;fam=Circoviridae;name=Cyclovirus ZM36a DNA;
acc=AF313472_3002639;pctid=95.7;aln=4;glb=0;len=804;cvgpct=4;len=804;depth=4;cvg=__________________O______;fam=AMR;name=APH(3'')-Ib,Pseudomonas aeruginosa;
acc=CP004067_3002647;pctid=91.1;aln=11;glb=0;len=795;cvgpct=4;len=795;depth=11;cvg=O_.____.______o._._______;fam=AMR;name=APH(3')-IIIa,Campylobacter coli CVM N29710;
acc=U00096_3000502;pctid=84.5;aln=3;glb=0;len=3105;cvgpct=4;len=3105;depth=3;cvg=_____________________O___;fam=AMR;name=acrF,Escherichia coli str. K-12 substr. MG1655;
acc=L09756_3000192;pctid=93.3;aln=14;glb=2;len=1926;cvgpct=4;len=1926;depth=14;cvg=_Oo.._.o______.o.________;fam=AMR;name=tetS,Listeria monocytogenes;
acc=L42817_3000522;pctid=95.7;aln=10;glb=1;len=735;cvgpct=4;len=735;depth=10;cvg=O_o.________o______o_____;fam=AMR;name=ErmG,Bacteroides thetaiotaomicron;
acc=NC_030140.1;pctid=83.5;aln=3;glb=0;len=2230;cvgpct=4;len=2230;depth=3;cvg=___________O_____________;fam=Genomoviridae;name=Faeces associated gemycircularvirus 17 isolate 27_Fec16497_chicken;
acc=FJ228229_3002788;pctid=97.5;aln=12;glb=0;len=645;cvgpct=4;len=645;depth=12;cvg=___________________O_..._;fam=AMR;name=QnrD1,Salmonella enterica subsp. enterica serovar Bovismorbificans;
acc=NC_020499.1;pctid=87.4;aln=4;glb=0;len=5413;cvgpct=4;len=5413;depth=4;cvg=_____O.__________________;fam=Parvoviridae;name=Canine bocavirus 1 isolate Con-161;
acc=CP001182.2_3000780;pctid=85.2;aln=3;glb=0;len=1251;cvgpct=4;len=1251;depth=3;cvg=O________________________;fam=AMR;name=adeI,Acinetobacter baumannii AB0057;
acc=NC_001699.1;pctid=89.1;aln=14;glb=0;len=5130;cvgpct=4;len=5130;depth=14;cvg=_oOo_____o___________..__;fam=Polyomaviridae;name=JC polyomavirus;
acc=NC_038394.1;pctid=83.8;aln=11;glb=0;len=1741;cvgpct=4;len=1741;depth=11;cvg=___O____.._______________;fam=Circoviridae;name=Bat associated cyclovirus 3 isolate YN-BtCV-4;
acc=NC_021206.1;pctid=95.2;aln=3;glb=0;len=1798;cvgpct=4;len=1798;depth=3;cvg=________O________________;fam=Circoviridae;name=Bat associated circovirus 2 isolate XOR7;
acc=NC_001401.2;pctid=93.6;aln=15;glb=6;len=4679;cvgpct=4;len=4679;depth=15;cvg=___.....__o.oO___________;fam=Parvoviridae;name=Adeno-associated virus - 2;
acc=KU721146.1_3003620;pctid=87.4;aln=15;glb=0;len=762;cvgpct=4;len=762;depth=15;cvg=_____O__.____.______.____;fam=AMR;name=OXA-464,Arcobacter butzleri;
acc=NC_038498.1;pctid=82.3;aln=6;glb=0;len=2310;cvgpct=4;len=2310;depth=6;cvg=______.O____o____________;fam=Genomoviridae;name=Pacific flying fox faeces associated gemycircularvirus-12 isolate Tbat_A_64418;
acc=NC_024691.1;pctid=87.2;aln=6;glb=0;len=2259;cvgpct=4;len=2259;depth=6;cvg=____________________Oo_._;fam=Genomoviridae;name=MSSI2.225 virus complete sequence;
acc=NC_026806.1;pctid=85.4;aln=14;glb=0;len=2112;cvgpct=4;len=2112;depth=14;cvg=_____________O___________;fam=Genomoviridae;name=Badger feces-associated gemycircularvirus strain 588t;
acc=DQ836009.1_3002879;pctid=93.9;aln=9;glb=0;len=822;cvgpct=4;len=822;depth=9;cvg=o.________________o____O_;fam=AMR;name=linG,Salmonella enterica subsp. enterica serovar Stanley;
acc=EF452177_3002838;pctid=84.0;aln=9;glb=0;len=495;cvgpct=4;len=495;depth=9;cvg=O______..__..__.__.______;fam=AMR;name=lnuD,Streptococcus uberis;
acc=NC_013668.3;pctid=97.1;aln=85;glb=0;len=248526;cvgpct=4;len=248526;depth=85;cvg=____________________O____;fam=Alloherpesviridae;name=Anguillid herpesvirus 1;
acc=NC_014929.1;pctid=97.3;aln=20;glb=0;len=1703;cvgpct=4;len=1703;depth=20;cvg=________________________O;fam=Circoviridae;name=Cyclovirus bat/USA/2009;
acc=NC_023887.1;pctid=83.1;aln=4;glb=0;len=2479;cvgpct=4;len=2479;depth=4;cvg=_____O______________.____;fam=Smacoviridae;name=Turkey associated porprismacovirus 1;
acc=DQ149925.1_3003836;pctid=91.1;aln=18;glb=1;len=333;cvgpct=4;len=333;depth=18;cvg=O...___._________________;fam=AMR;name=qacH,Vibrio cholerae;
acc=AF193788.1;pctid=92.1;aln=10;glb=0;len=25865;cvgpct=4;len=25865;depth=10;cvg=O________________________;fam=Coronaviridae;name=Avian infectious bronchitis virus nucleocapsid protein (N) gene, complete sequence;
acc=KU612222.1_3003908;pctid=98.5;aln=2;glb=0;len=741;cvgpct=0;len=741;depth=2;cvg=o________________________;fam=AMR;name=Erm(47),Helcococcus kunzii;
acc=NC_027532.1;pctid=81.3;aln=2;glb=0;len=5159;cvgpct=0;len=5159;depth=2;cvg=________o________________;fam=Polyomaviridae;name=Pan troglodytes troglodytes polyomavirus 1 isolate F514.1;
acc=AY768532_3000535;pctid=76.9;aln=1;glb=0;len=1935;cvgpct=0;len=1935;depth=1;cvg=___________________._____;fam=AMR;name=macB,Neisseria gonorrhoeae;
acc=AJ252200_3003056;pctid=81.2;aln=2;glb=0;len=3123;cvgpct=0;len=3123;depth=2;cvg=_______o_________________;fam=AMR;name=smeE,Stenotrophomonas maltophilia;
acc=NC_028379.1;pctid=94.6;aln=1;glb=0;len=205896;cvgpct=0;len=205896;depth=1;cvg=_._______________________;fam=Herpesviridae;name=Elephant endotheliotropic herpesvirus 4 isolate North American NAP69;
acc=NC_026161.1;pctid=79.1;aln=2;glb=0;len=2243;cvgpct=0;len=2243;depth=2;cvg=__________________.._____;fam=Genomoviridae;name=Sewage-associated gemycircularvirus-5 isolate BS3963;
acc=NC_004421.1;pctid=84.3;aln=2;glb=0;len=8374;cvgpct=0;len=8374;depth=2;cvg=______________________.._;fam=Picornaviridae;name=Aichivirus B genomic RNA;
acc=NC_038413.1;pctid=82.1;aln=2;glb=0;len=1740;cvgpct=0;len=1740;depth=2;cvg=__o______________________;fam=Circoviridae;name=Cyclovirus PK5222;
acc=EU370913.1_3003923;pctid=88.3;aln=1;glb=0;len=3153;cvgpct=0;len=3153;depth=1;cvg=______________________.__;fam=AMR;name=oqxB,Escherichia coli;
acc=NC_001716.2;pctid=81.1;aln=2;glb=0;len=153080;cvgpct=0;len=153080;depth=2;cvg=_.______________________.;fam=Herpesviridae;name=Human herpesvirus 7;
acc=AF355189_3002600;pctid=99.7;aln=2;glb=0;len=1005;cvgpct=0;len=1005;depth=2;cvg=_____________________.__.;fam=AMR;name=AAC(3)-Ib/AAC(6')-Ib'',Pseudomonas aeruginosa;
acc=NC_038355.1;pctid=90.5;aln=2;glb=0;len=3223;cvgpct=0;len=3223;depth=2;cvg=______________o__________;fam=Anelloviridae;name=Torque teno midi virus 8 DNA;
acc=EU850412_3002249;pctid=92.5;aln=2;glb=0;len=897;cvgpct=0;len=897;depth=2;cvg=o________________________;fam=AMR;name=CARB-10,Acinetobacter baumannii;
acc=NC_001612.1;pctid=91.3;aln=1;glb=0;len=7413;cvgpct=0;len=7413;depth=1;cvg=_._______________________;fam=Picornaviridae;name=Human enterovirus A;
acc=NC_038536.1;pctid=79.5;aln=2;glb=0;len=5439;cvgpct=0;len=5439;depth=2;cvg=_____________________..__;fam=Parvoviridae;name=California sea lion bocavirus 3 isolate 9805 NS1;
acc=NC_028113.1;pctid=78.2;aln=2;glb=0;len=35685;cvgpct=0;len=35685;depth=2;cvg=_____________o___________;fam=Adenoviridae;name=Simian adenovirus 8 strain P-5;
acc=NC_015936.1;pctid=84.0;aln=2;glb=0;len=8198;cvgpct=0;len=8198;depth=2;cvg=_______________o_________;fam=Picornaviridae;name=Mouse kobuvirus M-5/USA/2010;
acc=AF137361_3002605;pctid=92.4;aln=2;glb=1;len=789;cvgpct=0;len=789;depth=2;cvg=.._______________________;fam=AMR;name=aadA5,Escherichia coli;
acc=NC_032105.1;pctid=74.0;aln=2;glb=0;len=33562;cvgpct=0;len=33562;depth=2;cvg=_____o___________________;fam=Adenoviridae;name=Simian mastadenovirus WIV19;
acc=AM293332.3_3003854;pctid=83.2;aln=1;glb=0;len=1194;cvgpct=0;len=1194;depth=1;cvg=_______._________________;fam=AMR;name=ADC-8,Acinetobacter baylyi ADP1;
acc=NC_028964.1;pctid=92.3;aln=2;glb=0;len=8506;cvgpct=0;len=8506;depth=2;cvg=___________________o_____;fam=Picornaviridae;name=Gallivirus Pf-CHK1/GV;
acc=AB462903_3002574;pctid=82.9;aln=1;glb=0;len=552;cvgpct=0;len=552;depth=1;cvg=__________________.______;fam=AMR;name=AAC(6')-Iaf,Pseudomonas aeruginosa;
acc=NC_039476.1;pctid=81.8;aln=2;glb=0;len=7536;cvgpct=0;len=7536;depth=2;cvg=________________o________;fam=Caliciviridae;name=Norovirus GII.2 strain Env/CHN/2016/GII.P16-GII.2/BJSMQ;
acc=NC_011203.1;pctid=94.8;aln=3;glb=0;len=35343;cvgpct=0;len=35343;depth=3;cvg=____________________.o___;fam=Adenoviridae;name=Human adenovirus B1;
acc=NC_006152.1;pctid=80.1;aln=2;glb=0;len=4642;cvgpct=0;len=4642;depth=2;cvg=_______________o_________;fam=Parvoviridae;name=Adeno-associated virus 5;
acc=U00096.3_3002986;pctid=92.0;aln=2;glb=0;len=822;cvgpct=0;len=822;depth=2;cvg=__________.___.__________;fam=AMR;name=bacA,Escherichia coli str. K-12 substr. MG1655;
acc=NC_024452.1;pctid=92.0;aln=4;glb=1;len=5257;cvgpct=0;len=5257;depth=4;cvg=____________________oo___;fam=Parvoviridae;name=Chicken parvovirus ABU-P1;
acc=NC_016447.1;pctid=97.1;aln=1;glb=0;len=219474;cvgpct=0;len=219474;depth=1;cvg=.________________________;fam=Herpesviridae;name=Aotine herpesvirus 1 strain S34E;
acc=AJ549214_3002704;pctid=98.1;aln=2;glb=1;len=1428;cvgpct=0;len=1428;depth=2;cvg=_______..________________;fam=AMR;name=fexA,Staphylococcus lentus;
acc=AF370885.1_3000775;pctid=86.4;aln=5;glb=0;len=3108;cvgpct=0;len=3108;depth=5;cvg=_______.o___________o____;fam=AMR;name=adeB,Acinetobacter baumannii;
acc=M55620_3002687;pctid=93.1;aln=3;glb=1;len=660;cvgpct=0;len=660;depth=3;cvg=.______.____________.____;fam=AMR;name=catQ,Clostridium perfringens;
acc=NC_034547.1;pctid=84.8;aln=1;glb=0;len=1844;cvgpct=0;len=1844;depth=1;cvg=__.______________________;fam=Circoviridae;name=Bat cyclovirus GF-4c putative Rep and putative Cap genes;
acc=KP109675_3003716;pctid=85.4;aln=2;glb=0;len=873;cvgpct=0;len=873;depth=2;cvg=____________________o____;fam=AMR;name=CPS-1,Chryseobacterium sp. Stok-1;
acc=AF078527_3000230;pctid=98.1;aln=1;glb=0;len=534;cvgpct=0;len=534;depth=1;cvg=.________________________;fam=AMR;name=ANT(2'')-Ia,Pseudomonas aeruginosa;
acc=AF231986_3002705;pctid=90.5;aln=2;glb=0;len=1215;cvgpct=0;len=1215;depth=2;cvg=_________o_______________;fam=AMR;name=floR,Escherichia coli;
acc=EU780012_3002859;pctid=99.1;aln=1;glb=0;len=483;cvgpct=0;len=483;depth=1;cvg=.________________________;fam=AMR;name=dfrA14,Escherichia coli;
acc=NC_028107.1;pctid=82.7;aln=1;glb=0;len=34064;cvgpct=0;len=34064;depth=1;cvg=____________.____________;fam=Adenoviridae;name=Simian adenovirus 19 strain AA153;
acc=AP009048_3003576;pctid=94.4;aln=2;glb=0;len=1644;cvgpct=0;len=1644;depth=2;cvg=__________________o______;fam=AMR;name=eptA,Escherichia coli str. K-12 substr. W3110;
acc=DQ278190_3002861;pctid=86.4;aln=2;glb=0;len=474;cvgpct=0;len=474;depth=2;cvg=_______________o_________;fam=AMR;name=dfrA5,Salmonella enterica subsp. enterica serovar Enteritidis;
acc=APPZ01000001.1_3001735;pctid=96.5;aln=2;glb=0;len=828;cvgpct=0;len=828;depth=2;cvg=_______________o_________;fam=AMR;name=OXA-280,Acinetobacter johnsonii ANC 3681;
acc=AFRQ01000061.1_3004144;pctid=88.4;aln=2;glb=0;len=3138;cvgpct=0;len=3138;depth=2;cvg=_________o_______________;fam=AMR;name=AxyY,Achromobacter insuavis AXX-A;
acc=AF371964_3001768;pctid=88.0;aln=2;glb=0;len=801;cvgpct=0;len=801;depth=2;cvg=_________________.__.____;fam=AMR;name=OXA-118,Burkholderia cepacia;
acc=NC_025792.1;pctid=78.0;aln=1;glb=0;len=1790;cvgpct=0;len=1790;depth=1;cvg=_____________________.___;fam=Circoviridae;name=Bat circovirus POA/2012/VI;
acc=NC_030127.1;pctid=88.5;aln=2;glb=0;len=2589;cvgpct=0;len=2589;depth=2;cvg=___________________o_____;fam=Smacoviridae;name=Porcine stool-associated circular virus isolate 56_Coc3310_hare;
acc=NC_030117.1;pctid=88.9;aln=1;glb=0;len=125171;cvgpct=0;len=125171;depth=1;cvg=__________________.______;fam=Herpesviridae;name=Canid herpesvirus 1 strain 0194;
acc=AE014292_3003772;pctid=81.7;aln=2;glb=0;len=2643;cvgpct=0;len=2643;depth=2;cvg=______________________.._;fam=AMR;name=Brucella suis mprF,Brucella suis;
acc=U00096.3_3000216;pctid=79.6;aln=2;glb=0;len=3150;cvgpct=0;len=3150;depth=2;cvg=___________________o_____;fam=AMR;name=acrB,Escherichia coli str. K-12 substr. MG1655;
acc=AJ006275.1_3004775;pctid=92.9;aln=1;glb=0;len=888;cvgpct=0;len=888;depth=1;cvg=____.____________________;fam=AMR;name=CME-1,Elizabethkingia meningoseptica;
acc=NC_025735.1;pctid=89.2;aln=1;glb=0;len=2187;cvgpct=0;len=2187;depth=1;cvg=_________________._______;fam=Genomoviridae;name=Faecal-associated gemycircularvirus 5;
acc=NC_030394.2;pctid=94.9;aln=2;glb=0;len=126965;cvgpct=0;len=126965;depth=2;cvg=_______o_________________;fam=Iridoviridae;name=Short-finned eel ranavirus isolate ANGA14001;
acc=NC_022802.1;pctid=86.1;aln=2;glb=0;len=7807;cvgpct=0;len=7807;depth=2;cvg=_______________o_________;fam=Picornaviridae;name=Feline sakobuvirus A isolate FFUP1;
acc=AY701528.1_3004191;pctid=97.4;aln=2;glb=0;len=894;cvgpct=0;len=894;depth=2;cvg=__________________.__.___;fam=AMR;name=APH(2'')-If,Campylobacter jejuni;
acc=AQFM01000048.1_3004479;pctid=94.0;aln=3;glb=0;len=696;cvgpct=0;len=696;depth=3;cvg=___.________o____________;fam=AMR;name=OXA-664,Acinetobacter tandoii DSM 14970 = CIP 107469;
acc=Z54181.1_3004762;pctid=97.3;aln=5;glb=2;len=945;cvgpct=0;len=945;depth=5;cvg=.._.._________________.__;fam=AMR;name=BRO-2,Moraxella catarrhalis ATCC 43617;
acc=AY712687_3002628;pctid=96.6;aln=3;glb=0;len=831;cvgpct=0;len=831;depth=3;cvg=o___.____________________;fam=AMR;name=aad(6),Streptococcus oralis;
acc=U15027_3002686;pctid=85.3;aln=6;glb=0;len=624;cvgpct=0;len=624;depth=6;cvg=_____________._o__o._____;fam=AMR;name=catP,Clostridium perfringens;
acc=L20800_3000195;pctid=83.2;aln=4;glb=0;len=1959;cvgpct=0;len=1959;depth=4;cvg=_.._____.___.____________;fam=AMR;name=tetB(P),Clostridium perfringens;
acc=AF024602_3002660;pctid=96.8;aln=10;glb=2;len=837;cvgpct=0;len=837;depth=10;cvg=.___..._____o.__._o______;fam=AMR;name=APH(6)-Id,Pseudomonas aeruginosa;
acc=AF294653_3002696;pctid=97.6;aln=2;glb=0;len=1260;cvgpct=0;len=1260;depth=2;cvg=__________________._.____;fam=AMR;name=cmlA6,Pseudomonas aeruginosa;
acc=AY769962_3000782;pctid=82.4;aln=2;glb=0;len=1455;cvgpct=0;len=1455;depth=2;cvg=______.__._______________;fam=AMR;name=adeK,Acinetobacter baumannii;
acc=CP001840.1_3003730;pctid=79.8;aln=1;glb=0;len=3324;cvgpct=0;len=3324;depth=1;cvg=____________.____________;fam=AMR;name=Bifidobacteria intrinsic ileS conferring resistance to mupirocin,Bifidobacterium bifidum PRL2010;
acc=NC_035460.1;pctid=81.4;aln=2;glb=0;len=176688;cvgpct=0;len=176688;depth=2;cvg=__o______________________;fam=Poxviridae;name=Eptesipox virus strain Washington;
acc=U00096_3000793;pctid=95.3;aln=1;glb=0;len=3123;cvgpct=0;len=3123;depth=1;cvg=______________________.__;fam=AMR;name=mdtB,Escherichia coli str. K-12 substr. MG1655;
acc=NC_026421.1;pctid=92.6;aln=2;glb=0;len=182380;cvgpct=0;len=182380;depth=2;cvg=_____________o___________;fam=Herpesviridae;name=Equid herpesvirus 5 strain 2-141/67;
acc=NC_023422.1;pctid=78.1;aln=2;glb=0;len=8305;cvgpct=0;len=8305;depth=2;cvg=_______________o_________;fam=Picornaviridae;name=Caprine kobuvirus isolate 12Q108;
acc=DQ390458_3002609;pctid=100.0;aln=1;glb=0;len=900;cvgpct=0;len=900;depth=1;cvg=.________________________;fam=AMR;name=aadA9,Corynebacterium sp. L2-79-05;
acc=M97297_3002962;pctid=79.4;aln=2;glb=0;len=486;cvgpct=0;len=486;depth=2;cvg=__o______________________;fam=AMR;name=vanZA,Enterococcus faecium;
acc=U00096.3_3000516;pctid=80.0;aln=4;glb=0;len=531;cvgpct=0;len=531;depth=4;cvg=________o______._._______;fam=AMR;name=emrR,Escherichia coli str. K-12 substr. MG1655;
acc=AF173226_3003052;pctid=86.9;aln=2;glb=0;len=3150;cvgpct=0;len=3150;depth=2;cvg=_________o_______________;fam=AMR;name=smeB,Stenotrophomonas maltophilia;
acc=FN594949_3000556;pctid=96.5;aln=7;glb=0;len=1923;cvgpct=0;len=1923;depth=7;cvg=_____o.______o________o__;fam=AMR;name=tet44,Campylobacter fetus subsp. fetus;
acc=M20305_3002642;pctid=98.7;aln=2;glb=0;len=816;cvgpct=0;len=816;depth=2;cvg=o________________________;fam=AMR;name=APH(3')-Ib,Plasmid RP4;
acc=L09246_3002554;pctid=94.0;aln=6;glb=0;len=438;cvgpct=0;len=438;depth=6;cvg=o_______________o._._____;fam=AMR;name=AAC(6')-Ig,Acinetobacter haemolyticus;
acc=NC_029133.1;pctid=91.1;aln=2;glb=1;len=5212;cvgpct=0;len=5212;depth=2;cvg=.._______________________;fam=Parvoviridae;name=Rat bocavirus strain HK1S;
acc=CP015085.1_3003838;pctid=94.8;aln=1;glb=0;len=729;cvgpct=0;len=729;depth=1;cvg=.________________________;fam=AMR;name=gadW,Escherichia coli O25b:H4;
acc=U00096_3003578;pctid=95.5;aln=2;glb=0;len=969;cvgpct=0;len=969;depth=2;cvg=________________o________;fam=AMR;name=pmrF,Escherichia coli str. K-12 substr. MG1655;
acc=NC_038418.1;pctid=84.5;aln=4;glb=0;len=1710;cvgpct=0;len=1710;depth=4;cvg=______________o.____.____;fam=Circoviridae;name=Cyclovirus SL-108277;
acc=U14748_3002481;pctid=91.6;aln=2;glb=0;len=915;cvgpct=0;len=915;depth=2;cvg=_____.____.______________;fam=AMR;name=AER-1,Aeromonas hydrophila;
acc=KC479325_3001690;pctid=80.3;aln=1;glb=0;len=828;cvgpct=0;len=828;depth=1;cvg=__________.______________;fam=AMR;name=OXA-255,Acinetobacter pittii;
acc=CP033607.1_3002882;pctid=98.0;aln=2;glb=2;len=1995;cvgpct=0;len=1995;depth=2;cvg=_____._._________________;fam=AMR;name=lmrD,Lactococcus lactis;
acc=X56809_3002997;pctid=78.4;aln=3;glb=0;len=783;cvgpct=0;len=783;depth=3;cvg=______________._.._______;fam=AMR;name=LCR-1,Pseudomonas aeruginosa;
acc=NC_038400.1;pctid=83.2;aln=1;glb=0;len=1844;cvgpct=0;len=1844;depth=1;cvg=_______._________________;fam=Circoviridae;name=Bat associated cyclovirus 11 isolate BtMspp.-CV/GD2012;
acc=NC_024768.1;pctid=87.8;aln=8;glb=0;len=9564;cvgpct=0;len=9564;depth=8;cvg=________o__oo__o_________;fam=Picornaviridae;name=Chicken picornavirus 4 isolate 5C;
acc=MK134376.1_3004720;pctid=96.8;aln=4;glb=0;len=1158;cvgpct=0;len=1158;depth=4;cvg=__.___o______________.___;fam=AMR;name=Tet(X4),Escherichia coli;
acc=Y10693_3001416;pctid=93.8;aln=6;glb=1;len=828;cvgpct=0;len=828;depth=6;cvg=o_______o___.__._________;fam=AMR;name=OXA-21,Acinetobacter baumannii;
acc=NC_002470.1;pctid=91.6;aln=4;glb=1;len=7003;cvgpct=0;len=7003;depth=4;cvg=_______________oo________;fam=Astroviridae;name=Turkey astrovirus;
acc=HM440348_3000553;pctid=96.1;aln=5;glb=1;len=744;cvgpct=0;len=744;depth=5;cvg=_o___._._____.___________;fam=AMR;name=adeR,Acinetobacter baumannii;
acc=AF235050.4_3003318;pctid=87.9;aln=1;glb=0;len=2112;cvgpct=0;len=2112;depth=1;cvg=____.____________________;fam=AMR;name=Streptomyces rishiriensis parY mutant conferring resistance to aminocoumarin,Streptomyces rishiriensis;
acc=KF998105.1_3002579;pctid=98.6;aln=2;glb=0;len=678;cvgpct=0;len=678;depth=2;cvg=______________.__._______;fam=AMR;name=AAC(6')-Ib8,Enterobacter cloacae;
acc=NC_024769.1;pctid=85.3;aln=11;glb=2;len=9591;cvgpct=0;len=9591;depth=11;cvg=_______o.____oo____o_..__;fam=Picornaviridae;name=Chicken picornavirus 5 isolate 27C;
acc=NC_024454.1;pctid=93.6;aln=6;glb=1;len=4642;cvgpct=0;len=4642;depth=6;cvg=_______o_oo______________;fam=Parvoviridae;name=Turkey parvovirus 1078;
acc=AE004091.2_3004074;pctid=79.2;aln=1;glb=0;len=3132;cvgpct=0;len=3132;depth=1;cvg=__________.______________;fam=AMR;name=MuxB,Pseudomonas aeruginosa PAO1;
acc=NC_040317.1;pctid=93.1;aln=4;glb=0;len=2213;cvgpct=0;len=2213;depth=4;cvg=________________o__._.___;fam=Genomoviridae;name=Gopherus associated genomovirus 1 isolate Tor2_591165;
acc=BA000007.3_3000832;pctid=98.4;aln=2;glb=0;len=615;cvgpct=0;len=615;depth=2;cvg=o________________________;fam=AMR;name=evgA,Escherichia coli O157:H7 str. Sakai;
acc=HQ652506.1_3004032;pctid=83.8;aln=1;glb=0;len=1725;cvgpct=0;len=1725;depth=1;cvg=_________________._______;fam=AMR;name=tetA(46),Streptococcus australis;
acc=NC_036877.1;pctid=87.7;aln=1;glb=0;len=1723;cvgpct=0;len=1723;depth=1;cvg=________.________________;fam=Circoviridae;name=Cyclovirus PK5006;
acc=ASQG01000007.1_3001730;pctid=85.1;aln=2;glb=0;len=846;cvgpct=0;len=846;depth=2;cvg=__________o______________;fam=AMR;name=OXA-274,Acinetobacter guillouiae MSP4-18;
acc=NC_006879.1;pctid=78.0;aln=2;glb=0;len=34450;cvgpct=0;len=34450;depth=2;cvg=_____o___________________;fam=Adenoviridae;name=Simian adenovirus 1;
acc=X74948_3002688;pctid=86.5;aln=4;glb=0;len=492;cvgpct=0;len=492;depth=4;cvg=___o.______._____________;fam=AMR;name=catS,Streptococcus pyogenes;
acc=AE004091.2_3004075;pctid=85.2;aln=1;glb=0;len=3111;cvgpct=0;len=3111;depth=1;cvg=______________________.__;fam=AMR;name=MuxC,Pseudomonas aeruginosa PAO1;
acc=AE007317.1_3000614;pctid=81.1;aln=2;glb=0;len=1212;cvgpct=0;len=1212;depth=2;cvg=_________.__.____________;fam=AMR;name=mefE,Streptococcus pneumoniae R6;
acc=NC_038398.1;pctid=84.9;aln=4;glb=0;len=1746;cvgpct=0;len=1746;depth=4;cvg=__o.___._________________;fam=Circoviridae;name=Bat associated cyclovirus 8 isolate BtRp-CV-52/GD2012;
acc=NC_018401.1;pctid=95.3;aln=4;glb=2;len=2034;cvgpct=0;len=2034;depth=4;cvg=____________._.__.__.____;fam=Anelloviridae;name=Gyrovirus 4;
acc=AF030945_3002245;pctid=100.0;aln=4;glb=0;len=867;cvgpct=0;len=867;depth=4;cvg=___oo____________________;fam=AMR;name=CARB-6,Vibrio cholerae;
acc=CP001172.1_3000768;pctid=88.3;aln=1;glb=0;len=330;cvgpct=0;len=330;depth=1;cvg=__________.______________;fam=AMR;name=abeS,Acinetobacter baumannii AB307-0294;
acc=NC_006263.1;pctid=88.8;aln=4;glb=0;len=4682;cvgpct=0;len=4682;depth=4;cvg=___________..______o_____;fam=Parvoviridae;name=Avian adeno-associated virus strain DA-1;
acc=X75439_3000521;pctid=93.5;aln=1;glb=0;len=3075;cvgpct=0;len=3075;depth=1;cvg=_____________.___________;fam=AMR;name=mupA,Staphylococcus aureus;
acc=NC_019028.1;pctid=96.0;aln=3;glb=1;len=6124;cvgpct=0;len=6124;depth=3;cvg=_____.__o________________;fam=Astroviridae;name=Astrovirus MLB3 isolate MLB3/human/Vellore/26564/2004;
acc=AB219524.1_3003699;pctid=82.8;aln=1;glb=0;len=3162;cvgpct=0;len=3162;depth=1;cvg=____________________.____;fam=AMR;name=mexQ,Pseudomonas aeruginosa;
acc=NC_038495.1;pctid=80.4;aln=8;glb=0;len=2233;cvgpct=0;len=2233;depth=8;cvg=_________________._.o.o._;fam=Genomoviridae;name=Pacific flying fox faeces associated gemycircularvirus-1 isolate Tbat_A_103952;
acc=NC_004828.1;pctid=93.3;aln=6;glb=0;len=4694;cvgpct=0;len=4694;depth=6;cvg=_______________oo_o______;fam=Parvoviridae;name=Avian adeno-associated virus ATCC VR-865;
acc=U00096.3_3003950;pctid=98.9;aln=2;glb=0;len=1749;cvgpct=0;len=1749;depth=2;cvg=____________________..___;fam=AMR;name=msbA,Escherichia coli str. K-12 substr. MG1655;
acc=NC_007455.1;pctid=91.9;aln=4;glb=0;len=5299;cvgpct=0;len=5299;depth=4;cvg=___________o_______o_____;fam=Parvoviridae;name=Primate bocaparvovirus 1 isolate st2;
acc=GQ343019_3002999;pctid=98.4;aln=1;glb=0;len=891;cvgpct=0;len=891;depth=1;cvg=_________________._______;fam=AMR;name=CblA-1,mixed culture bacterium AX_gF3SD01_15;
acc=NC_014928.1;pctid=88.7;aln=2;glb=0;len=1751;cvgpct=0;len=1751;depth=2;cvg=__.._____________________;fam=Circoviridae;name=Cyclovirus PKgoat11/PAK/2009;
acc=U00096_3001216;pctid=99.0;aln=2;glb=0;len=1209;cvgpct=0;len=1209;depth=2;cvg=_________._._____________;fam=AMR;name=mdtH,Escherichia coli str. K-12 substr. MG1655;
acc=FJ196385.1_3003107;pctid=95.5;aln=6;glb=0;len=1230;cvgpct=0;len=1230;depth=6;cvg=___o____.__.___o_________;fam=AMR;name=mefB,Escherichia coli;
acc=AY494718_3002335;pctid=96.3;aln=6;glb=0;len=864;cvgpct=0;len=864;depth=6;cvg=_______.____._______o_o__;fam=AMR;name=GES-6,Klebsiella pneumoniae;
acc=NC_027530.1;pctid=82.1;aln=1;glb=0;len=1789;cvgpct=0;len=1789;depth=1;cvg=__________________.______;fam=Circoviridae;name=Cyclovirus TsCyV-1_JP-NUBS-2014 genes for capsid protein;
acc=FJ196385_3000413;pctid=98.4;aln=2;glb=0;len=792;cvgpct=0;len=792;depth=2;cvg=___________o_____________;fam=AMR;name=sul3,Escherichia coli;
acc=AB015853_3003033;pctid=79.6;aln=3;glb=0;len=3141;cvgpct=0;len=3141;depth=3;cvg=_______.o________________;fam=AMR;name=mexY,Pseudomonas aeruginosa PAO1;
acc=NC_040528.1;pctid=78.3;aln=2;glb=0;len=2085;cvgpct=0;len=2085;depth=2;cvg=_________..______________;fam=Circoviridae;name=Apteryx rowi circovirus-like virus isolate JWNM 090913;
acc=MG822664.1_3004697;pctid=95.4;aln=10;glb=1;len=1626;cvgpct=0;len=1626;depth=10;cvg=_____o______.o_.oo_______;fam=AMR;name=MCR-4.5,Escherichia coli;
acc=NC_040694.1;pctid=75.0;aln=1;glb=0;len=4726;cvgpct=0;len=4726;depth=1;cvg=_____.___________________;fam=Parvoviridae;name=Rhinolophus pusillus bocaparvovirus 2 strain Rp-BtBoV2_83C_MJ_YN_2012;
acc=NC_024453.2;pctid=76.9;aln=1;glb=0;len=5153;cvgpct=0;len=5153;depth=1;cvg=______.__________________;fam=Parvoviridae;name=Porcine bocavirus 1 pig/ZJD/China/2006;
acc=NC_023888.1;pctid=82.6;aln=1;glb=0;len=2526;cvgpct=0;len=2526;depth=1;cvg=______________________.__;fam=Unknown;name=Circo-like virus-Brazil hs1;
acc=NC_038407.1;pctid=81.0;aln=3;glb=0;len=1750;cvgpct=0;len=1750;depth=3;cvg=________o._______________;fam=Circoviridae;name=Cyclovirus Chimp11;
acc=AP006618.1_3000501;pctid=78.6;aln=2;glb=0;len=3489;cvgpct=0;len=3489;depth=2;cvg=_____________________..__;fam=AMR;name=Nocardia rifampin resistant beta-subunit of RNA polymerase (rpoB2),Nocardia farcinica IFM 10152;
acc=AM419751_3000567;pctid=93.7;aln=8;glb=1;len=1221;cvgpct=0;len=1221;depth=8;cvg=_..__________._._._o.____;fam=AMR;name=tet(40),uncultured bacterium;
acc=L06940_3000173;pctid=94.3;aln=9;glb=1;len=1218;cvgpct=0;len=1218;depth=9;cvg=_..______o___._o__o______;fam=AMR;name=tet(E),Escherichia coli;
acc=NC_001457.1;pctid=87.9;aln=4;glb=0;len=7353;cvgpct=0;len=7353;depth=4;cvg=_o__o____________________;fam=Papillomaviridae;name=Human papillomavirus type 4;
acc=JQ394987_3001328;pctid=95.4;aln=2;glb=0;len=1233;cvgpct=0;len=1233;depth=2;cvg=_______________.____.____;fam=AMR;name=Escherichia coli mdfA,Escherichia coli;
acc=U57969_3000801;pctid=87.0;aln=1;glb=0;len=3132;cvgpct=0;len=3132;depth=1;cvg=________.________________;fam=AMR;name=MexD,Pseudomonas aeruginosa;
acc=JF268688.1_3001809;pctid=91.3;aln=13;glb=0;len=825;cvgpct=0;len=825;depth=13;cvg=..__._.______o___.o_o_o__;fam=AMR;name=OXA-209,Riemerella anatipestifer;
acc=U05883_3003559;pctid=77.7;aln=2;glb=0;len=903;cvgpct=0;len=903;depth=2;cvg=__.____._________________;fam=AMR;name=cepA beta-lactamase,Bacteroides fragilis;
acc=BA000007.3_3000830;pctid=92.8;aln=2;glb=0;len=1374;cvgpct=0;len=1374;depth=2;cvg=____________________o____;fam=AMR;name=cpxA,Escherichia coli O157:H7 str. Sakai;
acc=AB089595_3000166;pctid=98.2;aln=1;glb=0;len=1206;cvgpct=0;len=1206;depth=1;cvg=.________________________;fam=AMR;name=tet(B),Gram-negative bacterium TC71;
>Other.1
GAAACTTAAGTTTTATACAATATGGGCAGGGCAGGCAGTATCATTAATCACTAGTGCCATCCTGCAAATGGCGATTATTTTTTACCTTACAGAAAAAACAGGATCTGCGATGGTCTTGTCTATGGCTTCACTAGTAGGTTTTTTACCCTATGCGGTCTTTGGACCAGCCATTGGTGTATTATTGGATCGGCATGATAGGAAGCAGATAATGCTTGGTGCTGATTTAATTATCGCAGCAGCTGTGGCAGTGC
>Other.2
CAGGATAAGCCTGGCCCTGGTGGTATGGTTGGTATCGACGAGGAAGGATTCCGCACTTACTCGATTCTTGATATGCCAACAGATAGGATCTCACGCAAGGTTGGTGATGTTACGATGACCTGTCAGCAGTGGGCTGTGACTAGTATTTACATGGGACTGCGGATAGGTGTCGGTTCGTAACAGAGTTGTATGTTTACGTGTTTTATAAAAGGTTACTGGAGTTAGAATGAGAAGTCAATTATTAATTATTG
>Other.3
TGGTGATGATTTTGTGCCTTACTGAAAAAACAGGATCTGCGATGGGCTTGTCTATGGATTTAGTAGTAGGTTTTTTGCCCTATGCGGTCTGTGGCCCAGCCATTGGTGTATTAGTGGATCGTCATGATAGGGAGAAGATAATGATTGGTGCTGATTTAATTATCGCAGCAGCTGGGGCAGTGCTTGCTATTGTTGCATTGTATATGGAGCTACCTATCTGGATGGGTATGGTAGTATCGTGACTGGGAAAC
>Other.4
TGAGACGTTTACTTCTGATGGTAATCTGGATTGCAATGGGTTCCACTGGCTATGCCGCCTTATCGATATCGCTCTTGCTTGTAGCCCTGCTGGACGCCAGAGTAAGCTTAATGGCTGGCATCGTTCTCTGCTGTCGTACACTCACCCTGTCACTATTCGCTATCGTCCTCGTCATGCTGATATGACTATTGATAACAACCCGGACGTTGCACCTGATCTGTCTAACAATAACAAGCCTAAGATCATTCTCA
>Other.5
CCGCAGCCTCCCCGCCTGGGGGATCCGGAGGTGCTTACGCCGTGAAACCCCAAACAGTCGCGGGCCCCCCCAACATAGTCGCATCCCGCTTCTCCAAGTTGTGGGACCCAGCTGCCGCGCGTGCTCTGGAACGCGCCACCGACTCGGCCATCGATGGAATCGATGCTGCCGGGAAGGCCGCCTCCAAGGCGATCCCGCGAAAGCTGGACCGTCCCGCCGCTCCCTCCACCACCGCCACCCCCCAACCCTCT
>Other.6
TTCTAATACTTCTACTGCTTATAAAGCTAACAAAAAAGAAAAATTAATGCTAAACTTACTTGATAAATGTGATGAACTTAACTTACTTGTGTAGGAAGACTTAGTTAGTGCTTGTCCTGACCTTGTACTTATGCTTGAAGGTCAGCCAGGTGGTGCACGCCTAATTGAACAGGTGCTTGGCATGCATCATATTAAACTGTGTGCTAATTACACAGAGGTATATGTCTAAGTGCATGTATATCCTGATCAAT
>Other.7
GCTGCTGCTCCTTCTTTATTGTGGCTATATATGGGTCGTATCTTTGAGGGAATTACAGGTGCCAACATGGCTGTTGCAACAGCTTATGTTTCAGATATTACTCCAGCCCATGAGCGTGCAAAAAGGTTTGGTCTCCTTGGAGCTGTCTTTGGTATTGGGTTTATAGCGGGTCCGGTAATAGGTGGAGTTTTGGGTGAATGGAACTTTTTATAAACAGGAAAATACAAACCTCCTTATCGTGACTGGGAAAC
>Other.8
GCATAGAGGCACAGACCCGTATACTGTTTCATGCAATACATATAATGAAGATTCCGACAATTTTTTTCATCAATAAAATTGACCAAGAGGGGATTGATTTGCCAATGGTATATCGGGAAATGAAAGCAAAGCTTTCTTCGGAAATTATAGTGAAGCAAAAGGTTGGGCAGCATCCCCATATAAATGTAACGGACAATGACGATATGAGCGGATATCGTGACTGGGAAACATTGTTATCGTGACTGGGAAAC
>Other.9
AAGGGCGATTAATTAAGAATGCTTCCCATTGAAAAAGGTTGTTGAATAAAAAGGGAAGTAGTTCCGACTGATATTGATTATCATGTAAGAAATCCGAGCGCAAGGGATTTTGATGATTGCGGCAATGCATTTTGGAATGTAACACCTTATGTTATTAAAGGATTGTGCCGCAAAGAGATACTGTTTGCAATCGATCATCTGAACCAGATTCTACGGTTTGAACTACTAAAATGATATCGTGACTGGGAAAC
>Other.10
GGCAGACAGATCTACATGAACGGTCACCTGAACATCGACAAGTACGATGACGAGGCAGACTACGCAATTTTCGATGATATTAGTGGTGGATTTCAGTTTTTCCCGAGTTACAAAGGATGGCTTGGATGCCAAGTAGAATTCGATTGAATCGTGACTGGGAAACAGATCGGAAGAGCGTGGTGTAGGGAAAGAGTGTAGGCTATAGTTGGAAGTCCGGGTGGCGGCATGGCAGTGGCACAAGAAACGAGGCA
>Other.11
GGTTTATAGCGGGTCCGGTAATAGGGGGAGATTTGGGTGAATGGAACTTACATGCACCGTTCTTTGCTGCTGCTTTTATGAATGGGATTAATTTAATAATGACAGCAGTCTTATTAAAAGAATCAAAACACAGCAATAAAATGACTGAGAAGATTCAGGGGCAAGCAATATTAAAGAAATTAGCCAATTTGATAACTAAACCGAATATGACTACATTGCTTGTTATTGTTTTATTTATCACATTGGTTTCA
>Other.12
TTTGGTGGCTGGAACTTACTTGCACCATTCTTTTATGATGCTTTTATGACTGGGATCAATTTAATAATGACAGCAGTCTTATTAAAAGAATCAAAACACAGCAATAAAATGACTGAGAAGGTTCAGGAGCAATCAATATTAAAGAAATTATCCTATTTGATCACTCAACCTAATATGGCTCCATTGCTTGGTATCTTTTTAATTATCACATTGGTTTCACAAGTCCCCGCAACTTTATGGGAAACCCCTTG
>Other.13
CTTCTCATCGGCCCCGCGGGCACCGGCAAGTCTCGCCTCGCTCGGGAGCTTGGCCGAAGAATTGGCAACGGACTTCTCTTCAGACACTCTCTCGGAAAGTGGTTCGATGGGTACAGAGGAGAACGAACTGTCCTACTCGACGATTTTTGCGGATCTTCACTCTCTTTCACCTATCGTGACTGGGAAACAGATCGGAAGAGCACACGTCTGAACTCCAGTCACATTACTCGATCTCGTATGCCCTCTTCTGC
>Other.14
CTGTATTCAGCCAGCATAAAGCCTCACATCCTGATGCTCCAGGATGGTGTGGGTTCTATTGGCATTCTACTAGAATTGCTAGAAATGGTACTAATGCAATCTTTAATGAAATGAAACAGCAGTTCCAACAACTGCAGCTAGACAACAAAATTGGCTGGGATAATGCTAGAGAATTATTGTTTAGTCAGAAAAAATCACTAGATCAAAAATACAGAAATATGTTCTGGCACTTTAGAAATGGTTCTGATTGT
>Other.15
ATTTAATTCCTTTAATTGAATGGAACATTGCAAGTGAAAACAATTGGCACATGACGACCAATAAATATGGACGACTTTTCAAAAAGTATCTTAACCCGGAAATGTGGGCTAAAACAGAACAAACATTTTCAGGGAGCGATATAAAGGAAAATTGGACTGCTCTATTTTCAATGACTGATTTAGTTTCAGAAATAGGAACTGAATTGTCAAAAAATTAGAGTACAAATACCCGGATAAATTAGAAAATGACA
>Other.16
ATGATAAATCATATTCTGAACTAATAAAGAGTGGAAAAAATCCTTACTTATATTTCAATAAAGCTGATGAAACATTCACTGACGATTTGAAAAACGACTGGTCTCTTGGTGGCATTATTGGCTCAAGTTTCTTTAAACTTAAGCGCGCCGTGGCTCCTGCTCTAGGAAATAAAGAGCGAGCACAAAAAAGTCATTTTTACTTTGCAAACTCAAATAAAGGTGCAAAAAAACAACAAAATAACAACCCCAAA
>Other.17
TTATGCAATGGCGATAACCTTTGTTATAATGCCAGCTGCCATTATGTTTCCGTTGCTCACAACAGGGCATTTTGCAGGAGGAAAATGGGAGATAGGGATTGTAGAAGTGGTTTGGGGCGGAGGTATGCGTATTGGCGGTGTCATCCTGAGTATTTGCAAATTGAAAGGCGCAAAAGTAGTCGCAGTCAATGGTGTGTATGTATTAAGTGGTACTACATTAAGCTTGGGTGGTTGAGTAGCTGCAAGTTGGT
>Other.18
TTTATCTAAACAGTTCTACTACAATATAACTATTCTTATGCCTATGTATAGAAAATTGAACATAATACGAAGGAACAGAAACGAGACTATCTAAAGATTATAGGGGGAAGCCTTAGAACAAGAAAATCATACAACCTCAATGGCTCAGATGAGAATCTGAAAATAAGAAGTTTAAAGAACTTTTACGTTGGAAACGAAATAGATGTAGATGAAGTTTCTACAAACGAACTAACCTATCGTGACTGGGAAAC
>Other.19
TGGCACCAAGCAAAGAAAACTGTATCAGGCAGCTAAGAGTATGGAAAAGCGTTTGGCTGCATTAGAAGATATTCAAGCACCAGAGCATTTGCGTTCTATTCGTTTTCGTCAAAGTTCAGCCCTAGAACTGCACAATAAGTTCCCGATTACGGCAGATGGTCTGTGCTTAAAATTTGGTAGCCGTACTATCTTTGATGACTCTAACTTTATAATACCGTCTGGCGTTAAAGTCGCTATAACGGGATCGAAGG
>Other.20
GAAGTGTTTTGGGGCGGATGTATGCTTATTGTAGGTGTCATACGGAGTAGTTCCCAATTAAAAGGCTCAAAAGTAGTCGCAGTCAATGTTATGTTTGTATTATTGGGACTTACATTTATTTTGAGTGGTGTATTACCTGCAAGTTGGTTTGTAGGATTTGTGATGGTAACAGCCATTGGCGGTATCAGTCTGTCCGTTTTCAATGGCTGTTTTACAGCAATTGTACAAACAGAGGTAAGTCCTGAAAAATT
>Other.21
TTAGAAAAACAAGATGAAATTCGTCGTAGTTCTGCAAAATTACAGTTAGGTGTTGAGTAGATTTTTTTTAACAGGAGAAACAGAACCATCTTCACGATAAAACAAACGCGCACAAATAATATCAAACGCGCCGCCTAATCTATTTTTCAAATGTTCATTCATAATAATATTCCTAATAAAAACAAACACAATAAAATCATACCAATTTACCCATTTTCTCAGAATAAAAACGACCAAACAAAGAATTAAAA
>Other.22
CAAAGTTCAGCCCTAGAACTGCACAATAAGTTCCCGATTACGGCAGATGGTCTGAGCTTAAAATTTGGTAGCCGTACTATCTTTGATGACGCTAACTTTATAATACCGCTTGGCGCTAAAGTCGCTATAACTGGATCGAATGGAACAGGGAAAACGTCCTTGTTAAAAATGATATCAGAACGTGCTGATGGATTAACCATATCTCCCAACACTGAAATTGTCTACTTTACACAAACAGGATATAAAATTAA
>Other.23
TTTACGCTCGAAACTAAATAGATGTAGATGACGTTTCTAAAAAAGATATAGCAATTTTAGACCATGCCGCAAGTCTGATGGTAGGTGATTATTTAGGNACAATGCCAAGTTTATTTTATAAATTGAATATTCCTAGTCCTGCTCCCAAATCATNTATACATCCTGCCAAAGTAGAGGATAGGAGTAANNTNATTTCTGCTATGAATGTATTATCNGTAGAAGATCNATCTTTAACGTTTGGTATCAATGCT
>Other.24
CCGAGGAGGCATTCAGCTCCACGTTAAGCAAGATGGTTGACAGCTGGAAAAGGGTCGAGATCTCCACGTTGCGCATAGGTAAGCAGGGAGTACAGTGCTTGGAATCGAAACGTAGACATAGTTCGTTGTTGCACATATCTAATGGGTCCAAGTCTGGGACGCTTAATGTTATAGTCCCAGACGGACCCAGACCCGGGTCCAACGAACTATAAATACCCCTCTTCTCCCCCCCGTTATCGTGACTGGGAAAC
>Other.25
AATGTCTGTGCTTGACTGTTATTAGGAACTATATATCCAGACATTATAACGGTTTGATTAGGTTCATATAAAGAAGCAGGTGCTTGATATGTACCACGAGTTATAGCTTTGACATCTTGATCTTGAGGTACATATATTAAAACAAACATTAATGGAGCAGTTCCTGCATATAATATTTTTAATGAAAAGTTTTTGGCTTTTCTTATACCCGGAATATAAGATGATATGACAATAGTGGCATCTATCGGGGA
