SUMZER_COMMENT=sra=SRR5447171,genome=cov3ma,date=200530-02:48;
family=Coronaviridae;score=100;pctid=93;aln=6385;glb=2289;panlen=30000;cvg=..oo..o........ooO.....oO;top=KY370052.1;topaln=3802;toplen=221;topname=Rodent coronavirus isolate RtMm-CoV-1/IM2014 ORF1ab polyprotein, hemagglutinin-esterase protein, spike glycoprotein, envelope protein, membrane protein, and nucleocapsid protein genes, complete cds;
family=Parvoviridae;score=52;pctid=88;aln=140;glb=13;panlen=5075;cvg=_____....__....oo..ooOoO.;top=NC_043446.1;topaln=3;toplen=4281;topname=Protoparvovirus Zsana/2013/HUN non-structural protein gene;
family=Picornaviridae;score=48;pctid=91;aln=215;glb=33;panlen=7591;cvg=.........___._..O___....o;top=NC_038880.1;topaln=176;toplen=8749;topname=Rosavirus M-7 polyprotein gene;
family=AMR;score=36;pctid=96;aln=79;glb=42;panlen=1000;cvg=..._........._..__..._..O;top=V00618.1_3002644;topaln=21;toplen=795;topname=APH(3')-IIa,Escherichia coli;
family=Picobirnaviridae;score=16;pctid=90;aln=32;glb=1;panlen=1745;cvg=________..__._.O..__O____;top=NC_040753.1;topaln=15;toplen=1721;topname=Picobirnavirus sp. strain PBV/roe_deer/SLO/D38-14/2014 segment 2;
family=Herpesviridae;score=16;pctid=90;aln=29;glb=5;panlen=148687;cvg=_o_o__.O_._o._O____.__o.O;top=NC_003521.1;topaln=2;toplen=241087;topname=Panine herpesvirus 2 strain Heberling;
family=Alloherpesviridae;score=8;pctid=84;aln=13;glb=0;panlen=207914;cvg=o_O__________.__________O;top=NC_009127.1;topaln=10;toplen=295146;topname=Cyprinid herpesvirus 3;
family=Circoviridae;score=8;pctid=91;aln=46;glb=0;panlen=1866;cvg=____.O_..________________;top=NC_040381.1;topaln=44;toplen=2046;topname=Feline stool-associated circular virus KU14 DNA;
family=Polyomaviridae;score=4;pctid=97;aln=5;glb=0;panlen=5112;cvg=____________O____________;top=NC_001669.1;topaln=5;toplen=5243;topname=Simian virus 40 complete genome;
family=Unknown;score=4;pctid=90;aln=6;glb=0;panlen=4668;cvg=________________________O;top=NC_030697.1;topaln=6;toplen=9808;topname=Picornavirales Bu-3 gene for polyprotein;
family=Flaviviridae;score=0;pctid=94;aln=1;glb=0;panlen=10290;cvg=__________________.______;top=NC_025679.1;topaln=1;toplen=10023;topname=Norway rat pegivirus isolate NrPgV/NYC-E13 polyprotein gene;
family=Astroviridae;score=0;pctid=93;aln=3;glb=0;panlen=6450;cvg=____________o__._________;top=NC_027426.1;topaln=3;toplen=7025;topname=Astrovirus Er/SZAL6/HUN/2011;
family=Poxviridae;score=0;pctid=100;aln=1;glb=0;panlen=181133;cvg=_______._________________;top=NC_035469.1;topaln=1;toplen=200223;topname=NY_014 poxvirus strain 2013;
family=Genomoviridae;score=0;pctid=100;aln=1;glb=0;panlen=2200;cvg=___________._____________;top=NC_025738.1;topaln=1;toplen=2175;topname=Faecal-associated gemycircularvirus 2;
family=Papillomaviridae;score=0;pctid=90;aln=3;glb=0;panlen=7583;cvg=________.____o___________;top=NC_040604.1;topaln=2;toplen=7373;topname=Rodent papillomavirus isolate RtRn-PV/GD2014;
family=Rhabdoviridae;score=0;pctid=91;aln=4;glb=0;panlen=11510;cvg=_______________o__o______;top=NC_039206.1;topaln=2;toplen=11121;topname=Jurona virus nucleoprotein;
acc=NC_038880.1;pctid=90.8;aln=176;glb=30;len=8749;cvgpct=44;len=8749;depth=176;cvg=.......____...O__..._.._.;fam=Picornaviridae;name=Rosavirus M-7 polyprotein gene;
acc=KY370052.1;pctid=96.1;aln=3802;glb=1931;len=221;cvgpct=36;len=221;depth=3.8e+03;cvg=_____......._..._._.____O;fam=Coronaviridae;name=Rodent coronavirus isolate RtMm-CoV-1/IM2014 ORF1ab polyprotein, hemagglutinin-esterase protein, spike glycoprotein, envelope protein, membrane protein, and nucleocapsid protein genes, complete cds;
acc=JN874562.1;pctid=88.2;aln=41;glb=8;len=30904;cvgpct=32;len=30904;depth=41;cvg=o___o..o.o_..o.oO_____.O_;fam=Coronaviridae;name=Rabbit coronavirus HKU14 strain HKU14-10, complete genome;
acc=NC_017083.1;pctid=90.0;aln=58;glb=7;len=31100;cvgpct=28;len=31100;depth=58;cvg=o___.._.....__..O_____.._;fam=Coronaviridae;name=Rabbit coronavirus HKU14, complete genome;
acc=NC_026011.1;pctid=87.6;aln=86;glb=20;len=31249;cvgpct=28;len=31249;depth=86;cvg=o_.O____...__o.oO._.O...o;fam=Coronaviridae;name=Betacoronavirus HKU24 strain HKU24-R05005I, complete genome;
acc=EF446615.1;pctid=88.3;aln=35;glb=8;len=30992;cvgpct=24;len=30992;depth=35;cvg=O__________...oOO_o___.o_;fam=Coronaviridae;name=Equine coronavirus strain NC99, complete genome;
acc=MH687969.1;pctid=89.0;aln=35;glb=4;len=31352;cvgpct=24;len=31352;depth=35;cvg=O__O__._.o_..._ooO.._._oo;fam=Coronaviridae;name=Betacoronavirus sp. strain VZ_BetaCoV_20724_33, complete genome;
acc=MH687968.1;pctid=90.6;aln=59;glb=16;len=31083;cvgpct=20;len=31083;depth=59;cvg=__________._o__.O.___._..;fam=Coronaviridae;name=Betacoronavirus sp. strain VZ_BetaCoV_16715_52, complete genome;
acc=NC_038537.1;pctid=87.4;aln=57;glb=11;len=4786;cvgpct=20;len=4786;depth=57;cvg=______.______.....____O..;fam=Parvoviridae;name=Bocavirus pig/SX/China/2010 NS1 (NS1);
acc=MH687977.1;pctid=87.2;aln=36;glb=6;len=31327;cvgpct=16;len=31327;depth=36;cvg=O__O__o____o__oOooo__o_o.;fam=Coronaviridae;name=Betacoronavirus sp. strain VZ_BetaCoV_22084_10, complete genome;
acc=LC061273.1;pctid=88.3;aln=54;glb=10;len=30916;cvgpct=16;len=30916;depth=54;cvg=.___._____..._..O..______;fam=Coronaviridae;name=Equine coronavirus RNA, complete genome, strain: Obihiro12-1;
acc=NC_038538.1;pctid=88.5;aln=48;glb=1;len=5267;cvgpct=16;len=5267;depth=48;cvg=_____________._._._...O_.;fam=Parvoviridae;name=Porcine bocavirus H18;
acc=NC_024070.1;pctid=91.7;aln=29;glb=3;len=8931;cvgpct=16;len=8931;depth=29;cvg=O_____________O___O_..o__;fam=Picornaviridae;name=Rosavirus 2 strain GA7403;
acc=MH687978.1;pctid=88.9;aln=30;glb=4;len=31289;cvgpct=16;len=31289;depth=30;cvg=O__o____.______O.O.._._Oo;fam=Coronaviridae;name=Betacoronavirus sp. strain VZ_BetaCoV_22084_6, complete genome;
acc=MH687970.1;pctid=89.5;aln=23;glb=0;len=31038;cvgpct=16;len=31038;depth=23;cvg=___._____Oo.____.._OO___O;fam=Coronaviridae;name=Betacoronavirus sp. strain VZ_BetaCoV_20724_34_c12, complete genome;
acc=KU886219.1;pctid=90.1;aln=12;glb=2;len=30975;cvgpct=12;len=30975;depth=12;cvg=________O______.O__.__O__;fam=Coronaviridae;name=Bovine coronavirus strain BCV-AKS-01, complete genome;
acc=MN514967.1;pctid=90.2;aln=15;glb=0;len=30799;cvgpct=12;len=30799;depth=15;cvg=O____________.__..__.O_oO;fam=Coronaviridae;name=Dromedary camel coronavirus HKU23 isolate DcCoV-HKU23/camel/Nigeria/NV1385/2016, complete genome;
acc=AB551247.1;pctid=89.5;aln=29;glb=3;len=31428;cvgpct=12;len=31428;depth=29;cvg=________.____O_O._______o;fam=Coronaviridae;name=Murine hepatitis virus RNA, complete genome, strain: MHV-MI;
acc=NC_035206.1;pctid=90.7;aln=6;glb=1;len=1689;cvgpct=8;len=1689;depth=6;cvg=_______________OO________;fam=Picobirnaviridae;name=Picobirnavirus dog/KNA/2015 strain PBV/Dog/KNA/RVC7/2015 RNA-dependent RNA polymerase gene;
acc=AY884001.1;pctid=86.8;aln=11;glb=2;len=29815;cvgpct=8;len=29815;depth=11;cvg=._______..______O______O_;fam=Coronaviridae;name=Human coronavirus HKU1 genotype B, complete genome;
acc=NC_001510.1;pctid=89.3;aln=8;glb=0;len=5149;cvgpct=8;len=5149;depth=8;cvg=_______O___O_____________;fam=Parvoviridae;name=Minute virus of mice;
acc=FJ647224.1;pctid=87.4;aln=9;glb=1;len=31448;cvgpct=8;len=31448;depth=9;cvg=________O___.__Oo________;fam=Coronaviridae;name=Murine coronavirus MHV-3, complete genome;
acc=KY983583.1;pctid=88.0;aln=9;glb=3;len=30668;cvgpct=8;len=30668;depth=9;cvg=_____________.O_.______.O;fam=Coronaviridae;name=Human coronavirus OC43 strain HCoV_OC43/Seattle/USA/SC2481/2015, complete genome;
acc=NC_009127.1;pctid=83.6;aln=10;glb=0;len=295146;cvgpct=8;len=295146;depth=10;cvg=_O______________________O;fam=Alloherpesviridae;name=Cyprinid herpesvirus 3;
acc=NC_006577.2;pctid=86.1;aln=11;glb=0;len=29926;cvgpct=8;len=29926;depth=11;cvg=______O_________.O__.____;fam=Coronaviridae;name=Human coronavirus HKU1, complete genome;
acc=KY419103.1;pctid=90.4;aln=16;glb=4;len=30632;cvgpct=8;len=30632;depth=16;cvg=___________._..OO______._;fam=Coronaviridae;name=Porcine hemagglutinating encephalomyelitis virus strain PHEV CoV USA-15TOSU25049, complete genome;
acc=KY419106.1;pctid=90.0;aln=13;glb=2;len=29866;cvgpct=8;len=29866;depth=13;cvg=._______o_______O_.___.._;fam=Coronaviridae;name=Porcine hemagglutinating encephalomyelitis virus strain PHEV CoV USA-15TOSU1785, complete genome;
acc=LC494151.1;pctid=90.4;aln=15;glb=2;len=30951;cvgpct=8;len=30951;depth=15;cvg=____________.._O_o.____O_;fam=Coronaviridae;name=Bovine coronavirus IWT-25 RNA, complete genome;
acc=NC_004065.1;pctid=88.9;aln=11;glb=2;len=230278;cvgpct=8;len=230278;depth=11;cvg=__o_o____O____O__________;fam=Herpesviridae;name=Murid herpesvirus 1;
acc=NC_040381.1;pctid=91.5;aln=44;glb=0;len=2046;cvgpct=8;len=2046;depth=44;cvg=___.OO___________________;fam=Circoviridae;name=Feline stool-associated circular virus KU14 DNA;
acc=NC_040753.1;pctid=89.8;aln=15;glb=0;len=1721;cvgpct=8;len=1721;depth=15;cvg=________.o______O________;fam=Picobirnaviridae;name=Picobirnavirus sp. strain PBV/roe_deer/SLO/D38-14/2014 segment 2;
acc=EU019216.1;pctid=90.5;aln=36;glb=8;len=21291;cvgpct=8;len=21291;depth=36;cvg=__.__O__O_.______________;fam=Coronaviridae;name=Bovine coronavirus Bubalus/Italy/179/07-11 nonstructural protein 1b (ORF1b) gene, partial cds; and 32 kDa nonstructural protein, hemagglutinin-esterase (HE), spike protein (S), 4.9 kDa nonstructural protein, 4.8 kDa nonstructural protein, 12.7 kDa nonstructural protein, envelope protein (E), membrane protein (M), nucleocapsid protein (N), and I protein (I) genes, complete cds;
acc=KY419112.1;pctid=90.5;aln=15;glb=0;len=30531;cvgpct=8;len=30531;depth=15;cvg=_______________.o_____O._;fam=Coronaviridae;name=Porcine hemagglutinating encephalomyelitis virus strain PHEV CoV USA-15TOSU1765, complete genome;
acc=LC061272.1;pctid=88.8;aln=32;glb=2;len=30782;cvgpct=8;len=30782;depth=32;cvg=o________.__._..O....._._;fam=Coronaviridae;name=Equine coronavirus RNA, complete genome, strain: Tokachi09;
acc=KF906249.1;pctid=89.9;aln=13;glb=5;len=31052;cvgpct=8;len=31052;depth=13;cvg=________.___.___O___.oo_O;fam=Coronaviridae;name=Dromedary camel coronavirus HKU23 strain HKU23-265F, complete genome;
acc=MH687975.1;pctid=89.1;aln=45;glb=11;len=3214;cvgpct=8;len=3214;depth=45;cvg=._______________________O;fam=Coronaviridae;name=Betacoronavirus sp. strain VZ_BetaCoV_22054_56, partial genome;
acc=KX447776.1;pctid=90.4;aln=3;glb=0;len=24844;cvgpct=4;len=24844;depth=3;cvg=_O_______________________;fam=Coronaviridae;name=Human coronavirus OC43 isolate guangzhou/2013/01 spike protein (S) gene, partial cds;
acc=KU558922.1;pctid=93.0;aln=5;glb=2;len=31039;cvgpct=4;len=31039;depth=5;cvg=.______________________O_;fam=Coronaviridae;name=Betacoronavirus 1 isolate Buffalo coronavirus B1-24F, complete genome;
acc=KF963230.1;pctid=88.5;aln=3;glb=0;len=23640;cvgpct=4;len=23640;depth=3;cvg=__O______________________;fam=Coronaviridae;name=Human coronavirus OC43 isolate HCoV-OC43/FRA_EPI/Caen/2001/01 Spike glycoprotein (S) gene, complete cds;
acc=MK095174.1;pctid=90.2;aln=6;glb=0;len=23615;cvgpct=4;len=23615;depth=6;cvg=___O_____________________;fam=Coronaviridae;name=Bovine coronavirus strain BCOV-China/SWUN/SC1/2017 spike glycoprotein gene, complete cds;
acc=NC_032730.1;pctid=90.9;aln=3;glb=0;len=28763;cvgpct=4;len=28763;depth=3;cvg=_________________O_______;fam=Coronaviridae;name=Lucheng Rn rat coronavirus isolate Lucheng-19, complete genome;
acc=KX897160.1;pctid=93.6;aln=5;glb=4;len=28738;cvgpct=4;len=28738;depth=5;cvg=O________________________;fam=Coronaviridae;name=Bovine coronavirus strain ABT/BF/16/Bocv167 membrane protein (M) gene, partial cds;
acc=NC_034440.1;pctid=88.6;aln=3;glb=0;len=29642;cvgpct=4;len=29642;depth=3;cvg=_____________O___________;fam=Coronaviridae;name=Bat coronavirus isolate PREDICT/PDF-2180, complete genome;
acc=NC_031105.1;pctid=93.7;aln=6;glb=0;len=8938;cvgpct=4;len=8938;depth=6;cvg=O._______________________;fam=Picornaviridae;name=Rosavirus B strain RNCW0602091R polyprotein gene;
acc=MK327281.1;pctid=89.0;aln=6;glb=2;len=1;cvgpct=4;len=1;depth=6;cvg=________________________O;fam=Coronaviridae;name=Human coronavirus OC43 isolate MDS15, partial genome;
acc=JQ173883.1;pctid=91.0;aln=8;glb=2;len=31161;cvgpct=4;len=31161;depth=8;cvg=________________o_______O;fam=Coronaviridae;name=Murine hepatitis virus strain S/3239-17, complete genome;
acc=KM888159.1;pctid=94.0;aln=6;glb=2;len=14613;cvgpct=4;len=14613;depth=6;cvg=O________________________;fam=Coronaviridae;name=Coronavirus RCoV/D_RMU10_1087/Apo_fla/GER/2010 RNA-dependent RNA polymerase (RdRp) gene, partial cds;
acc=MK378618.1;pctid=92.5;aln=3;glb=0;len=20106;cvgpct=4;len=20106;depth=3;cvg=O________________________;fam=Coronaviridae;name=Porcine hemagglutinating encephalomyelitis virus isolate PHEV_VIRES_NM01_C8 polyprotein 1ab gene, partial cds;
acc=MH475356.1;pctid=92.5;aln=3;glb=0;len=28621;cvgpct=4;len=28621;depth=3;cvg=O________________________;fam=Coronaviridae;name=Porcine hemagglutinating encephalomyelitis virus strain CZE/P694/2016 nucleocapsid protein (N) gene, partial cds;
acc=KM888128.1;pctid=92.0;aln=4;glb=2;len=14830;cvgpct=4;len=14830;depth=4;cvg=O________________________;fam=Coronaviridae;name=Coronavirus RCoV/D_RMU10_1919/Myo_gla/GER/2010 RNA-dependent RNA polymerase (RdRp) gene, partial cds;
acc=MK095175.1;pctid=89.7;aln=3;glb=0;len=23615;cvgpct=4;len=23615;depth=3;cvg=___O_____________________;fam=Coronaviridae;name=Bovine coronavirus strain BCOV-China/SWUN/SC2/2017 spike glycoprotein gene, complete cds;
acc=MF416379.1;pctid=88.9;aln=7;glb=1;len=5;cvgpct=4;len=5;depth=7;cvg=________________________O;fam=Coronaviridae;name=Murine hepatitis virus isolate MHV/NYC/Manhattan/poolF5, partial genome;
acc=KF280267.1;pctid=84.3;aln=3;glb=0;len=1;cvgpct=4;len=1;depth=3;cvg=________________________O;fam=Coronaviridae;name=Infectious bronchitis virus strain CK/CH/LHLJ/04V P3, partial genome;
acc=M35255.1;pctid=90.5;aln=4;glb=0;len=29481;cvgpct=4;len=29481;depth=4;cvg=O________________________;fam=Coronaviridae;name=Mouse hepatitis virus nucleocapsid (N-MHVS) RNA, complete cds;
acc=MF593476.1;pctid=94.5;aln=4;glb=0;len=167;cvgpct=4;len=167;depth=4;cvg=________________________O;fam=Coronaviridae;name=Camel coronavirus HKU23 polyprotein ORF1ab (orf1ab), polyprotein ORF1a (orf1ab), NS2 protein (NS2), hemagglutinin-esterase protein (HE), spike protein (S), NS5 protein (NS5), envelope protein (E), membrane protein (M), nucleocapsid protein (N), and internal protein (N2) genes, complete cds;
acc=DQ415899.1;pctid=88.4;aln=5;glb=1;len=29905;cvgpct=4;len=29905;depth=5;cvg=_______.________.______O_;fam=Coronaviridae;name=Human coronavirus HKU1 strain N22 genotype C, complete genome;
acc=EU769558.1;pctid=93.6;aln=3;glb=0;len=14335;cvgpct=4;len=14335;depth=3;cvg=____O____________________;fam=Coronaviridae;name=Bat coronavirus Trinidad/1CO7BA/2007 nonstructural protein 1b` gene, partial cds;
acc=NC_003045.1;pctid=90.2;aln=11;glb=2;len=31028;cvgpct=4;len=31028;depth=11;cvg=___________.___.._.____O.;fam=Coronaviridae;name=Bovine coronavirus, complete genome;
acc=NC_001669.1;pctid=96.5;aln=5;glb=0;len=5243;cvgpct=4;len=5243;depth=5;cvg=____________O____________;fam=Polyomaviridae;name=Simian virus 40 complete genome;
acc=GQ918143.1;pctid=91.8;aln=7;glb=1;len=21336;cvgpct=4;len=21336;depth=7;cvg=_____.__O..______________;fam=Coronaviridae;name=Canine respiratory coronavirus strain K39 32 kDa protein, hemagglutinin-esterase, spike protein, 4.9 kDa protein, 2.7 kDa protein, 12.8 kDa protein, E protein, membrane protein, nucleocapsid protein, and internal N-gene protein genes, complete cds;
acc=KF294350.1;pctid=97.7;aln=3;glb=0;len=13461;cvgpct=4;len=13461;depth=3;cvg=O________________________;fam=Coronaviridae;name=Longquan Aa mouse coronavirus isolate Longquan-615 RNA-dependent RNA polymerase gene, partial cds;
acc=DQ778921.1;pctid=84.0;aln=4;glb=1;len=28400;cvgpct=4;len=28400;depth=4;cvg=O________________________;fam=Coronaviridae;name=Human coronavirus HKU1 strain Caen nucleocapsid phosphoprotein (N) gene, complete cds;
acc=AH014868.2;pctid=90.6;aln=3;glb=1;len=22325;cvgpct=4;len=22325;depth=3;cvg=__O______________________;fam=Coronaviridae;name=Bovine coronavirus strain KWD3 hemagglutinin-esterase (HE), structural protein E (E), and structural protein M (M) genes, complete cds;
acc=KF294372.1;pctid=90.8;aln=12;glb=6;len=429;cvgpct=4;len=429;depth=12;cvg=________________________O;fam=Coronaviridae;name=Longquan Rl rat coronavirus isolate Longquan-708 orf1ab polyprotein gene, partial cds; and hemagglutinin-esterase, spike protein, envelope protein, membrane protein, and nucleocapsid protein genes, complete cds;
acc=NC_030402.1;pctid=92.1;aln=5;glb=0;len=5224;cvgpct=4;len=5224;depth=5;cvg=__________________O______;fam=Parvoviridae;name=Ungulate bocaparvovirus 6 strain Ungulate bocaparvovirus 6 strain USII/03;
acc=MN514974.1;pctid=87.5;aln=3;glb=0;len=29172;cvgpct=4;len=29172;depth=3;cvg=O________________________;fam=Coronaviridae;name=Dromedary camel coronavirus HKU23 isolate DcCoV-HKU23/camel/Ethiopia/CAC1452/2015 N protein (N) gene, complete cds;
acc=KF686338.1;pctid=88.0;aln=3;glb=0;len=20;cvgpct=4;len=20;depth=3;cvg=________________________O;fam=Coronaviridae;name=UNVERIFIED: Human coronavirus HKU1 strain HKU1/human/USA/HKU1-1/2005 genomic sequence;
acc=KY419109.1;pctid=89.6;aln=13;glb=4;len=29906;cvgpct=4;len=29906;depth=13;cvg=._______.___..__O.____o._;fam=Coronaviridae;name=Porcine hemagglutinating encephalomyelitis virus strain PHEV CoV USA-15TOSU1655, complete genome;
acc=AF523846.1;pctid=89.9;aln=7;glb=0;len=1;cvgpct=4;len=1;depth=7;cvg=________________________O;fam=Coronaviridae;name=Equine Coronavirus NC99 p28 gene, partial cds;
acc=KY370069.1;pctid=98.2;aln=23;glb=14;len=15152;cvgpct=4;len=15152;depth=23;cvg=O________________________;fam=Coronaviridae;name=Rodent coronavirus isolate RtMm-CoV/XJ2015 RNA-dependent RNA polymerase gene, partial cds;
acc=KC178698.1;pctid=87.4;aln=3;glb=2;len=28714;cvgpct=4;len=28714;depth=3;cvg=O________________________;fam=Coronaviridae;name=Equine coronavirus isolate ECoV_FRA_2012/1 M protein gene, partial cds;
acc=KF686343.1;pctid=88.4;aln=7;glb=1;len=29983;cvgpct=4;len=29983;depth=7;cvg=______o_.___________.___O;fam=Coronaviridae;name=Human coronavirus HKU1 strain HKU1/human/USA/HKU1-13/2010, complete genome;
acc=KY492680.1;pctid=93.3;aln=11;glb=3;len=23427;cvgpct=4;len=23427;depth=11;cvg=___O_____________________;fam=Coronaviridae;name=Porcine hemagglutinating encephalomyelitis virus strain UU spike glycoprotein (S) mRNA, complete cds;
acc=NC_006213.1;pctid=87.3;aln=11;glb=2;len=30741;cvgpct=4;len=30741;depth=11;cvg=______________._O.___oo._;fam=Coronaviridae;name=Human coronavirus OC43 strain ATCC VR-759, complete genome;
acc=MG977448.1;pctid=89.6;aln=8;glb=2;len=190;cvgpct=4;len=190;depth=8;cvg=________________________O;fam=Coronaviridae;name=Human coronavirus OC43 isolate TNP F1833_2, partial genome;
acc=DQ415904.1;pctid=85.2;aln=6;glb=1;len=29295;cvgpct=4;len=29295;depth=6;cvg=______O__________._______;fam=Coronaviridae;name=Human coronavirus HKU1 strain N6 genotype A, complete genome;
acc=FJ415324.1;pctid=90.0;aln=10;glb=2;len=31029;cvgpct=4;len=31029;depth=10;cvg=.______________..O____._o;fam=Coronaviridae;name=Human enteric coronavirus 4408, complete genome;
acc=KY994645.1;pctid=89.9;aln=8;glb=0;len=30684;cvgpct=4;len=30684;depth=8;cvg=O_________.___._________.;fam=Coronaviridae;name=Porcine hemagglutinating encephalomyelitis virus strain JL/2008, complete genome;
acc=AY102933.1;pctid=84.1;aln=3;glb=0;len=29894;cvgpct=4;len=29894;depth=3;cvg=O________________________;fam=Coronaviridae;name=Murine hepatitis virus nucleocapsid protein mRNA, partial cds;
acc=LR721664.1;pctid=91.5;aln=8;glb=1;len=1;cvgpct=4;len=1;depth=8;cvg=________________________O;fam=Coronaviridae;name=XXX;
acc=KX432213.1;pctid=88.1;aln=9;glb=0;len=30868;cvgpct=4;len=30868;depth=9;cvg=.____.O_________._o______;fam=Coronaviridae;name=Canine respiratory coronavirus strain BJ232, complete genome;
acc=KF686344.1;pctid=88.7;aln=7;glb=1;len=29695;cvgpct=4;len=29695;depth=7;cvg=______O__________o__.____;fam=Coronaviridae;name=Human coronavirus HKU1 strain HKU1/human/USA/HKU1-15/2009, complete genome;
acc=NC_040439.1;pctid=92.7;aln=9;glb=0;len=1700;cvgpct=4;len=1700;depth=9;cvg=_________________.__.O___;fam=Picobirnaviridae;name=Chicken picobirnavirus strain PBV/CHK/M3841/HUN/2011 segment RNA2;
acc=AB671299.1;pctid=91.0;aln=7;glb=1;len=23744;cvgpct=4;len=23744;depth=7;cvg=._O______________________;fam=Coronaviridae;name=Equine coronavirus S gene for spike protein, complete cds;
acc=JB181528.1;pctid=99.5;aln=9;glb=6;len=19136;cvgpct=4;len=19136;depth=9;cvg=..___O.__________________;fam=Coronaviridae;name=Sequence 1 from Patent WO2012117045;
acc=KF850449.2;pctid=89.8;aln=8;glb=1;len=39;cvgpct=4;len=39;depth=8;cvg=________________________O;fam=Coronaviridae;name=Rat coronavirus strain mouse_lab/USA/MG6644_HOLMES10/1996, partial genome;
acc=KY370043.1;pctid=89.8;aln=26;glb=5;len=1;cvgpct=4;len=1;depth=26;cvg=________________________O;fam=Coronaviridae;name=Rodent coronavirus isolate RtRn-CoV/YN2013 ORF1ab polyprotein, hemagglutinin-esterase protein, spike glycoprotein, envelope protein, membrane protein, and nucleocapsid protein genes, complete cds;
acc=KY967360.1;pctid=88.0;aln=6;glb=4;len=30674;cvgpct=4;len=30674;depth=6;cvg=_________._____Oo________;fam=Coronaviridae;name=Human coronavirus OC43 strain HCoV_OC43/Seattle/USA/SC2476/2015, complete genome;
acc=KF294371.1;pctid=92.6;aln=28;glb=6;len=444;cvgpct=4;len=444;depth=28;cvg=________________________O;fam=Coronaviridae;name=Longquan Rl rat coronavirus isolate Longquan-370 orf1ab polyprotein gene, partial cds; and hemagglutinin-esterase, spike protein, envelope protein, membrane protein, and nucleocapsid protein genes, complete cds;
acc=NC_030697.1;pctid=89.7;aln=6;glb=0;len=9808;cvgpct=4;len=9808;depth=6;cvg=________________________O;fam=Unknown;name=Picornavirales Bu-3 gene for polyprotein;
acc=MN514963.1;pctid=89.5;aln=17;glb=1;len=31062;cvgpct=4;len=31062;depth=17;cvg=________._._________.__O.;fam=Coronaviridae;name=Dromedary camel coronavirus HKU23 isolate DcCoV-HKU23/camel/Morocco/CAC2586/2016, complete genome;
acc=NC_012936.1;pctid=86.6;aln=7;glb=2;len=31250;cvgpct=4;len=31250;depth=7;cvg=____.___________________O;fam=Coronaviridae;name=Rat coronavirus Parker, complete genome;
acc=KF923889.1;pctid=87.0;aln=9;glb=0;len=30719;cvgpct=4;len=30719;depth=9;cvg=_______________o.____O__.;fam=Coronaviridae;name=Human coronavirus OC43 isolate 1926/2006, complete genome;
acc=KU558923.1;pctid=88.9;aln=4;glb=0;len=30985;cvgpct=4;len=30985;depth=4;cvg=________O_______________.;fam=Coronaviridae;name=Betacoronavirus 1 isolate Buffalo coronavirus B1-28F, complete genome;
acc=KY370067.1;pctid=97.6;aln=22;glb=10;len=15116;cvgpct=4;len=15116;depth=22;cvg=O________________________;fam=Coronaviridae;name=Rodent coronavirus isolate RtAs-CoV/XJ2015 RNA-dependent RNA polymerase gene, partial cds;
acc=DQ011855.1;pctid=90.8;aln=10;glb=3;len=30480;cvgpct=4;len=30480;depth=10;cvg=.______________.O.___.__.;fam=Coronaviridae;name=Porcine hemagglutinating encephalomyelitis virus strain VW572, complete genome;
acc=KY370049.1;pctid=89.8;aln=23;glb=2;len=1;cvgpct=4;len=1;depth=23;cvg=________________________O;fam=Coronaviridae;name=Rodent coronavirus isolate RtNn-CoV/SAX2015 ORF1ab polyprotein, hemagglutinin-esterase protein, spike glycoprotein, envelope protein, membrane protein, and nucleocapsid protein genes, complete cds;
acc=AF207902.1;pctid=92.0;aln=4;glb=1;len=1;cvgpct=4;len=1;depth=4;cvg=________________________O;fam=Coronaviridae;name=Murine hepatitis virus strain ML-11 RNA-directed RNA polymerase (orf1A), RNA-directed RNA polymerase (orf1B), non-structural protein (orf2A), hemagglutinin esterase protein (orf2B), spike glycoprotein precursor (orf3), non-structural protein (orf5A), envelope glycoprotein E (orf5B), matrix glycoprotein (orf6), and nucleocapsid protein (orf7) genes, complete cds;
acc=MN514965.1;pctid=90.2;aln=13;glb=1;len=30799;cvgpct=4;len=30799;depth=13;cvg=.____________.__.___.O___;fam=Coronaviridae;name=Dromedary camel coronavirus HKU23 isolate DcCoV-HKU23/camel/Nigeria/NV1092/2015, complete genome;
acc=KY370047.1;pctid=88.8;aln=88;glb=23;len=2;cvgpct=4;len=2;depth=88;cvg=________________________O;fam=Coronaviridae;name=Rodent coronavirus isolate RtAp-CoV/Tibet2014 ORF1ab polyprotein, hemagglutinin-esterase protein, spike glycoprotein, envelope protein, membrane protein, and nucleocapsid protein genes, complete cds;
acc=MN514966.1;pctid=90.9;aln=9;glb=2;len=31075;cvgpct=4;len=31075;depth=9;cvg=_________.._.__.____O__o_;fam=Coronaviridae;name=Dromedary camel coronavirus HKU23 isolate DcCoV-HKU23/camel/Nigeria/NV1097/2015, complete genome;
acc=KY370044.1;pctid=89.1;aln=36;glb=3;len=1;cvgpct=4;len=1;depth=36;cvg=________________________O;fam=Coronaviridae;name=Rodent coronavirus isolate RtAs-CoV/IM2014 ORF1ab polyprotein, hemagglutinin-esterase protein, spike glycoprotein, envelope protein, membrane protein, and nucleocapsid protein genes, complete cds;
acc=KY370051.1;pctid=90.3;aln=57;glb=4;len=1;cvgpct=4;len=1;depth=57;cvg=________________________O;fam=Coronaviridae;name=Rodent coronavirus isolate RtBi-CoV/FJ2015 ORF1ab polyprotein, hemagglutinin-esterase protein, spike glycoprotein, envelope protein, membrane protein, and nucleocapsid protein genes, complete cds;
acc=AF201929.1;pctid=87.8;aln=5;glb=1;len=31276;cvgpct=4;len=31276;depth=5;cvg=_____________.__._______O;fam=Coronaviridae;name=Murine hepatitis virus strain 2, complete genome;
acc=MK167038.1;pctid=88.3;aln=5;glb=0;len=29921;cvgpct=4;len=29921;depth=5;cvg=_________o_____________O_;fam=Coronaviridae;name=Human coronavirus HKU1 strain SC2521, complete genome;
acc=HQ166910.1;pctid=95.2;aln=71;glb=0;len=1102;cvgpct=4;len=1102;depth=71;cvg=________________________O;fam=Coronaviridae;name=Zaria bat coronavirus strain ZBCoV, partial genome;
acc=KF294357.1;pctid=89.7;aln=67;glb=15;len=402;cvgpct=4;len=402;depth=67;cvg=________________________O;fam=Coronaviridae;name=Longquan Aa mouse coronavirus isolate Longquan-343 orf1ab polyprotein gene, partial cds; and hemmaglutinin-esterase, spike structural protein, envelope protein, membrane protein, and nucleocapsid protein genes, complete cds;
acc=NC_043446.1;pctid=85.5;aln=3;glb=0;len=4281;cvgpct=4;len=4281;depth=3;cvg=_______O_________________;fam=Parvoviridae;name=Protoparvovirus Zsana/2013/HUN non-structural protein gene;
acc=KY370048.1;pctid=87.7;aln=80;glb=7;len=1;cvgpct=4;len=1;depth=80;cvg=________________________O;fam=Coronaviridae;name=Rodent coronavirus isolate RtMm-CoV/GD2015 ORF1ab polyprotein, hemagglutinin-esterase protein, spike glycoprotein, envelope protein, membrane protein, and nucleocapsid protein genes, complete cds;
acc=V00618.1_3002644;pctid=98.6;aln=21;glb=16;len=795;cvgpct=4;len=795;depth=21;cvg=.._._O.ooo_o_o_____._____;fam=AMR;name=APH(3')-IIa,Escherichia coli;
acc=MK562375.1;pctid=88.7;aln=327;glb=0;len=21001;cvgpct=4;len=21001;depth=327;cvg=O________________________;fam=Coronaviridae;name=UNVERIFIED: Infectious bronchitis virus genomic sequence;
acc=KF963232.1;pctid=92.2;aln=5;glb=1;len=23640;cvgpct=4;len=23640;depth=5;cvg=___O_____________________;fam=Coronaviridae;name=Human coronavirus OC43 isolate HCoV-OC43/FRA_EPI/Caen/2002/03 Spike glycoprotein (S) gene, complete cds;
acc=MN514962.1;pctid=91.4;aln=10;glb=3;len=31021;cvgpct=4;len=31021;depth=10;cvg=___________._..__.____Oo.;fam=Coronaviridae;name=Dromedary camel coronavirus HKU23 isolate DcCoV-HKU23/camel/Ethiopia/CAC1019/2015, complete genome;
acc=KY370046.1;pctid=89.3;aln=215;glb=49;len=8;cvgpct=4;len=8;depth=215;cvg=________________________O;fam=Coronaviridae;name=Rodent coronavirus isolate RtMruf-CoV-2/JL2014 ORF1ab polyprotein, hemagglutinin-esterase protein, spike glycoprotein, envelope protein, membrane protein, and nucleocapsid protein genes, complete cds;
acc=MK562374.1;pctid=90.2;aln=233;glb=0;len=21049;cvgpct=4;len=21049;depth=233;cvg=O________________________;fam=Coronaviridae;name=UNVERIFIED: Infectious bronchitis virus genomic sequence;
acc=U00096_3000796;pctid=100.0;aln=1;glb=0;len=3114;cvgpct=0;len=3114;depth=1;cvg=________.________________;fam=AMR;name=mdtF,Escherichia coli str. K-12 substr. MG1655;
acc=U00096_3000794;pctid=98.9;aln=1;glb=0;len=3078;cvgpct=0;len=3078;depth=1;cvg=_____________________.___;fam=AMR;name=mdtC,Escherichia coli str. K-12 substr. MG1655;
acc=KT318116.1;pctid=89.2;aln=1;glb=0;len=23627;cvgpct=0;len=23627;depth=1;cvg=____.____________________;fam=Coronaviridae;name=Bovine coronavirus isolate BCoV/FRA/EPI/Caen/2010/06 spike glycoprotein (S) gene, complete cds;
acc=AY935641.1;pctid=94.0;aln=1;glb=0;len=23641;cvgpct=0;len=23641;depth=1;cvg=__.______________________;fam=Coronaviridae;name=Bovine coronavirus isolate KWD5 spike glycoprotein precursor (S) gene, complete cds;
acc=MK211379.1;pctid=95.2;aln=1;glb=0;len=29752;cvgpct=0;len=29752;depth=1;cvg=_____________.___________;fam=Coronaviridae;name=Coronavirus BtRt-BetaCoV/GX2018, complete genome;
acc=KM888154.1;pctid=94.0;aln=1;glb=0;len=14780;cvgpct=0;len=14780;depth=1;cvg=.________________________;fam=Coronaviridae;name=Coronavirus RCoV/TP3_22/Ban_ind/THA/2005 RNA-dependent RNA polymerase (RdRp) gene, partial cds;
acc=AB775893.1;pctid=91.5;aln=1;glb=0;len=29287;cvgpct=0;len=29287;depth=1;cvg=.________________________;fam=Coronaviridae;name=Equine coronavirus N gene for nucleocapsid protein, complete cds, strain: Obihiro12-1;
acc=KT318093.1;pctid=94.1;aln=1;glb=0;len=29377;cvgpct=0;len=29377;depth=1;cvg=_._______________________;fam=Coronaviridae;name=Bovine coronavirus isolate BCoV/FRA/EPI/Caen/2013/11 nucleocapsid protein (N) gene, complete cds;
acc=U00096.3_3002986;pctid=97.0;aln=1;glb=1;len=822;cvgpct=0;len=822;depth=1;cvg=_________._______________;fam=AMR;name=bacA,Escherichia coli str. K-12 substr. MG1655;
acc=U00096_3000502;pctid=98.4;aln=1;glb=0;len=3105;cvgpct=0;len=3105;depth=1;cvg=________________________.;fam=AMR;name=acrF,Escherichia coli str. K-12 substr. MG1655;
acc=X04797.1;pctid=95.7;aln=1;glb=0;len=23570;cvgpct=0;len=23570;depth=1;cvg=_._______________________;fam=Coronaviridae;name=Murine hepatitis virus (JHM) mRNA 3 fragment for surface protein S;
acc=MF618252.1;pctid=87.3;aln=1;glb=0;len=29947;cvgpct=0;len=29947;depth=1;cvg=__________.______________;fam=Coronaviridae;name=Murine hepatitis virus strain A59 isolate WT-MHV P250, complete genome;
acc=KF294345.1;pctid=91.6;aln=2;glb=1;len=13461;cvgpct=0;len=13461;depth=2;cvg=.._______________________;fam=Coronaviridae;name=Longquan Aa mouse coronavirus isolate Longquan-338 RNA-dependent RNA polymerase gene, partial cds;
acc=AB362589.1;pctid=98.2;aln=1;glb=0;len=20992;cvgpct=0;len=20992;depth=1;cvg=.________________________;fam=Coronaviridae;name=Porcine hemagglutinating encephalomyelitis virus ns2, HE genes for ns2 phosphorylated protein, hemagglutinin-esterase protein, complete cds, strain: 67N;
acc=FJ647222.1;pctid=92.7;aln=1;glb=0;len=31283;cvgpct=0;len=31283;depth=1;cvg=_______________._________;fam=Coronaviridae;name=Murine coronavirus SA59/RJHM, complete genome;
acc=MK878536.1;pctid=83.8;aln=1;glb=0;len=27672;cvgpct=0;len=27672;depth=1;cvg=_____________.___________;fam=Coronaviridae;name=Infectious bronchitis virus isolate GA9977/2019, complete genome;
acc=NC_012564.1;pctid=97.0;aln=1;glb=0;len=5242;cvgpct=0;len=5242;depth=1;cvg=__________________.______;fam=Parvoviridae;name=Human bocavirus 3;
acc=MF618253.1;pctid=84.3;aln=1;glb=0;len=29893;cvgpct=0;len=29893;depth=1;cvg=___________._____________;fam=Coronaviridae;name=Murine hepatitis virus strain A59 isolate MHV-ExoN(-) P250, complete genome;
acc=KF963236.1;pctid=92.1;aln=2;glb=0;len=23640;cvgpct=0;len=23640;depth=2;cvg=_..______________________;fam=Coronaviridae;name=Human coronavirus OC43 isolate HCoV-OC43/FRA_EPI/Caen/2005/07 Spike glycoprotein (S) gene, complete cds;
acc=MK989623.1;pctid=90.1;aln=1;glb=0;len=23627;cvgpct=0;len=23627;depth=1;cvg=____.____________________;fam=Coronaviridae;name=Bovine coronavirus clone T5 S protein (S) gene, complete cds;
acc=AB555560.1;pctid=88.9;aln=1;glb=0;len=23719;cvgpct=0;len=23719;depth=1;cvg=.________________________;fam=Coronaviridae;name=Equine coronavirus S, p12.7 genes for spike protein, 12.7 kDa putative non-structural protein, complete cds, strain: Tokachi09;
acc=NC_040623.1;pctid=90.4;aln=1;glb=0;len=4880;cvgpct=0;len=4880;depth=1;cvg=_______._________________;fam=Parvoviridae;name=Rhinolophus pusillus bocaparvovirus 1 strain Rp-BtBoV1_48C_MJ_YN_2012;
acc=NC_013668.3;pctid=93.8;aln=1;glb=0;len=248526;cvgpct=0;len=248526;depth=1;cvg=__________.______________;fam=Alloherpesviridae;name=Anguillid herpesvirus 1;
acc=KM888142.1;pctid=97.0;aln=1;glb=0;len=14830;cvgpct=0;len=14830;depth=1;cvg=.________________________;fam=Coronaviridae;name=Coronavirus RCoV/NL_69/Mic_arv/NED/2007 RNA-dependent RNA polymerase (RdRp) gene, partial cds;
acc=KF294353.1;pctid=85.1;aln=1;glb=1;len=13461;cvgpct=0;len=13461;depth=1;cvg=.________________________;fam=Coronaviridae;name=Longquan Aa mouse coronavirus isolate Longquan-107 RNA-dependent RNA polymerase gene, partial cds;
acc=AP009048.1_3000795;pctid=100.0;aln=1;glb=0;len=1158;cvgpct=0;len=1158;depth=1;cvg=___________________._____;fam=AMR;name=mdtE,Escherichia coli str. K-12 substr. W3110;
acc=NC_028824.1;pctid=87.0;aln=1;glb=0;len=26975;cvgpct=0;len=26975;depth=1;cvg=__________________.______;fam=Coronaviridae;name=BtRf-AlphaCoV/YN2012, complete genome;
acc=NC_029802.1;pctid=91.8;aln=1;glb=0;len=1730;cvgpct=0;len=1730;depth=1;cvg=____________.____________;fam=Picobirnaviridae;name=Porcine picobirnavirus strain 221/04-16/ITA/2004 segment S;
acc=D16171_3002689;pctid=96.0;aln=1;glb=1;len=660;cvgpct=0;len=660;depth=1;cvg=_____________.___________;fam=AMR;name=plasmid-encoded cat (pp-cat),Photobacterium damselae subsp. piscicida;
acc=DQ479423.1;pctid=94.6;aln=1;glb=0;len=23665;cvgpct=0;len=23665;depth=1;cvg=.________________________;fam=Coronaviridae;name=Bovine coronavirus isolate BR-UEL3 spike glycoprotein gene, partial cds;
acc=NC_028099.1;pctid=86.0;aln=1;glb=0;len=122522;cvgpct=0;len=122522;depth=1;cvg=________.________________;fam=Herpesviridae;name=Felis catus gammaherpesvirus 1 isolate 31286;
acc=DQ389638.1;pctid=88.8;aln=1;glb=0;len=23641;cvgpct=0;len=23641;depth=1;cvg=___._____________________;fam=Coronaviridae;name=Bovine coronavirus isolate KCD7 spike glycoprotein precursor (S) gene, complete cds;
acc=KY799179.1;pctid=83.6;aln=1;glb=0;len=28173;cvgpct=0;len=28173;depth=1;cvg=_________________._______;fam=Coronaviridae;name=Myotis lucifugus coronavirus, complete genome;
acc=L37758.1;pctid=89.4;aln=2;glb=1;len=29651;cvgpct=0;len=29651;depth=2;cvg=o________________________;fam=Coronaviridae;name=Murine hepatitis virus nucleoprotein gene, complete cds;
acc=U00096.3_3003841;pctid=99.0;aln=2;glb=2;len=678;cvgpct=0;len=678;depth=2;cvg=_._______________._______;fam=AMR;name=kdpE,Escherichia coli str. K-12 substr. MG1655;
acc=DQ389655.1;pctid=91.1;aln=1;glb=1;len=23641;cvgpct=0;len=23641;depth=1;cvg=___._____________________;fam=Coronaviridae;name=Bovine coronavirus isolate KWD14 spike glycoprotein precursor (S) gene, complete cds;
acc=MK472070.1;pctid=88.0;aln=1;glb=0;len=28009;cvgpct=0;len=28009;depth=1;cvg=________.________________;fam=Coronaviridae;name=Alphacoronavirus sp. isolate WA3607, complete genome;
acc=NC_020904.1;pctid=81.1;aln=1;glb=0;len=2063;cvgpct=0;len=2063;depth=1;cvg=_______._________________;fam=Circoviridae;name=Canine circovirus isolate UCD1-1698;
acc=KM888160.1;pctid=92.5;aln=1;glb=0;len=14840;cvgpct=0;len=14840;depth=1;cvg=.________________________;fam=Coronaviridae;name=Coronavirus RCoV/KS11_0997/Apo_agr/GER/2011 RNA-dependent RNA polymerase (RdRp) gene, partial cds;
acc=DQ389634.1;pctid=88.9;aln=2;glb=0;len=23641;cvgpct=0;len=23641;depth=2;cvg=__.._____________________;fam=Coronaviridae;name=Bovine coronavirus isolate KCD3 spike glycoprotein precursor (S) gene, complete cds;
acc=BX571965.1_3002983;pctid=80.9;aln=1;glb=0;len=3132;cvgpct=0;len=3132;depth=1;cvg=_________._______________;fam=AMR;name=amrB,Burkholderia pseudomallei K96243;
acc=AP006618.1_3000501;pctid=85.9;aln=1;glb=0;len=3489;cvgpct=0;len=3489;depth=1;cvg=______________________.__;fam=AMR;name=Nocardia rifampin resistant beta-subunit of RNA polymerase (rpoB2),Nocardia farcinica IFM 10152;
acc=U00096_3003578;pctid=100.0;aln=1;glb=1;len=969;cvgpct=0;len=969;depth=1;cvg=_____.___________________;fam=AMR;name=pmrF,Escherichia coli str. K-12 substr. MG1655;
acc=AP009048.1_3000491;pctid=97.5;aln=2;glb=2;len=3114;cvgpct=0;len=3114;depth=2;cvg=_______________o_________;fam=AMR;name=acrD,Escherichia coli str. K-12 substr. W3110;
acc=AJ544718.1;pctid=87.4;aln=2;glb=0;len=29737;cvgpct=0;len=29737;depth=2;cvg=o________________________;fam=Coronaviridae;name=Puffinosis virus N gene for nucleocapsid protein, genomic RNA;
acc=AF173226.1_3003066;pctid=94.1;aln=1;glb=1;len=690;cvgpct=0;len=690;depth=1;cvg=____.____________________;fam=AMR;name=smeR,Stenotrophomonas maltophilia;
acc=NC_006152.1;pctid=84.9;aln=3;glb=0;len=4642;cvgpct=0;len=4642;depth=3;cvg=_________________o___.___;fam=Parvoviridae;name=Adeno-associated virus 5;
acc=KM888131.1;pctid=75.9;aln=1;glb=0;len=14908;cvgpct=0;len=14908;depth=1;cvg=_._______________________;fam=Coronaviridae;name=Coronavirus RCoV/KS10_2864/Myo_glar/GER/2010 RNA-dependent RNA polymerase (RdRp) gene, partial cds;
acc=MK894849.1;pctid=97.1;aln=1;glb=0;len=13382;cvgpct=0;len=13382;depth=1;cvg=____.____________________;fam=Coronaviridae;name=Lucheng Rn rat coronavirus isolate SJJ55 RNA-dependent RNA polymerase gene, partial cds;
acc=AE004091.2_3004074;pctid=89.2;aln=3;glb=0;len=3132;cvgpct=0;len=3132;depth=3;cvg=_____.___.__________.____;fam=AMR;name=MuxB,Pseudomonas aeruginosa PAO1;
acc=KM985634.1;pctid=88.3;aln=2;glb=0;len=29393;cvgpct=0;len=29393;depth=2;cvg=o________________________;fam=Coronaviridae;name=Bovine coronavirus strain HLJ-14/CHN nucleocapsid protein (N) gene, complete cds;
acc=AB775894.1;pctid=88.8;aln=1;glb=0;len=23708;cvgpct=0;len=23708;depth=1;cvg=__.______________________;fam=Coronaviridae;name=Equine coronavirus S, p12.7 genes for spike protein, 12.7 kDa putative non-structural protein, complete cds, strain: Obihiro12-1;
acc=BA000007.3_3000676;pctid=100.0;aln=1;glb=1;len=414;cvgpct=0;len=414;depth=1;cvg=__.______________________;fam=AMR;name=H-NS,Escherichia coli O157:H7 str. Sakai;
acc=EF682498.1;pctid=92.3;aln=1;glb=0;len=22518;cvgpct=0;len=22518;depth=1;cvg=______.__________________;fam=Coronaviridae;name=Murine hepatitis virus strain 1 hemagglutinin esterase pseudogene, complete sequence; spike protein, envelope protein, membrane protein, nucleocapsid protein, and internal ORF of nucleocapsid protein genes, complete cds; and unknown genes;
acc=X53796.1_3004656;pctid=95.0;aln=1;glb=1;len=642;cvgpct=0;len=642;depth=1;cvg=______________.__________;fam=AMR;name=catII from Escherichia coli K-12,Escherichia coli K-12;
acc=AJ584652_3002599;pctid=100.0;aln=1;glb=0;len=987;cvgpct=0;len=987;depth=1;cvg=__________________.______;fam=AMR;name=AAC(6')-30/AAC(6')-Ib' fusion protein,Pseudomonas aeruginosa;
acc=NC_038543.1;pctid=97.1;aln=1;glb=0;len=5205;cvgpct=0;len=5205;depth=1;cvg=______________________.__;fam=Parvoviridae;name=Chipmunk parvovirus NS1;
acc=AF235050.4_3003318;pctid=93.8;aln=1;glb=0;len=2112;cvgpct=0;len=2112;depth=1;cvg=____.____________________;fam=AMR;name=Streptomyces rishiriensis parY mutant conferring resistance to aminocoumarin,Streptomyces rishiriensis;
acc=KP284097.1;pctid=88.8;aln=1;glb=0;len=23650;cvgpct=0;len=23650;depth=1;cvg=___._____________________;fam=Coronaviridae;name=Betacoronavirus 1 isolate BCoV/WD/2003/WDBR-D-17 spike protein (S) gene, partial cds;
acc=KF169908.1;pctid=87.3;aln=1;glb=0;len=23641;cvgpct=0;len=23641;depth=1;cvg=___._____________________;fam=Coronaviridae;name=Bovine coronavirus isolate SWE/C/92 spike glycoprotein (S) gene, complete cds;
acc=NC_001716.2;pctid=84.9;aln=4;glb=0;len=153080;cvgpct=0;len=153080;depth=4;cvg=_o______________________o;fam=Herpesviridae;name=Human herpesvirus 7;
acc=NC_038317.1;pctid=85.6;aln=2;glb=0;len=7272;cvgpct=0;len=7272;depth=2;cvg=_____________________o___;fam=Picornaviridae;name=Kunsagivirus 1 strain roller/SZAL6-KuV/2011/HUN;
acc=KP109677_3003670;pctid=86.0;aln=1;glb=0;len=861;cvgpct=0;len=861;depth=1;cvg=_._______________________;fam=AMR;name=PEDO-1,Pedobacter sp. SI-33;
acc=AF058944.1;pctid=90.8;aln=2;glb=0;len=21490;cvgpct=0;len=21490;depth=2;cvg=_________..______________;fam=Coronaviridae;name=Bovine coronavirus strain OK-0514-3 32 kDa putative non-structural protein, hemagglutinin esterase (HE), spike glycoprotein (S), 4.9 kDa putative non-structural protein, 4.8 kDa putative non-structural protein, 12.7 kDa putative non-structural protein, structural protein E (E), structural protein M (M), structural protein N (N), and I protein (I) genes, complete cds;
acc=AY768532_3000535;pctid=94.1;aln=1;glb=0;len=1935;cvgpct=0;len=1935;depth=1;cvg=____________________.____;fam=AMR;name=macB,Neisseria gonorrhoeae;
acc=NC_025675.1;pctid=92.2;aln=1;glb=0;len=7496;cvgpct=0;len=7496;depth=1;cvg=_._______________________;fam=Picornaviridae;name=Norway rat hunnivirus isolate NrHuV/NYC-E21 polyprotein gene;
acc=AF481863.1;pctid=88.2;aln=1;glb=0;len=22339;cvgpct=0;len=22339;depth=1;cvg=_______._________________;fam=Coronaviridae;name=Porcine hemagglutinating encephalomyelitis virus HE glycoprotein, spike glycoprotein (S), 4.9 kDa nonstructural protein (ns4.9), 122.7 kDa nonstructural protein, small membrane protein E (E), matrix glycoprotein (M), phosphorylated nucleocapsid protein N, and N2 (N2) genes, complete cds;
acc=AF220295.1;pctid=94.7;aln=1;glb=0;len=31100;cvgpct=0;len=31100;depth=1;cvg=.________________________;fam=Coronaviridae;name=Bovine coronavirus strain Quebec, complete genome;
acc=NC_027429.1;pctid=92.7;aln=1;glb=0;len=4590;cvgpct=0;len=4590;depth=1;cvg=_________________._______;fam=Parvoviridae;name=Bearded dragon parvovirus strain 2014;
acc=MK932865.1;pctid=84.2;aln=2;glb=0;len=24884;cvgpct=0;len=24884;depth=2;cvg=o________________________;fam=Coronaviridae;name=Bovine coronavirus isolate Ranjbar-Ghoom56 spike glycoprotein (S) gene, partial cds;
acc=KM888146.1;pctid=81.0;aln=1;glb=0;len=14893;cvgpct=0;len=14893;depth=1;cvg=.________________________;fam=Coronaviridae;name=Coronavirus RCoV/D_RMU10_590/Mic_arv/GER/2010 RNA-dependent RNA polymerase (RdRp) gene, partial cds;
acc=MK095157.1;pctid=89.0;aln=2;glb=1;len=28691;cvgpct=0;len=28691;depth=2;cvg=o________________________;fam=Coronaviridae;name=Bovine coronavirus strain BCOV-China/SWUN/LN5/2018 membrane protein gene, complete cds;
acc=NC_006273.2;pctid=97.5;aln=2;glb=2;len=235646;cvgpct=0;len=235646;depth=2;cvg=__________________o______;fam=Herpesviridae;name=Human herpesvirus 5 strain Merlin;
acc=AB671298.1;pctid=89.7;aln=2;glb=0;len=29287;cvgpct=0;len=29287;depth=2;cvg=o________________________;fam=Coronaviridae;name=Equine coronavirus N gene for nucleocapsid protein, complete cds;
acc=NC_019491.1;pctid=78.9;aln=2;glb=0;len=291144;cvgpct=0;len=291144;depth=2;cvg=o________________________;fam=Alloherpesviridae;name=Cyprinid herpesvirus 1 strain NG-J1;
acc=NC_001806.2;pctid=97.8;aln=2;glb=1;len=152222;cvgpct=0;len=152222;depth=2;cvg=_______o_________________;fam=Herpesviridae;name=Human herpesvirus 1 strain 17;
acc=NC_034210.1;pctid=82.8;aln=1;glb=0;len=1873;cvgpct=0;len=1873;depth=1;cvg=_______._________________;fam=Circoviridae;name=Circovirus sp. isolate DaiShan;
acc=MK903505.1;pctid=90.6;aln=1;glb=0;len=29397;cvgpct=0;len=29397;depth=1;cvg=.________________________;fam=Coronaviridae;name=Bovine coronavirus isolate BCoV/CH/HB-BD/2019 nucleocapsid protein (N) gene, complete cds;
acc=U00096.3_3003952;pctid=95.5;aln=2;glb=2;len=1644;cvgpct=0;len=1644;depth=2;cvg=___________.___._________;fam=AMR;name=yojI,Escherichia coli str. K-12 substr. MG1655;
acc=KU900743.1;pctid=85.8;aln=2;glb=0;len=27683;cvgpct=0;len=27683;depth=2;cvg=_____________o___________;fam=Coronaviridae;name=Infectious bronchitis virus strain SNU-10043, complete genome;
acc=M36656.1;pctid=82.7;aln=1;glb=0;len=29321;cvgpct=0;len=29321;depth=1;cvg=.________________________;fam=Coronaviridae;name=Bovine coronavirus nucleocapsid gene, complete cds; and unknown gene;
acc=NC_040533.1;pctid=82.4;aln=1;glb=1;len=5228;cvgpct=0;len=5228;depth=1;cvg=_______._________________;fam=Parvoviridae;name=Lupine bocavirus isolate South Douro;
acc=AE004091.2_3004075;pctid=100.0;aln=1;glb=0;len=3111;cvgpct=0;len=3111;depth=1;cvg=_________________._______;fam=AMR;name=MuxC,Pseudomonas aeruginosa PAO1;
acc=KU745542.1;pctid=84.8;aln=1;glb=0;len=23544;cvgpct=0;len=23544;depth=1;cvg=___._____________________;fam=Coronaviridae;name=Human coronavirus OC43 isolate 4446A/2015 spike protein (S) gene, complete cds;
acc=NC_007027.1;pctid=68.4;aln=1;glb=0;len=1745;cvgpct=0;len=1745;depth=1;cvg=_______________._________;fam=Picobirnaviridae;name=Human picobirnavirus RNA segment 2;
acc=NC_024450.1;pctid=81.0;aln=2;glb=0;len=204054;cvgpct=0;len=204054;depth=2;cvg=__________________o______;fam=Herpesviridae;name=Falconid herpesvirus 1 strain S-18;
acc=NC_038264.1;pctid=90.0;aln=1;glb=0;len=73200;cvgpct=0;len=73200;depth=1;cvg=___________________._____;fam=Herpesviridae;name=Porcine lymphotropic herpesvirus long unique region;
acc=AH010256.4;pctid=89.0;aln=2;glb=0;len=22223;cvgpct=0;len=22223;depth=2;cvg=__.__.___________________;fam=Coronaviridae;name=Bovine coronavirus isolate Winter dysentery bovine coronavirus Quebec BCQ.2590 haemagglutinin gene, complete cds; spike protein S1 subunit (S1) gene, partial cds; and 4.9 kDa putative non-structural protein, 4.8 kDa putative non-structural protein, 12.7 kDa putative non-structural protein, and E small membrane protein genes, complete cds;
acc=AY316300.1;pctid=87.8;aln=5;glb=0;len=22438;cvgpct=0;len=22438;depth=5;cvg=.o__.__._________________;fam=Coronaviridae;name=Equine coronavirus NC99 hemagglutinin-esterase protein (HE), spike protein (S), 5.3 kDa nonstructural protein, 12.7 kDa protein, small envelope protein (E), and triple spanning membrane protein (M) genes, complete cds;
acc=NC_005889.1;pctid=81.5;aln=1;glb=0;len=4693;cvgpct=0;len=4693;depth=1;cvg=_____________________.___;fam=Parvoviridae;name=Bovine adeno-associated virus;
acc=D78168_3000206;pctid=94.4;aln=1;glb=0;len=1056;cvgpct=0;len=1056;depth=1;cvg=______________________.__;fam=AMR;name=emrK,Escherichia coli;
acc=HQ728483.1;pctid=84.1;aln=1;glb=0;len=12928;cvgpct=0;len=12928;depth=1;cvg=_____.___________________;fam=Coronaviridae;name=Rousettus bat coronavirus/Kenya/KY06/2006 polyprotein (ORF1ab) gene, partial cds; and spike protein (S), ORF3 protein (ORF3), envelope protein (E), membrane protein (M), nucleocapsid protein (N), hypothetical protein ORFx (ORFx), and hypothetical protein ORFy (ORFy) genes, complete cds;
acc=KM888143.1;pctid=94.0;aln=2;glb=0;len=14830;cvgpct=0;len=14830;depth=2;cvg=o________________________;fam=Coronaviridae;name=Coronavirus RCoV/KS11_0514/Mic_arv/GER/2011 RNA-dependent RNA polymerase (RdRp) gene, partial cds;
acc=M55148.1;pctid=90.4;aln=1;glb=0;len=1;cvgpct=0;len=1;depth=1;cvg=________________________.;fam=Coronaviridae;name=Murine coronavirus open reading frame 1a (gene 1), complete cds and open reading frame 1b (gene 1), 3' end;
acc=JX860640.1;pctid=90.0;aln=8;glb=2;len=31028;cvgpct=0;len=31028;depth=8;cvg=o___________o______o__._.;fam=Coronaviridae;name=Canine respiratory coronavirus strain K37, complete genome;
acc=MG518518.1;pctid=89.5;aln=4;glb=3;len=31034;cvgpct=0;len=31034;depth=4;cvg=________________.______.o;fam=Coronaviridae;name=Water deer coronavirus isolate W17-18, complete genome;
acc=EU370913.1_3003923;pctid=88.6;aln=2;glb=2;len=3153;cvgpct=0;len=3153;depth=2;cvg=__________o______________;fam=AMR;name=oqxB,Escherichia coli;
acc=AY874537_3000883;pctid=96.3;aln=3;glb=2;len=861;cvgpct=0;len=861;depth=3;cvg=.____________.___._______;fam=AMR;name=TEM-11,Proteus mirabilis;
acc=U00096.3_3003950;pctid=97.1;aln=1;glb=0;len=1749;cvgpct=0;len=1749;depth=1;cvg=____________________.____;fam=AMR;name=msbA,Escherichia coli str. K-12 substr. MG1655;
acc=KP198611.1;pctid=86.2;aln=2;glb=1;len=30752;cvgpct=0;len=30752;depth=2;cvg=________________.____.___;fam=Coronaviridae;name=Human coronavirus OC43 strain 1783A/10, complete genome;
acc=MG197718.1;pctid=90.0;aln=4;glb=0;len=30538;cvgpct=0;len=30538;depth=4;cvg=_______________._____o_._;fam=Coronaviridae;name=Human coronavirus OC43 strain YC-55, complete genome;
acc=MN306053.1;pctid=89.2;aln=4;glb=0;len=30818;cvgpct=0;len=30818;depth=4;cvg=________________.._____o_;fam=Coronaviridae;name=Human coronavirus OC43 strain HCoV_OC43/Seattle/USA/SC9430/2018, complete genome;
acc=NC_025679.1;pctid=93.8;aln=1;glb=0;len=10023;cvgpct=0;len=10023;depth=1;cvg=__________________.______;fam=Flaviviridae;name=Norway rat pegivirus isolate NrPgV/NYC-E13 polyprotein gene;
acc=AF099140_3002826;pctid=100.0;aln=3;glb=2;len=1227;cvgpct=0;len=1227;depth=3;cvg=___.____________.___.____;fam=AMR;name=EreA2,Providencia stuartii;
acc=FJ647221.1;pctid=87.2;aln=1;glb=0;len=31456;cvgpct=0;len=31456;depth=1;cvg=________________________.;fam=Coronaviridae;name=Murine coronavirus repA59/RJHM, complete genome;
acc=U38944.1_3003037;pctid=94.4;aln=1;glb=0;len=1536;cvgpct=0;len=1536;depth=1;cvg=_____________.___________;fam=AMR;name=opcM,Burkholderia cepacia;
acc=U57969_3000801;pctid=73.8;aln=1;glb=0;len=3132;cvgpct=0;len=3132;depth=1;cvg=____.____________________;fam=AMR;name=MexD,Pseudomonas aeruginosa;
acc=MG021451.1;pctid=93.1;aln=2;glb=0;len=30113;cvgpct=0;len=30113;depth=2;cvg=___________o_____________;fam=Coronaviridae;name=Middle East respiratory syndrome-related coronavirus isolate NL13845, complete genome;
acc=NC_027426.1;pctid=93.3;aln=3;glb=0;len=7025;cvgpct=0;len=7025;depth=3;cvg=___________o__.__________;fam=Astroviridae;name=Astrovirus Er/SZAL6/HUN/2011;
acc=MG197717.1;pctid=94.9;aln=2;glb=0;len=30524;cvgpct=0;len=30524;depth=2;cvg=_________________.____.__;fam=Coronaviridae;name=Human coronavirus OC43 strain WZ-522, complete genome;
acc=KT852998.1;pctid=84.2;aln=1;glb=1;len=29326;cvgpct=0;len=29326;depth=1;cvg=.________________________;fam=Coronaviridae;name=Canine respiratory coronavirus isolate CRCoV-BJ202 N protein gene, complete cds;
acc=KR091911.1_3002578;pctid=94.1;aln=1;glb=1;len=786;cvgpct=0;len=786;depth=1;cvg=.________________________;fam=AMR;name=AAC(6')-Ib7,Salmonella enterica subsp. enterica serovar Corvallis;
acc=KF169909.1;pctid=82.0;aln=1;glb=0;len=23627;cvgpct=0;len=23627;depth=1;cvg=__.______________________;fam=Coronaviridae;name=Bovine coronavirus isolate SWE/02-1 spike glycoprotein (S) gene, complete cds;
acc=LC054264.1;pctid=91.8;aln=2;glb=0;len=29287;cvgpct=0;len=29287;depth=2;cvg=o________________________;fam=Coronaviridae;name=Equine coronavirus N gene for nucleocapside protein, complete cds, strain: Hidaka-No.119/2012;
acc=NC_035469.1;pctid=100.0;aln=1;glb=0;len=200223;cvgpct=0;len=200223;depth=1;cvg=______.__________________;fam=Poxviridae;name=NY_014 poxvirus strain 2013;
acc=FJ647223.1;pctid=87.6;aln=5;glb=0;len=31386;cvgpct=0;len=31386;depth=5;cvg=________o.__.___.________;fam=Coronaviridae;name=Murine coronavirus MHV-1, complete genome;
acc=JX169867.1;pctid=94.1;aln=3;glb=0;len=31051;cvgpct=0;len=31051;depth=3;cvg=____o_________.__________;fam=Coronaviridae;name=Murine coronavirus strain JHM.WU, complete genome;
acc=AF190406.1;pctid=84.3;aln=2;glb=0;len=23933;cvgpct=0;len=23933;depth=2;cvg=___o_____________________;fam=Coronaviridae;name=Murine hepatitis virus strain TY spike protein gene, complete cds;
acc=MH203067.1;pctid=88.7;aln=1;glb=0;len=23641;cvgpct=0;len=23641;depth=1;cvg=___._____________________;fam=Coronaviridae;name=Bovine coronavirus strain VP200 spike glycoprotein (S) gene, complete cds;
acc=EF445634.1;pctid=70.8;aln=1;glb=0;len=22078;cvgpct=0;len=22078;depth=1;cvg=.________________________;fam=Coronaviridae;name=Bovine coronavirus strain 339/06 hemagglutinin-esterase (HE) and spike protein (S) genes, complete cds;
acc=LQ289146.1;pctid=92.1;aln=2;glb=0;len=7;cvgpct=0;len=7;depth=2;cvg=________________________o;fam=Coronaviridae;name=Sequence 25 from Patent WO2016034610;
acc=KU900741.1;pctid=84.6;aln=1;glb=0;len=27684;cvgpct=0;len=27684;depth=1;cvg=_____________.___________;fam=Coronaviridae;name=Infectious bronchitis virus strain SNU-9106, complete genome;
acc=MG757139.1;pctid=90.8;aln=7;glb=1;len=31028;cvgpct=0;len=31028;depth=7;cvg=________..__.____._____o.;fam=Coronaviridae;name=Bovine coronavirus isolate ICSA16-EN, complete genome;
acc=MK046001.1;pctid=82.0;aln=1;glb=0;len=22352;cvgpct=0;len=22352;depth=1;cvg=.________________________;fam=Coronaviridae;name=Bovine coronavirus isolate HT316 hemagglutinin-esterase gene, complete cds;
acc=NC_025738.1;pctid=100.0;aln=1;glb=0;len=2175;cvgpct=0;len=2175;depth=1;cvg=___________._____________;fam=Genomoviridae;name=Faecal-associated gemycircularvirus 2;
acc=AB219524.1_3003699;pctid=87.0;aln=2;glb=0;len=3162;cvgpct=0;len=3162;depth=2;cvg=_____________________o___;fam=AMR;name=mexQ,Pseudomonas aeruginosa;
acc=AY903456.1;pctid=89.6;aln=1;glb=0;len=23640;cvgpct=0;len=23640;depth=1;cvg=__.______________________;fam=Coronaviridae;name=Human coronavirus OC43 strain 84020 Belgium 2003 spike glycoprotein (S) gene, complete cds;
acc=U00096.3_3000216;pctid=98.1;aln=1;glb=0;len=3150;cvgpct=0;len=3150;depth=1;cvg=____________________.____;fam=AMR;name=acrB,Escherichia coli str. K-12 substr. MG1655;
acc=U00096_3000833;pctid=100.0;aln=1;glb=0;len=3594;cvgpct=0;len=3594;depth=1;cvg=___._____________________;fam=AMR;name=evgS,Escherichia coli str. K-12 substr. MG1655;
acc=NC_004828.1;pctid=91.0;aln=2;glb=0;len=4694;cvgpct=0;len=4694;depth=2;cvg=_______________..________;fam=Parvoviridae;name=Avian adeno-associated virus ATCC VR-865;
acc=NC_020499.1;pctid=82.4;aln=1;glb=0;len=5413;cvgpct=0;len=5413;depth=1;cvg=_______._________________;fam=Parvoviridae;name=Canine bocavirus 1 isolate Con-161;
acc=AJ252200_3003056;pctid=96.5;aln=4;glb=2;len=3123;cvgpct=0;len=3123;depth=4;cvg=___o____._________.______;fam=AMR;name=smeE,Stenotrophomonas maltophilia;
acc=NC_002077.1;pctid=86.9;aln=2;glb=0;len=4718;cvgpct=0;len=4718;depth=2;cvg=________________o________;fam=Parvoviridae;name=Adeno-associated virus - 1;
acc=JF792616.1;pctid=87.3;aln=3;glb=0;len=31286;cvgpct=0;len=31286;depth=3;cvg=_______.________o________;fam=Coronaviridae;name=Rat coronavirus isolate 681, complete genome;
acc=AE004091.2_3003693;pctid=89.6;aln=2;glb=0;len=3078;cvgpct=0;len=3078;depth=2;cvg=_________.____________.__;fam=AMR;name=mexK,Pseudomonas aeruginosa PAO1;
acc=NC_039039.1;pctid=91.2;aln=1;glb=0;len=7704;cvgpct=0;len=7704;depth=1;cvg=________.________________;fam=Papillomaviridae;name=Peromyscus papillomavirus type 1 strain M-14 PmPV1;
acc=NC_008618.1_3004480;pctid=86.9;aln=3;glb=0;len=3561;cvgpct=0;len=3561;depth=3;cvg=__________._____.____.___;fam=AMR;name=Bifidobacterium adolescentis rpoB conferring resistance to rifampicin,Bifidobacterium adolescentis;
acc=NC_001846.1;pctid=76.5;aln=1;glb=0;len=31357;cvgpct=0;len=31357;depth=1;cvg=_______________._________;fam=Coronaviridae;name=Mouse hepatitis virus strain MHV-A59 C12 mutant, complete genome;
acc=NC_024888.1;pctid=84.3;aln=1;glb=0;len=4733;cvgpct=0;len=4733;depth=1;cvg=_______._________________;fam=Parvoviridae;name=Bufavirus-3 genes for NS1;
acc=DQ389658.1;pctid=88.8;aln=1;glb=0;len=23641;cvgpct=0;len=23641;depth=1;cvg=___._____________________;fam=Coronaviridae;name=Bovine coronavirus isolate KWD17 spike glycoprotein precursor (S) gene, complete cds;
acc=NC_040604.1;pctid=89.3;aln=2;glb=0;len=7373;cvgpct=0;len=7373;depth=2;cvg=_____________..__________;fam=Papillomaviridae;name=Rodent papillomavirus isolate RtRn-PV/GD2014;
acc=KU127229.1;pctid=92.1;aln=3;glb=0;len=22339;cvgpct=0;len=22339;depth=3;cvg=_____o.__________________;fam=Coronaviridae;name=Porcine hemagglutinating encephalomyelitis virus hemagglutinin-esterase protein, spike glycoprotein, small envelope protein, membrane protein, and nucleocapsid protein genes, complete cds;
acc=NC_024453.2;pctid=87.7;aln=2;glb=0;len=5153;cvgpct=0;len=5153;depth=2;cvg=__________________o______;fam=Parvoviridae;name=Porcine bocavirus 1 pig/ZJD/China/2006;
acc=KF294352.1;pctid=92.4;aln=3;glb=1;len=13506;cvgpct=0;len=13506;depth=3;cvg=o._______________________;fam=Coronaviridae;name=Longquan Aa mouse coronavirus isolate Longquan-680 RNA-dependent RNA polymerase gene, partial cds;
acc=NC_025365.1;pctid=94.4;aln=2;glb=0;len=12045;cvgpct=0;len=12045;depth=2;cvg=_______________o_________;fam=Rhabdoviridae;name=Shimoni bat virus;
acc=MH615810.1;pctid=90.9;aln=1;glb=0;len=27184;cvgpct=0;len=27184;depth=1;cvg=__________________.______;fam=Coronaviridae;name=Swine acute diarrhea syndrome coronavirus isolate SADS-CoV-CH-FJWT-2018, complete genome;
acc=NC_018668.1;pctid=85.7;aln=1;glb=0;len=7583;cvgpct=0;len=7583;depth=1;cvg=____________________.____;fam=Picornaviridae;name=Bovine hungarovirus 1 strain BHUV1/2008/HUN;
acc=KJ958219.1;pctid=86.5;aln=7;glb=2;len=30714;cvgpct=0;len=30714;depth=7;cvg=__________.____.o_____o._;fam=Coronaviridae;name=Human coronavirus OC43 strain LY342, complete genome;
acc=MH810163.1;pctid=91.2;aln=5;glb=0;len=31032;cvgpct=0;len=31032;depth=5;cvg=o__.__________._.________;fam=Coronaviridae;name=Yak coronavirus strain YAK/HY24/CH/2017, complete genome;
acc=NC_014468.1;pctid=91.2;aln=2;glb=0;len=4286;cvgpct=0;len=4286;depth=2;cvg=_______o_________________;fam=Parvoviridae;name=Bat adeno-associated virus YNM;
acc=AF208066.1;pctid=87.3;aln=4;glb=0;len=31112;cvgpct=0;len=31112;depth=4;cvg=______._____.__.________.;fam=Coronaviridae;name=Murine hepatitis virus strain Penn 97-1, complete genome;
acc=KF963211.1;pctid=90.1;aln=1;glb=0;len=29079;cvgpct=0;len=29079;depth=1;cvg=.________________________;fam=Coronaviridae;name=Human coronavirus OC43 isolate HCoV-OC43/FRA_EPI/Caen/2012/14 Nucleocapsid glycoprotein (N) gene, complete cds;
acc=MN310478.1;pctid=90.0;aln=6;glb=1;len=30681;cvgpct=0;len=30681;depth=6;cvg=______________._..____.o_;fam=Coronaviridae;name=Human coronavirus OC43 strain HCoV_OC43/Seattle/USA/SC0776/2019, complete genome;
acc=JX169866.1;pctid=92.6;aln=2;glb=0;len=30729;cvgpct=0;len=30729;depth=2;cvg=____.__________._________;fam=Coronaviridae;name=Murine coronavirus strain JHM-WU-Dns2, complete genome;
acc=AF058942.1;pctid=86.0;aln=2;glb=0;len=21507;cvgpct=0;len=21507;depth=2;cvg=_______._._______________;fam=Coronaviridae;name=Bovine coronavirus strain LY-138 32 kDa putative non-structural protein, hemagglutinin esterase (HE), spike glycoprotein (S), 4.9 kDa putative non-structural protein, 4.8 kDa putative non-structural protein, 12.7 kDa putative non-structural protein, structural protein E (E), structural protein M (M), structural protein N (N), and I protein (I) genes, complete cds;
acc=KM985633.1;pctid=89.9;aln=1;glb=0;len=28664;cvgpct=0;len=28664;depth=1;cvg=.________________________;fam=Coronaviridae;name=Bovine coronavirus strain HLJ-14/CHN membrane protein (M) gene, complete cds;
acc=AE004091.2_3003681;pctid=97.3;aln=4;glb=3;len=3048;cvgpct=0;len=3048;depth=4;cvg=____________________..o__;fam=AMR;name=TriC,Pseudomonas aeruginosa PAO1;
acc=KF923917.1;pctid=89.3;aln=3;glb=0;len=30713;cvgpct=0;len=30713;depth=3;cvg=________________o._______;fam=Coronaviridae;name=Human coronavirus OC43 isolate 5566/2007, complete genome;
acc=NC_002512.2;pctid=94.2;aln=4;glb=0;len=230138;cvgpct=0;len=230138;depth=4;cvg=____.__o____.____________;fam=Herpesviridae;name=Rat cytomegalovirus Maastricht;
acc=KY369907.1;pctid=90.1;aln=7;glb=2;len=30725;cvgpct=0;len=30725;depth=7;cvg=__________.______o__.__o.;fam=Coronaviridae;name=Human coronavirus OC43 strain HCoV_OC43/Seattle/USA/SC9741/2016, complete genome;
acc=KT318123.1;pctid=100.0;aln=1;glb=0;len=23627;cvgpct=0;len=23627;depth=1;cvg=__.______________________;fam=Coronaviridae;name=Bovine coronavirus isolate BCoV/FRA/EPI/Caen/2014/13 spike glycoprotein (S) gene, complete cds;
acc=DQ389636.1;pctid=83.5;aln=1;glb=0;len=23641;cvgpct=0;len=23641;depth=1;cvg=__.______________________;fam=Coronaviridae;name=Bovine coronavirus isolate KCD5 spike glycoprotein precursor (S) gene, complete cds;
acc=NC_003521.1;pctid=88.9;aln=2;glb=0;len=241087;cvgpct=0;len=241087;depth=2;cvg=_______._____.___________;fam=Herpesviridae;name=Panine herpesvirus 2 strain Heberling;
acc=U00096_3000793;pctid=98.0;aln=2;glb=2;len=3123;cvgpct=0;len=3123;depth=2;cvg=_____________..__________;fam=AMR;name=mdtB,Escherichia coli str. K-12 substr. MG1655;
acc=MN514968.1;pctid=85.6;aln=2;glb=0;len=23633;cvgpct=0;len=23633;depth=2;cvg=___o_____________________;fam=Coronaviridae;name=Dromedary camel coronavirus HKU23 isolate DcCoV-HKU23/camel/Ethiopia/CAC1320/2015 S protein (S) gene, complete cds;
acc=NC_039206.1;pctid=87.8;aln=2;glb=0;len=11121;cvgpct=0;len=11121;depth=2;cvg=__________________o______;fam=Rhabdoviridae;name=Jurona virus nucleoprotein;
>Cov.1
CGGTGACGTGTTGTGCATTAGCCAGTGGACCCCCCCATAGGCCACAATGGCGAAGGCCCACAAATACGGTCTCGTGCTACGATGGGCGCCAGAGTTTCCGT
>Cov.2
GGATGGCTGTGTTGTCATAAGAGAACCTGTCCATTTACTGAGTCATGATTCCATGCCACTTAAAATTCCAAAATTGATTGATGTTATGACTCACACAGATA
>Cov.3
TTTGAACAGGATTACATGGATGTTGTCGAATTTGACGACTTCTATGTTAGTGCTGTATGTAACTTTTTTACTATTAAGGAAGAACCTTATGTTAAGGGTCT
>Cov.4
AGGCTTTAGATGCTATATTCTTCTATGGAGATGTTGTATCTCATACTTGCAAATGTGGTGAGGCAATGGTGCTGTTAAAGGTTGATGTTCCCTTTACAGCA
>Cov.5
TGGTGGTATAGATATATGCAGCCAGGGTACTAGTTTTGGTTATGTACAGCAGGGTAAGTTTATTGGGGCTACTGTAGCTCAAATAAAAGCTTTGTTTGTTG
>Cov.6
TGATATGGTTTGGTCATGATGCGGCTTCACTCAATTCTCTGACATATTTTAATAAACCTAGTTTGGTTGATGTAAATAAGTTTGAGGTTTTGGCAGATGCT
>Cov.7
GAGTTGTCTCGTGAATTAAAGCGGCCTGTTAAACCTACCGATGTGGCTTACCATACTGTAACAGATGTCAAGCAAAGGTGGAGGTCGCTAGATGGTCGATC
>Cov.8
TTGCTGAAGCTCAAAAGAGCATTTGGTGATTACACCTTAGTTGTGGTTGTAAATGTTATTGTTTGGTTTGTAAATTTCCTGATGCTTTTTGTGTTTCAGGT
>Cov.9
CCATGCTTTCTGGGTATTTTCTTATTGTAGAAAGCTTGGTACTGGTATGCGTAGTGATGGTACGTTCGAAGAGATGGCTCTTACTACGTTTATGATTAATA
>Cov.10
AGCATCTGTATTTGACTATGTATATAATTCCTGTGCTTATGACTTTGTTGTATAACAATTATTTAGTTGTTTACAAACAGTCTCTTAGAGGCCTAGTTTAT
>Cov.11
ACGCAAATTGTCAATAGTGGTCCAGATATGGATTGTAATATTCCTTCTCAGTGCTACTATAATAATAGTAGTAGTGGTAGGGTTATTTATGCTATACTTAG
>Cov.12
TTATTAATGTGTATAAAAAGTTAGGTCCTATTTTTAATAGGGCTTTGCTTGCAACTGCTGAATTTGCAGATGCTATGGTATCAGCAGGTCTAGTAGGTGTT
>Cov.13
GACCATCTAGCGACCTCCACATTCAACACTCAAGACCTGCAGTCTCAATGGCAGTTTCACAGTTAAGCTGTGAGATTTCACCACTGACTTACAGATCCGCC
>Cov.14
TCGTGTGTATTTGGAGTATATAAAGAAGCTGTATAGTGATTTGGGTAACCAGATATTAGACAGCTATAGTGTTATATTAAGTACTTGTGATGGACAAAAAT
>Cov.15
TTTACACCACTTACTTTGGATAAAGTTCCTTCCAAATTACAGTGTGTAACAAATTTATTTAAGGATTGTAGCAAGAACTATGTTGGTTATCATCCTGCTTA
>Cov.16
TCGGTCAGTTGAAACATTAGTTTACACTTTTGAGGCACATAAAGAAAGTTTTAAAGATGGTTTGTGTATGTTTTGGAAAGTGTGGAGGTCGCTAGATGGTC
>Cov.17
CTGTATGATGAATGTTGCTAAGTACACCCAATTGTGTCAATATCTAAATACGACCACATTGGCTGTACCTGCAAATATGCGAGTCTTGCACTTAGGTGCTG
>Cov.18
CTGCTGTTGTTAGTTTAAAAGAAGACCAGCTTAATGAAATGGTTTATTCCCTTATAGAGAAGGGTAAGCTACTTGTTCGTGATACAAGAAAAGAAGTGTTT
>Cov.19
TTTCCTCTAGCCCAATTCAAAGGGTTTTTGGATAAATTTAAACAGCTTCAATCTCAACTTCTAGGTGTGGGAGTAGATTGTAAGTTACAGGAAGCACCTCA
>Cov.20
TTAATAGTTCATATCCTATTTGTGTTTATGACCCGTTACCCATTATACTTCTTAGTATTTTATTGGGTATAGCGGTTATTGTTATTGTTGTTTTGTTGTTG
>Cov.21
TTTGATGTTGATGCTGATTGGTTGTATTTTCATTTCTTTCAAGAAGGTGGTACTTTTTATGCGTATTACACTGATAGTGGTGTAGTTACTACTTTATTATT
>Cov.22
TTTGTGCTAATGTTCTACTTAATAATGTAAATAGTGGTTCAACTTGTGCCACTGATTTACAACAACCCAACACTGATATTATTGTTGGATTGTGTGTTAAT
>Cov.23
GAGTACCTGCGCTATTAATTATACTAAAGCGCCGGATGTATTTTTGAACACTTCAATACCTACCCTTCCTGATTTTAAGGAAGAGTTGGATAAATGGTTTA
>Cov.24
GCTTAATCTCTATGGCTGATAATCTTCTTCTTACAGACACAGTGTGGTATGTGGGGCAAATTATTTTAATAGTTGCTATTTGTTTGTTTGTTATTGTCGTA
>Cov.25
GTTGAAAAATAATATCTAAACTTTAAGGATGTCTCTTATTCCCGGTAAATTTAATACTGGTAGTAGAGCTTCCTCTGGTAATCGTTCTGGCAATGGAGTCC
>Other.1
CGCAACTGGTCCAGAACCTTGACCGAACGCAGCGGTGGTAACGGCGCAGTGGCGGTTTTCATGGCTTGTTATGACTGTTTTTTTGTACAGTCTATGCCTCG
>Other.2
AGGTACCCGCAGGTAACGATAAGTTCACTGTGGATCTGATCAGGAGACGTGGACCGAGTGCTTTACACCGGTCAAAACCTACGCGGTAATCACGTTATAAA
>Other.3
GGCTGTCAGCGCAGGGGCGCCCGGTTCTTTTTGTCAAGACCGACCTGTCCGGTGCCCTGAATGAACTGCAAGACGAGGCAGCGCGGCTATCGGGGCTGGCC
>Other.5
AATGAACTGCAAGACGAGGCAGCGCGGCTATCGTGGCTGGCCACGACGGGCGTTCCTTGCGCAGCTGTGCTCGACGTTGTCACTGAAGCGGGAAGGGACTG
>Other.6
TCTCATGCGTGCCATAACCGTCCCACCACGTGGAGTAAGGGGCCTTCCAGAAGGCGTCGGGCCAGTGCCCTTTGACCCATCTGGACTTCCCAGAGCCAGCG
>Other.7
TATTGGGCGAAGTGCCGGGGCAGGATCTCCTGTCATCTCACCTTGCTCCTGCCGAGAAAGTATCCATCATGGCTGATGCAATGCGGCGGCTGCATACGCTT
>Other.8
AGGATCTCCTGTCATCTCACCTTGCTCCTGCCGAGAAAGTATCCATCATGGCTGATGCAATGCGGCGGCTGCATACGCTTGATCCGGCTACCTGCCCATTC
>Other.9
GCAANGCGGCGGCTGCATACGCTTGATCCGGCTACCTGCCCATTCGACCACCAAGCGAAACATCGCATCGAGCGAGCACGTACTCGGATGGAAGCCGGTCT
>Other.10
AGCGTGTGGTTTGGATGTTTCCATTTGCAGTAAACATCAAAGAACTCCAGTGCTATCAACCGTTAATTGAAGTATTCCAACGCTTCAATTTGGTTCCAGCT
>Other.11
ACTCGGATGGAAGCCGGTCTTGTCGATCAGGATGATCTGGACGAAGAGCATCAGGGGCTCGCGCCACCCGAACTGTTCGCCCAGCTCAAGGGGCGGCTGCC
>Other.12
TACGTCGGTTCCAATGTCGTCGACCGTCTGAGCCGTGTGCCGGGCGTGGGCAACATCCAGGTGTTCGGTGGCAAGTACGCCATGCGCATCTGGCTGGACCC
>Other.13
TATTGCTTTATTTGTAACCATTATAAGCTGCAATAAACAAGTTAACAACAACAATTGCATTCATTTTATGTTTCAGGTTAGGTGGAGGTCGCTAGATGGTC
>Other.14
TTCAGATTTACTGATTGTGAAAAATGTGATTTTTGGGATGAAATGTACAAAAAACACATGGCTAATGTACATCATGAACCTCCACAGGAATTAACTGACGA
>Other.15
AACCTGGATCCTGCCCAGCTACAACAACCACCTGTACCACCAGATCAACAGCAGTAGCGGGCTGCACAACCTCGCCACCAACCGATACTTTGGCTACAGCA
>Other.16
CCTGTTGTGGTATACCTGTACGGTGGTCCGGGTTGTGGTAAGTCGGTGCTTTCATCTGTCCTGGCAAAGGGCATATGTAAGGCGTTCGGCAAGGACCCATC
>Other.17
GGGCAAGACCCCGAGGGAAAAGACTGGCAAAACTTCTGTCAAATGGTCTCCACCGTCAAGTTTCTCCCCAACATGGCGGACATTGATCAGAAGCGCATCCC
>Other.19
GGCCTGGTGTTCTGGATGGCGAACAGTCTCGGTTGGGCTGATACCAACGTTGCTGCGACCTATTCGTTGACGCTTTTATTCCTGCGTACGCCGCTGCTTTC
>Other.20
ACCAAGGCCCGATCTGGGCCAAAATTCCACACACGGACGGCAGCTTCCATCCTTCCCCGCTCATCGGAGGCTTTGGGCTGCGCAAGCCTCCTCCGCAAATT
>Other.21
GGGCGCATCCACAGCGCCAAGGACCACCCCTATGTCTACACACCTCATAAGACCCAGCTGTACCCCACTGTTGCGTGTGATGATGACACCACTGTGGAACC
>Other.22
ACAAGATGGGGAACAGTATGGAGTCAACAACAAACATCATACGCAGCAGACCCACAAAGCTCAAGAATAGACACTGTATGGCAATATCCAATGCAAGCATG
>Other.23
TAAGATATAATAACATAAGTAATGACATGACAAGATGGGGAACAGTATGGAGTCAACAACAAACATCATACGCAGCAGACCCACAAAGCTCAAGAATAGAC
>Other.24
CCAATTTGGGATAAGCAACCAAACACAGACTTTCACACTACTTTATCATCATCAGACGGAACATTACCAATGAAACATCCACCTGGAAACATATTCATAAA
>Other.25
GACGAATCTGACATCCACTCTGTTCAGTTTCTGAAGAGGCACTTCACCCCAGACCCTGATCATCCTGCGCTGATCCACCCCATGATTGACCCGGACACCTA
