SUMZER_COMMENT=sra=DRR002111,genome=cov3m,date=200526-23:52;
family=Herpesviridae;score=100;pctid=99;aln=14653;glb=12878;panlen=148687;cvg=..oo.O.ooOo.O..OOOOoO...O;top=NC_002577.1;topaln=14527;toplen=164270;topname=Gallid herpesvirus 3;
family=Poxviridae;score=28;pctid=88;aln=175;glb=1;panlen=181133;cvg=_OO__o.____.__._________.;top=NC_003389.1;topaln=48;toplen=146454;topname=Swinepox virus;
family=Alloherpesviridae;score=8;pctid=98;aln=14;glb=0;panlen=207914;cvg=_oo___________O_________o;top=NC_013668.3;topaln=3;toplen=248526;topname=Anguillid herpesvirus 1;
family=Paramyxoviridae;score=4;pctid=92;aln=5;glb=0;panlen=15522;cvg=_____O___________________;top=NC_007454.1;topaln=5;toplen=18954;topname=J-virus;
family=Adenoviridae;score=4;pctid=96;aln=8;glb=0;panlen=33501;cvg=________o_______O________;top=NC_020074.1;topaln=6;toplen=30024;topname=Bovine adenovirus 6 strain 671130;
family=Coronaviridae;score=4;pctid=98;aln=723;glb=0;panlen=30000;cvg=________________O________;top=JB181528.1;topaln=723;toplen=19136;topname=Sequence 1 from Patent WO2012117045;
family=Rhabdoviridae;score=0;pctid=94;aln=1;glb=0;panlen=11510;cvg=_________________._______;top=NC_031955.1;topaln=1;toplen=11931;topname=Lleida bat lyssavirus isolate RV3208;
family=Asfarviridae;score=0;pctid=94;aln=2;glb=0;panlen=185164;cvg=______________________.._;top=NC_044948.1;topaln=1;toplen=189333;topname=UNVERIFIED: African swine fever virus isolate Odintsovo_02/14;
acc=NC_002577.1;pctid=99.3;aln=14527;glb=12878;len=164270;cvgpct=100;len=164270;depth=1.45e+04;cvg=.oOooOOOOooOooOOOOO...Oo.;fam=Herpesviridae;name=Gallid herpesvirus 3;
acc=NC_009127.1;pctid=100.0;aln=7;glb=0;len=295146;cvgpct=4;len=295146;depth=7;cvg=__________O______________;fam=Alloherpesviridae;name=Cyprinid herpesvirus 3;
acc=NC_007454.1;pctid=91.8;aln=5;glb=0;len=18954;cvgpct=4;len=18954;depth=5;cvg=____O____________________;fam=Paramyxoviridae;name=J-virus;
acc=NC_001731.1;pctid=88.0;aln=10;glb=0;len=190289;cvgpct=4;len=190289;depth=10;cvg=__________O______________;fam=Poxviridae;name=Molluscum contagiosum virus subtype 1;
acc=NC_020474.2;pctid=87.6;aln=6;glb=0;len=180421;cvgpct=4;len=180421;depth=6;cvg=______________________O__;fam=Herpesviridae;name=Elephantid herpesvirus 1;
acc=NC_004105.1;pctid=85.6;aln=22;glb=0;len=209771;cvgpct=4;len=209771;depth=22;cvg=_____O___________________;fam=Poxviridae;name=Ectromelia virus;
acc=NC_002642.1;pctid=90.3;aln=18;glb=0;len=144575;cvgpct=4;len=144575;depth=18;cvg=__O______________________;fam=Poxviridae;name=Yaba-like disease virus;
acc=NC_003663.2;pctid=85.0;aln=15;glb=0;len=224499;cvgpct=4;len=224499;depth=15;cvg=_____O___________________;fam=Poxviridae;name=Cowpox virus;
acc=NC_005179.1;pctid=84.2;aln=20;glb=0;len=134721;cvgpct=4;len=134721;depth=20;cvg=__O______________________;fam=Poxviridae;name=Yaba monkey tumor virus;
acc=NC_001132.2;pctid=89.0;aln=33;glb=0;len=161773;cvgpct=4;len=161773;depth=33;cvg=__O______________________;fam=Poxviridae;name=Myxoma virus;
acc=NC_003521.1;pctid=97.0;aln=10;glb=0;len=241087;cvgpct=4;len=241087;depth=10;cvg=__________O______________;fam=Herpesviridae;name=Panine herpesvirus 2 strain Heberling;
acc=NC_020074.1;pctid=97.0;aln=6;glb=0;len=30024;cvgpct=4;len=30024;depth=6;cvg=__________________O______;fam=Adenoviridae;name=Bovine adenovirus 6 strain 671130;
acc=NC_036582.1;pctid=84.3;aln=6;glb=0;len=293123;cvgpct=4;len=293123;depth=6;cvg=________________O________;fam=Poxviridae;name=Flamingopox virus FGPVKD09;
acc=NC_003389.1;pctid=91.3;aln=48;glb=1;len=146454;cvgpct=4;len=146454;depth=48;cvg=_O_______________________;fam=Poxviridae;name=Swinepox virus;
acc=NC_026421.1;pctid=91.8;aln=12;glb=0;len=182380;cvgpct=4;len=182380;depth=12;cvg=_____________O___________;fam=Herpesviridae;name=Equid herpesvirus 5 strain 2-141/67;
acc=NC_001987.1;pctid=91.0;aln=93;glb=0;len=108409;cvgpct=4;len=108409;depth=93;cvg=______________________O__;fam=Herpesviridae;name=Ateline herpesvirus 3 complete genome;
acc=JB181528.1;pctid=97.7;aln=723;glb=0;len=19136;cvgpct=4;len=19136;depth=723;cvg=O________________________;fam=Coronaviridae;name=Sequence 1 from Patent WO2012117045;
acc=NC_001716.2;pctid=85.5;aln=1;glb=0;len=153080;cvgpct=0;len=153080;depth=1;cvg=_._______________________;fam=Herpesviridae;name=Human herpesvirus 7;
acc=NC_044959.1;pctid=94.3;aln=1;glb=0;len=189344;cvgpct=0;len=189344;depth=1;cvg=______________________.__;fam=Asfarviridae;name=African swine fever virus Georgia 2007/1 complete genome;
acc=NC_002229.3;pctid=88.7;aln=1;glb=0;len=177874;cvgpct=0;len=177874;depth=1;cvg=___________________._____;fam=Herpesviridae;name=Gallid herpesvirus 2;
acc=NC_005309.1;pctid=85.7;aln=2;glb=0;len=359853;cvgpct=0;len=359853;depth=2;cvg=_______o_________________;fam=Poxviridae;name=Canarypox virus;
acc=NC_034266.1;pctid=96.9;aln=1;glb=0;len=204237;cvgpct=0;len=204237;depth=1;cvg=_________________._______;fam=Herpesviridae;name=Columbid alphaherpesvirus 1 strain HLJ;
acc=NC_024450.1;pctid=88.2;aln=1;glb=0;len=204054;cvgpct=0;len=204054;depth=1;cvg=_________._______________;fam=Herpesviridae;name=Falconid herpesvirus 1 strain S-18;
acc=NC_010956.1;pctid=91.9;aln=2;glb=0;len=35083;cvgpct=0;len=35083;depth=2;cvg=________o________________;fam=Adenoviridae;name=Human adenovirus D;
acc=NC_019491.1;pctid=100.0;aln=4;glb=0;len=291144;cvgpct=0;len=291144;depth=4;cvg=_o___________________._._;fam=Alloherpesviridae;name=Cyprinid herpesvirus 1 strain NG-J1;
acc=NC_009333.1;pctid=94.1;aln=1;glb=0;len=137969;cvgpct=0;len=137969;depth=1;cvg=____________.____________;fam=Herpesviridae;name=Human herpesvirus 8 strain GK18;
acc=NC_031955.1;pctid=93.8;aln=1;glb=0;len=11931;cvgpct=0;len=11931;depth=1;cvg=_________________._______;fam=Rhabdoviridae;name=Lleida bat lyssavirus isolate RV3208;
acc=NC_001611.1;pctid=92.3;aln=1;glb=0;len=185578;cvgpct=0;len=185578;depth=1;cvg=______________.__________;fam=Poxviridae;name=Variola virus;
acc=NC_013668.3;pctid=91.7;aln=3;glb=0;len=248526;cvgpct=0;len=248526;depth=3;cvg=o_______________________.;fam=Alloherpesviridae;name=Anguillid herpesvirus 1;
acc=NC_044948.1;pctid=94.3;aln=1;glb=0;len=189333;cvgpct=0;len=189333;depth=1;cvg=______________________.__;fam=Asfarviridae;name=UNVERIFIED: African swine fever virus isolate Odintsovo_02/14;
>Cov.17
TTAGGATTAGGCGTTTTGCGCTGCTTCGCGATGTACGGGTTAGGCGTGTGTGTAAGTAGTATTTAGCTTAGGGAGGGGGAGATGTTGTAGTAAGCGTCTT
>Other.1
CCGTCCCGTCCGACGTTTGGAACGCCGCCTCGGTCCTTGCGCGCAGTACTTGAGACGATACGTGTTAAAATCTCAGGCACCACGCTAAGGACGGAGCAGA
>Other.2
CTGAGACGACACGTAGATTCGCGGTCGTCCCAGAATAAAGGATGACCCCGCGATGCCCATTCCCACTCGCCCGACGTCTCCCTCCGATTCAAAAGTACTG
>Other.3
GGGGTGTTTTAAAGTGGTCTGACGTTGACTTGTCGCGGGGATTCATTTCGGTCCCAAATGTAAGTTCGCTTATGCTTTTAGACTGCGCTCCAAATTCGAT
>Other.4
CTGAAATACAGTCACCCGTCTCCTTTATCCCGGAGACCGTTTGCGTCCTGCACGCACTTTAAAGACGCCAACGAGTTCCTCTGTAAAAGCGGTAAAGGGG
>Other.5
ATCTTCGGGAAACCGTAGCCCGACTGACGTGGCTAATTTGTTAGCGCTCTTACCGCAAGCGACTCGTAGTGTTTCTAAAGCGGTTTCTGTTCCTTTAGAG
>Other.6
CCCGAAACATAATAAAACGCTAAATCTACAAGTGATTGTCGCGCGACTTATTTATCACTATAACGTATCGTTACATTGTTCCCGACCGTCCTTAAATCTG
>Other.7
CTACTGTCTACCTCGGCTTCGATTAACTCTTCGAGCCGTTCTGTAATGCACGCCTTAGTGCCGCTATTACCGACCACTCGGACGGCATTTCACGTGTCCA
>Other.8
CCTACATCCGGGGTGGTTCCGTAGAGAATCGCCGTTGTCCGCTCCGCCATATTGTTCACCGTTTCCTGCAGAGTTAGAAGCGCGTCCGCATCCACCAATA
>Other.9
AGCAACGTAACACACATATCCTATAGTGTACAATGTTTCGATGCAACTGAAAGCAACGAGCTAAAGCGAAGATGTTTTGCAGGCGACAAGGGCATGCATT
>Other.10
GGGACTATCGTTACATACGATCTTACTCCGGAAAATGCCATTGAACCGTTCAGGAAGCTTTCCCCTACTACCAAGACGGCCCTACTATCCGAGGGGCAAG
>Other.11
CGATTCGGCTGAACATGTCGTTGATATGAGTCTGTATATGGTCGTAGAGAAATTGGAGCATGGCGAACTGGACGGACGAAGTAGATCTTATCGTAGCGCC
>Other.12
GGCATCCTCATCATTTCATGGAAATGGCGGCAGAGTCGTCGGTTACCAAGGAGCGAAAGTGTTAGATCCCCTTTCGGGATTCCACGTCGACCCCGTGGTA
>Other.13
CTTACAAGTTGGATGTGCTGGTTAACTACCCCCTCTCGGATTTGGTGCATCACCTTAATGCCATACCGCGAAACCTGCAAGTTTCCGACAGGCATTCCGA
>Other.14
GTCGGATAACAGCACCGTTAAGAACGAAAACGCGTCATCCTGGCCTGCGGGTAGATCGGCCATTATTCCCGTAGAGGGAGTGTCTGCAGGCGCCCTGTTT
>Other.15
CTCCTCTCACTAGCAGCCATATAGACGATGGGGCGGAATGGCGCGTCTTTTCAGATTGCGCTTTGTCATTGAGCGAGTTAGACATTAAAAGTTGATTAAC
>Other.16
CACGCCTGTCGAAACACCGGAATCGGACCTCGAGACTCCGAGAAAGTGGACTGGCGTTTAGATCTCCGAGGCCGCCCTACAAAGAATTCCTGCATGTACG
>Other.17
AAGCCCGTGTACATCCGCGTGTGTCAACGACCCGCCTCGGTCGACGTTCTAGCCCCCCCCGTCCTCAGTGGCGATAAGTACAAGGCTTCATGCATCGTTA
>Other.18
GCAAGAGCCTGTTGTACAAGCGGTTCGGAGGATTCGGATTTGGGGACGGAAGCGAAATTTTGATCGAAAATGGAGCACTCAAAGAGAACGAGGCAGATTG
>Other.19
CTGGACTTAGGGTTTCCCATATCCGGCGACAGTCCGGACTCCTCCGATAATTTTCGCGTACATGCCTCAGCTTCATCCAATAGGATTTCCCCTTCTTGGA
>Other.20
CTCGACATGATTTCGAGAGAGCGCAATTTCCGCACTTCTAGCAAAAACCGCTGGGCCTCAGTACTGGCATTCTCCTGTACCGGAAAAAGTGGGGCATACG
>Other.21
GTAACTGTGTCGATGGTTCACTATTCTCGAAGGAGTTAAATTGCCTACTTTCTCCTCGAATCTCGAATGTGGCTATGCAGCATCAGGGGCATTAGCGTCA
>Other.22
CTCGGCGTTGTTCGTCGGCCGAGGGTAGGCGCAGAGGAAATCGCGGTCGCTGTGGACTCCGGTGTCTGGTATCATGTCCGGCTCGAGTCGTACGTCCTGA
>Other.23
GTCTGCCCGGGAACCGAAACCGCGGGCGCGGAGCCGTGGCCCCCTGGACTCAGATCGCCGCGTCCTTTCCGAAGGCCTGCGCGGCTGTACCGACGAATCG
>Other.24
ATTTCGCTTCTTCATGGCGCTGGCTATGTGGGGTATGCATTTGTTGACCGTCCCCGTGACGGCCGCGCCCGGCGAACTGTGCGAGCTCTGAAACTTCGTG
>Other.25
GTTTGAAATGTCATCTATCAGAAACATCTCGCCCATCGTAGAAAAAAACCTGTACGCAGACCATAAAACCATTCGGTACCACATATCCTTGTGTATATCA
