SUMZER_COMMENT=sra=DRR002095,genome=cov3m,date=200527-01:39;
family=Herpesviridae;score=36;pctid=91;aln=131;glb=2;panlen=148687;cvg=...._._..__..o_.O..._...o;top=NC_003521.1;topaln=56;toplen=241087;topname=Panine herpesvirus 2 strain Heberling;
family=Poxviridae;score=32;pctid=92;aln=406;glb=1;panlen=181133;cvg=..._..__Oo..___________._;top=NC_035469.1;topaln=12;toplen=200223;topname=NY_014 poxvirus strain 2013;
family=Coronaviridae;score=4;pctid=99;aln=7;glb=0;panlen=30000;cvg=_____________.___O_______;top=GQ427176.1;topaln=4;toplen=27804;topname=Turkey coronavirus strain TCoV/TX-1038/98, complete genome;
family=Picornaviridae;score=4;pctid=97;aln=3;glb=0;panlen=7591;cvg=_______________O_________;top=NC_023858.1;topaln=3;toplen=9739;topname=Melegrivirus A;
family=Iridoviridae;score=4;pctid=83;aln=3;glb=0;panlen=113436;cvg=____________________O____;top=NC_006549.1;topaln=3;toplen=140131;topname=Singapore grouper iridovirus;
family=Unknown;score=4;pctid=84;aln=4;glb=0;panlen=4668;cvg=________________________O;top=NC_040681.1;topaln=4;toplen=158250;topname=Bufonid herpesvirus 1 strain FO1_2015;
family=Alloherpesviridae;score=4;pctid=85;aln=24;glb=0;panlen=207914;cvg=__._____.__.____________O;top=NC_019491.1;topaln=11;toplen=291144;topname=Cyprinid herpesvirus 1 strain NG-J1;
family=Flaviviridae;score=0;pctid=94;aln=1;glb=0;panlen=10290;cvg=_____________.___________;top=NC_025679.1;topaln=1;toplen=10023;topname=Norway rat pegivirus isolate NrPgV/NYC-E13 polyprotein gene;
family=Papillomaviridae;score=0;pctid=88;aln=2;glb=0;panlen=7583;cvg=____________o____________;top=NC_016014.1;topaln=1;toplen=7784;topname=Canine papillomavirus 8;
family=Asfarviridae;score=0;pctid=92;aln=1;glb=0;panlen=185164;cvg=______________________.__;top=NC_044959.1;topaln=1;toplen=189344;topname=African swine fever virus Georgia 2007/1 complete genome;
family=Reoviridae;score=0;pctid=91;aln=2;glb=0;panlen=1726;cvg=_______o_________________;top=NC_022624.1;topaln=2;toplen=1690;topname=Mobuck virus strain 12-2 segment 9;
family=Adenoviridae;score=0;pctid=89;aln=6;glb=0;panlen=33501;cvg=_.__._._._____o__________;top=NC_035619.1;topaln=2;toplen=30620;topname=Odocoileus adenovirus 1;
family=Paramyxoviridae;score=0;pctid=87;aln=2;glb=0;panlen=15522;cvg=_____.________________.__;top=NC_025347.1;topaln=1;toplen=15480;topname=Avian paramyxovirus 7 strain APMV-7/dove/Tennessee/4/75;
acc=NC_026421.1;pctid=92.4;aln=25;glb=0;len=182380;cvgpct=8;len=182380;depth=25;cvg=_____________O____.__O___;fam=Herpesviridae;name=Equid herpesvirus 5 strain 2-141/67;
acc=NC_003521.1;pctid=94.8;aln=56;glb=0;len=241087;cvgpct=8;len=241087;depth=56;cvg=________o_O______________;fam=Herpesviridae;name=Panine herpesvirus 2 strain Heberling;
acc=NC_001132.2;pctid=85.7;aln=3;glb=0;len=161773;cvgpct=4;len=161773;depth=3;cvg=__O______________________;fam=Poxviridae;name=Myxoma virus;
acc=NC_027916.2;pctid=81.5;aln=5;glb=1;len=160358;cvgpct=4;len=160358;depth=5;cvg=__O______________________;fam=Herpesviridae;name=Testudinid herpesvirus 3 strain 1976;
acc=NC_001731.1;pctid=87.5;aln=11;glb=0;len=190289;cvgpct=4;len=190289;depth=11;cvg=__________O___________.__;fam=Poxviridae;name=Molluscum contagiosum virus subtype 1;
acc=NC_005179.1;pctid=83.2;aln=6;glb=0;len=134721;cvgpct=4;len=134721;depth=6;cvg=__O______________________;fam=Poxviridae;name=Yaba monkey tumor virus;
acc=NC_038267.1;pctid=78.3;aln=3;glb=1;len=2577;cvgpct=4;len=2577;depth=3;cvg=___________________O_____;fam=Herpesviridae;name=Herpesvirus ateles thymidylate synthase (TS) gene;
acc=NC_002229.3;pctid=82.9;aln=5;glb=0;len=177874;cvgpct=4;len=177874;depth=5;cvg=____________________O___o;fam=Herpesviridae;name=Gallid herpesvirus 2;
acc=NC_029255.1;pctid=81.7;aln=5;glb=0;len=129563;cvgpct=4;len=129563;depth=5;cvg=______________________O__;fam=Herpesviridae;name=Myotis gammaherpesvirus 8 strain My-HV8/Myotis velifer incautus/USA/FCGHV/2011;
acc=GQ427176.1;pctid=100.0;aln=4;glb=0;len=27804;cvgpct=4;len=27804;depth=4;cvg=_________________O_______;fam=Coronaviridae;name=Turkey coronavirus strain TCoV/TX-1038/98, complete genome;
acc=NC_023858.1;pctid=96.8;aln=3;glb=0;len=9739;cvgpct=4;len=9739;depth=3;cvg=___________O_____________;fam=Picornaviridae;name=Melegrivirus A;
acc=NC_006549.1;pctid=83.1;aln=3;glb=0;len=140131;cvgpct=4;len=140131;depth=3;cvg=________________O________;fam=Iridoviridae;name=Singapore grouper iridovirus;
acc=NC_027213.1;pctid=86.3;aln=92;glb=1;len=214699;cvgpct=4;len=214699;depth=92;cvg=________O________________;fam=Poxviridae;name=Raccoonpox virus;
acc=NC_002642.1;pctid=84.6;aln=10;glb=0;len=144575;cvgpct=4;len=144575;depth=10;cvg=__O______________________;fam=Poxviridae;name=Yaba-like disease virus;
acc=NC_035468.1;pctid=84.4;aln=28;glb=0;len=204055;cvgpct=4;len=204055;depth=28;cvg=____O____________________;fam=Poxviridae;name=Murmansk poxvirus strain LEIV-11411;
acc=NC_019495.1;pctid=82.3;aln=8;glb=0;len=290304;cvgpct=4;len=290304;depth=8;cvg=___________________O____.;fam=Alloherpesviridae;name=Cyprinid herpesvirus 2 strain ST-J1;
acc=NC_040681.1;pctid=83.6;aln=4;glb=0;len=158250;cvgpct=4;len=158250;depth=4;cvg=___O_____________________;fam=Unknown;name=Bufonid herpesvirus 1 strain FO1_2015;
acc=NC_025963.1;pctid=94.4;aln=3;glb=0;len=139981;cvgpct=4;len=139981;depth=3;cvg=_O_______________________;fam=Poxviridae;name=Parapoxvirus red deer/HL953 strain HL953;
acc=NC_031033.1;pctid=81.6;aln=12;glb=0;len=217124;cvgpct=4;len=217124;depth=12;cvg=________O________________;fam=Poxviridae;name=Volepox virus strain CA;
acc=NC_035188.1;pctid=96.9;aln=224;glb=0;len=127941;cvgpct=4;len=127941;depth=224;cvg=___________O_____________;fam=Poxviridae;name=Seal parapoxvirus isolate AFK76s1;
acc=NC_019491.1;pctid=87.9;aln=11;glb=0;len=291144;cvgpct=4;len=291144;depth=11;cvg=______._____________.O___;fam=Alloherpesviridae;name=Cyprinid herpesvirus 1 strain NG-J1;
acc=NC_035469.1;pctid=84.5;aln=12;glb=0;len=200223;cvgpct=4;len=200223;depth=12;cvg=____O____________________;fam=Poxviridae;name=NY_014 poxvirus strain 2013;
acc=NC_002794.1;pctid=79.6;aln=1;glb=0;len=195859;cvgpct=0;len=195859;depth=1;cvg=____________________.____;fam=Herpesviridae;name=Tupaiid herpesvirus 1;
acc=NC_039041.1;pctid=78.6;aln=1;glb=0;len=7773;cvgpct=0;len=7773;depth=1;cvg=____________.____________;fam=Papillomaviridae;name=Rusa timorensis papillomavirus type 1 isolate IZW 39/08;
acc=NC_025360.1;pctid=89.2;aln=1;glb=0;len=16968;cvgpct=0;len=16968;depth=1;cvg=____.____________________;fam=Paramyxoviridae;name=Atlantic salmon paramyxovirus isolate ASPV/Yrkje371/95;
acc=NC_035460.1;pctid=86.5;aln=1;glb=0;len=176688;cvgpct=0;len=176688;depth=1;cvg=__.______________________;fam=Poxviridae;name=Eptesipox virus strain Washington;
acc=NC_001650.2;pctid=81.2;aln=1;glb=0;len=184439;cvgpct=0;len=184439;depth=1;cvg=_____________________.___;fam=Herpesviridae;name=Equid herpesvirus 2 strain 86/67;
acc=NC_025679.1;pctid=93.8;aln=1;glb=0;len=10023;cvgpct=0;len=10023;depth=1;cvg=______________.__________;fam=Flaviviridae;name=Norway rat pegivirus isolate NrPgV/NYC-E13 polyprotein gene;
acc=NC_034382.1;pctid=75.8;aln=1;glb=0;len=35555;cvgpct=0;len=35555;depth=1;cvg=_._______________________;fam=Adenoviridae;name=Cynomolgus adenovirus 1 isolate UK/UK-1/2004;
acc=NC_034266.1;pctid=96.9;aln=1;glb=0;len=204237;cvgpct=0;len=204237;depth=1;cvg=_________________._______;fam=Herpesviridae;name=Columbid alphaherpesvirus 1 strain HLJ;
acc=NC_029132.1;pctid=83.5;aln=2;glb=0;len=140122;cvgpct=0;len=140122;depth=2;cvg=______o__________________;fam=Herpesviridae;name=Macropodid herpesvirus 1 isolate MaHV1.3076/08;
acc=NC_016014.1;pctid=96.7;aln=1;glb=0;len=7784;cvgpct=0;len=7784;depth=1;cvg=____________.____________;fam=Papillomaviridae;name=Canine papillomavirus 8;
acc=NC_006151.1;pctid=88.9;aln=1;glb=0;len=143461;cvgpct=0;len=143461;depth=1;cvg=_._______________________;fam=Herpesviridae;name=Suid herpesvirus 1;
acc=NC_017825.1;pctid=72.5;aln=1;glb=0;len=36711;cvgpct=0;len=36711;depth=1;cvg=_______._________________;fam=Adenoviridae;name=Chimpanzee adenovirus Y25;
acc=NC_009333.1;pctid=79.3;aln=1;glb=0;len=137969;cvgpct=0;len=137969;depth=1;cvg=____________.____________;fam=Herpesviridae;name=Human herpesvirus 8 strain GK18;
acc=NC_003391.1;pctid=92.3;aln=1;glb=0;len=205719;cvgpct=0;len=205719;depth=1;cvg=_._______________________;fam=Poxviridae;name=Camelpox virus;
acc=NC_002512.2;pctid=80.4;aln=1;glb=0;len=230138;cvgpct=0;len=230138;depth=1;cvg=___________._____________;fam=Herpesviridae;name=Rat cytomegalovirus Maastricht;
acc=NC_027016.1;pctid=94.4;aln=2;glb=0;len=226084;cvgpct=0;len=226084;depth=2;cvg=__o______________________;fam=Herpesviridae;name=Papio ursinus cytomegalovirus isolate OCOM4-52;
acc=MF618253.1;pctid=97.0;aln=1;glb=0;len=29893;cvgpct=0;len=29893;depth=1;cvg=_____________.___________;fam=Coronaviridae;name=Murine hepatitis virus strain A59 isolate MHV-ExoN(-) P250, complete genome;
acc=NC_013590.2;pctid=90.2;aln=2;glb=0;len=135797;cvgpct=0;len=135797;depth=2;cvg=__________________o______;fam=Herpesviridae;name=Felid herpesvirus 1 strain C-27;
acc=NC_043054.1;pctid=84.0;aln=3;glb=0;len=137452;cvgpct=0;len=137452;depth=3;cvg=________._________o______;fam=Herpesviridae;name=Bubaline alphaherpesvirus 1 strain b6;
acc=GQ427174.1;pctid=98.4;aln=2;glb=0;len=27650;cvgpct=0;len=27650;depth=2;cvg=_________________o_______;fam=Coronaviridae;name=Turkey coronavirus strain TCoV/TX-GL/01, complete genome;
acc=NC_016447.1;pctid=88.9;aln=1;glb=0;len=219474;cvgpct=0;len=219474;depth=1;cvg=________.________________;fam=Herpesviridae;name=Aotine herpesvirus 1 strain S34E;
acc=NC_001847.1;pctid=83.0;aln=1;glb=0;len=135301;cvgpct=0;len=135301;depth=1;cvg=___._____________________;fam=Herpesviridae;name=Bovine herpesvirus 1;
acc=NC_006150.1;pctid=100.0;aln=1;glb=0;len=221454;cvgpct=0;len=221454;depth=1;cvg=__________.______________;fam=Herpesviridae;name=Macacine herpesvirus 3;
acc=NC_032111.1;pctid=96.8;aln=2;glb=0;len=163005;cvgpct=0;len=163005;depth=2;cvg=____________o____________;fam=Poxviridae;name=BeAn 58058 virus;
acc=NC_001876.1;pctid=96.7;aln=1;glb=0;len=34446;cvgpct=0;len=34446;depth=1;cvg=______.__________________;fam=Adenoviridae;name=Bovine adenovirus 3 complete genome;
acc=NC_044959.1;pctid=92.1;aln=1;glb=0;len=189344;cvgpct=0;len=189344;depth=1;cvg=______________________.__;fam=Asfarviridae;name=African swine fever virus Georgia 2007/1 complete genome;
acc=NC_001806.2;pctid=86.0;aln=1;glb=0;len=152222;cvgpct=0;len=152222;depth=1;cvg=.________________________;fam=Herpesviridae;name=Human herpesvirus 1 strain 17;
acc=NC_007653.1;pctid=93.9;aln=1;glb=0;len=156487;cvgpct=0;len=156487;depth=1;cvg=________________.________;fam=Herpesviridae;name=Papiine herpesvirus 2;
acc=NC_004065.1;pctid=90.1;aln=3;glb=0;len=230278;cvgpct=0;len=230278;depth=3;cvg=_____.____________o______;fam=Herpesviridae;name=Murid herpesvirus 1;
acc=NC_024486.1;pctid=94.6;aln=1;glb=0;len=43734;cvgpct=0;len=43734;depth=1;cvg=___._____________________;fam=Adenoviridae;name=Duck adenovirus 2 strain GR;
acc=NC_006273.2;pctid=90.5;aln=2;glb=0;len=235646;cvgpct=0;len=235646;depth=2;cvg=____o____________________;fam=Herpesviridae;name=Human herpesvirus 5 strain Merlin;
acc=NC_001798.2;pctid=88.9;aln=1;glb=0;len=154675;cvgpct=0;len=154675;depth=1;cvg=____________.____________;fam=Herpesviridae;name=Human herpesvirus 2 strain HG52;
acc=NC_006146.1;pctid=88.1;aln=1;glb=0;len=171096;cvgpct=0;len=171096;depth=1;cvg=_______._________________;fam=Herpesviridae;name=Macacine herpesvirus 4;
acc=NC_002686.2;pctid=96.9;aln=1;glb=0;len=124784;cvgpct=0;len=124784;depth=1;cvg=_____________________.___;fam=Herpesviridae;name=Cercopithecine herpesvirus 9;
acc=NC_022624.1;pctid=91.4;aln=2;glb=0;len=1690;cvgpct=0;len=1690;depth=2;cvg=_______o_________________;fam=Reoviridae;name=Mobuck virus strain 12-2 segment 9;
acc=NC_023677.1;pctid=83.6;aln=2;glb=0;len=153158;cvgpct=0;len=153158;depth=2;cvg=____________________.___.;fam=Herpesviridae;name=Chimpanzee alpha-1 herpesvirus strain 105640;
acc=NC_037656.1;pctid=84.8;aln=1;glb=0;len=127879;cvgpct=0;len=127879;depth=1;cvg=_____.___________________;fam=Poxviridae;name=Sea otter poxvirus strain ELK;
acc=NC_035619.1;pctid=98.5;aln=2;glb=0;len=30620;cvgpct=0;len=30620;depth=2;cvg=_______________o_________;fam=Adenoviridae;name=Odocoileus adenovirus 1;
acc=NC_025347.1;pctid=85.4;aln=1;glb=0;len=15480;cvgpct=0;len=15480;depth=1;cvg=______________________.__;fam=Paramyxoviridae;name=Avian paramyxovirus 7 strain APMV-7/dove/Tennessee/4/75;
acc=NC_024303.1;pctid=71.6;aln=1;glb=0;len=144898;cvgpct=0;len=144898;depth=1;cvg=___._____________________;fam=Herpesviridae;name=Bovine herpesvirus 6 isolate Pennsylvania 47;
acc=NC_004812.1;pctid=93.9;aln=1;glb=0;len=156789;cvgpct=0;len=156789;depth=1;cvg=________________.________;fam=Herpesviridae;name=Macacine herpesvirus 1;
acc=NC_009127.1;pctid=84.8;aln=5;glb=0;len=295146;cvgpct=0;len=295146;depth=5;cvg=_o______o_______________.;fam=Alloherpesviridae;name=Cyprinid herpesvirus 3;
>Other.1
TCATGCCAGTTGTATCAGAGATCTGGAGACATGGGACTAGGGGTGCCTTTCAATATCGCCAGTTATTCACTGCTCACATATATGATTGCC
>Other.3
GAAGCAAACTGGATTGACAGCCAGAAGAACTGCTCTGCCCTCGGTGCCTCCCTGGCTGGGATTGACTCGCAGTTGGAGATGGATTTCATG
>Other.6
ATCTTTGGAAAGATCAACCTCTTCAGCTGTCCAGAAGGAGGCCTCTGCTTTCTTATACATTTGCCAGATATCATGGTACCGGATGGGGAA
>Other.9
AGAAAGAGAAGGAAAAGGAGAAAGAGAAAAAGGAAGAGGAGAAAATGGAAGTGGATGAGAAAGAGAAAAAGGAAGAGGAGAAAATGGAAG
>Other.10
CTCCCCAAACCTCGTCTAGGCCAGGACATTCATTTGGACACAGCAAGGACCAATCCTGGTTAGTCTCTACCCGTTTCATGAAGAGATCAG
>Other.11
ACTGGTGTAGGGCTCAATGGACTCGTTATTCCCCAAGATCTGAGCAGTAGAAGCAGTTGGCATTGGAGAAAGGAGCAGGCTGTTTCTAAC
>Other.14
GTGGTGTAGCACAGGTTGTGGGCCATCATGATGGAGGGGTACAGGGAGGAGAAGTCCAGGGTGGCGATGGGCACGTCGTAGTACCCCTTC
>Other.17
TCCTCCTCTTCTTCCTCCTCCTCCTCTTCTTCTGCTTGCTGATCCTGAGATTGACCAGTATTTTCAAAAGGATTTTCACCCTTGACATAT
>Other.21
TGATCTGGAGGAATACCTTCTTTGTCCTGGATTTTGGCCTTGACATTCTCAATGGTGTCACTGGGCTCTACTTCTAGGGTGATGGTCTTG
>Other.25
AGAGGAAGATGAGGAGGATGAAGATGAGGAGGAAGATGAAGAGGAGGATGAGGAAGATGAAGAGTAAATGGATGTTCTGCTGTAAAGATT
