SUMZER_COMMENT=sra=DRR002097,genome=cov3m,date=200527-01:27;
family=Herpesviridae;score=36;pctid=92;aln=131;glb=0;panlen=148687;cvg=_...__..___._._.O.......o;top=NC_003521.1;topaln=54;toplen=241087;topname=Panine herpesvirus 2 strain Heberling;
family=Poxviridae;score=28;pctid=92;aln=452;glb=0;panlen=181133;cvg=...__.__Oo..___________._;top=NC_027213.1;topaln=98;toplen=214699;topname=Raccoonpox virus;
family=Alloherpesviridae;score=8;pctid=85;aln=34;glb=0;panlen=207914;cvg=__._____.__._____.______O;top=NC_019495.1;topaln=15;toplen=290304;topname=Cyprinid herpesvirus 2 strain ST-J1;
family=Coronaviridae;score=4;pctid=98;aln=14;glb=0;panlen=30000;cvg=____________.____O____.__;top=GQ427174.1;topaln=8;toplen=27650;topname=Turkey coronavirus strain TCoV/TX-GL/01, complete genome;
family=Unknown;score=4;pctid=85;aln=13;glb=0;panlen=4668;cvg=________________________O;top=NC_040681.1;topaln=10;toplen=158250;topname=Bufonid herpesvirus 1 strain FO1_2015;
family=Asfarviridae;score=0;pctid=95;aln=1;glb=0;panlen=185164;cvg=_______________________._;top=NC_044948.1;topaln=1;toplen=189333;topname=UNVERIFIED: African swine fever virus isolate Odintsovo_02/14;
family=Anelloviridae;score=0;pctid=83;aln=1;glb=0;panlen=2878;cvg=____.____________________;top=NC_038361.1;topaln=1;toplen=3223;topname=Torque teno midi virus 14 DNA;
family=Picornaviridae;score=0;pctid=97;aln=2;glb=0;panlen=7591;cvg=_______________o_________;top=NC_023858.1;topaln=2;toplen=9739;topname=Melegrivirus A;
family=Paramyxoviridae;score=0;pctid=85;aln=1;glb=0;panlen=15522;cvg=_____.___________________;top=NC_025360.1;topaln=1;toplen=16968;topname=Atlantic salmon paramyxovirus isolate ASPV/Yrkje371/95;
family=Iridoviridae;score=0;pctid=83;aln=1;glb=0;panlen=113436;cvg=____________________.____;top=NC_006549.1;topaln=1;toplen=140131;topname=Singapore grouper iridovirus;
family=Reoviridae;score=0;pctid=91;aln=1;glb=0;panlen=1726;cvg=_______._________________;top=NC_022624.1;topaln=1;toplen=1690;topname=Mobuck virus strain 12-2 segment 9;
family=Papillomaviridae;score=0;pctid=80;aln=1;glb=0;panlen=7583;cvg=____________.____________;top=NC_039041.1;topaln=1;toplen=7773;topname=Rusa timorensis papillomavirus type 1 isolate IZW 39/08;
family=Adenoviridae;score=0;pctid=94;aln=3;glb=0;panlen=33501;cvg=____.___.._______________;top=NC_024486.1;topaln=1;toplen=43734;topname=Duck adenovirus 2 strain GR;
acc=NC_002229.3;pctid=84.8;aln=9;glb=0;len=177874;cvgpct=8;len=177874;depth=9;cvg=____________________O___O;fam=Herpesviridae;name=Gallid herpesvirus 2;
acc=NC_026421.1;pctid=92.7;aln=18;glb=0;len=182380;cvgpct=8;len=182380;depth=18;cvg=_____________O____.__o___;fam=Herpesviridae;name=Equid herpesvirus 5 strain 2-141/67;
acc=NC_023637.1;pctid=91.8;aln=3;glb=0;len=9840;cvgpct=4;len=9840;depth=3;cvg=___________O_____________;fam=Unknown;name=Posavirus 1;
acc=NC_005179.1;pctid=85.0;aln=12;glb=0;len=134721;cvgpct=4;len=134721;depth=12;cvg=__O______________________;fam=Poxviridae;name=Yaba monkey tumor virus;
acc=GQ427176.1;pctid=99.2;aln=4;glb=0;len=27804;cvgpct=4;len=27804;depth=4;cvg=_________________O_______;fam=Coronaviridae;name=Turkey coronavirus strain TCoV/TX-1038/98, complete genome;
acc=NC_009127.1;pctid=83.3;aln=6;glb=0;len=295146;cvgpct=4;len=295146;depth=6;cvg=_O______.________________;fam=Alloherpesviridae;name=Cyprinid herpesvirus 3;
acc=NC_027016.1;pctid=93.6;aln=7;glb=0;len=226084;cvgpct=4;len=226084;depth=7;cvg=__O____________._________;fam=Herpesviridae;name=Papio ursinus cytomegalovirus isolate OCOM4-52;
acc=GQ427174.1;pctid=99.6;aln=8;glb=0;len=27650;cvgpct=4;len=27650;depth=8;cvg=_________________O_______;fam=Coronaviridae;name=Turkey coronavirus strain TCoV/TX-GL/01, complete genome;
acc=NC_031033.1;pctid=80.0;aln=8;glb=0;len=217124;cvgpct=4;len=217124;depth=8;cvg=________O________________;fam=Poxviridae;name=Volepox virus strain CA;
acc=NC_040681.1;pctid=83.0;aln=10;glb=0;len=158250;cvgpct=4;len=158250;depth=10;cvg=___O_____________________;fam=Unknown;name=Bufonid herpesvirus 1 strain FO1_2015;
acc=NC_001987.1;pctid=81.4;aln=3;glb=0;len=108409;cvgpct=4;len=108409;depth=3;cvg=______________________O__;fam=Herpesviridae;name=Ateline herpesvirus 3 complete genome;
acc=NC_019491.1;pctid=88.0;aln=13;glb=0;len=291144;cvgpct=4;len=291144;depth=13;cvg=______.______________O___;fam=Alloherpesviridae;name=Cyprinid herpesvirus 1 strain NG-J1;
acc=NC_013590.2;pctid=88.9;aln=4;glb=0;len=135797;cvgpct=4;len=135797;depth=4;cvg=__________________O______;fam=Herpesviridae;name=Felid herpesvirus 1 strain C-27;
acc=NC_001731.1;pctid=86.7;aln=11;glb=0;len=190289;cvgpct=4;len=190289;depth=11;cvg=__________O___________.__;fam=Poxviridae;name=Molluscum contagiosum virus subtype 1;
acc=NC_002642.1;pctid=86.2;aln=12;glb=0;len=144575;cvgpct=4;len=144575;depth=12;cvg=__O______________________;fam=Poxviridae;name=Yaba-like disease virus;
acc=NC_027916.2;pctid=85.8;aln=4;glb=0;len=160358;cvgpct=4;len=160358;depth=4;cvg=__O______________________;fam=Herpesviridae;name=Testudinid herpesvirus 3 strain 1976;
acc=NC_019495.1;pctid=82.8;aln=15;glb=0;len=290304;cvgpct=4;len=290304;depth=15;cvg=____________.______O_____;fam=Alloherpesviridae;name=Cyprinid herpesvirus 2 strain ST-J1;
acc=NC_001132.2;pctid=86.5;aln=3;glb=0;len=161773;cvgpct=4;len=161773;depth=3;cvg=__O______________________;fam=Poxviridae;name=Myxoma virus;
acc=NC_035469.1;pctid=84.7;aln=25;glb=0;len=200223;cvgpct=4;len=200223;depth=25;cvg=____O____________________;fam=Poxviridae;name=NY_014 poxvirus strain 2013;
acc=NC_035188.1;pctid=96.8;aln=261;glb=0;len=127941;cvgpct=4;len=127941;depth=261;cvg=___________O_____________;fam=Poxviridae;name=Seal parapoxvirus isolate AFK76s1;
acc=NC_035468.1;pctid=84.6;aln=20;glb=0;len=204055;cvgpct=4;len=204055;depth=20;cvg=____O____________________;fam=Poxviridae;name=Murmansk poxvirus strain LEIV-11411;
acc=NC_027213.1;pctid=86.3;aln=98;glb=0;len=214699;cvgpct=4;len=214699;depth=98;cvg=________O________________;fam=Poxviridae;name=Raccoonpox virus;
acc=NC_040539.1;pctid=84.2;aln=8;glb=0;len=147790;cvgpct=4;len=147790;depth=8;cvg=____________________O____;fam=Herpesviridae;name=Rhinolophus gammaherpesvirus 1 BV1 DNA;
acc=NC_003521.1;pctid=96.2;aln=54;glb=0;len=241087;cvgpct=4;len=241087;depth=54;cvg=________._O____________._;fam=Herpesviridae;name=Panine herpesvirus 2 strain Heberling;
acc=NC_044948.1;pctid=94.7;aln=1;glb=0;len=189333;cvgpct=0;len=189333;depth=1;cvg=______________________.__;fam=Asfarviridae;name=UNVERIFIED: African swine fever virus isolate Odintsovo_02/14;
acc=NC_024303.1;pctid=72.4;aln=1;glb=0;len=144898;cvgpct=0;len=144898;depth=1;cvg=___._____________________;fam=Herpesviridae;name=Bovine herpesvirus 6 isolate Pennsylvania 47;
acc=MK679660.1;pctid=83.3;aln=1;glb=0;len=30172;cvgpct=0;len=30172;depth=1;cvg=______________________.__;fam=Coronaviridae;name=Hedgehog coronavirus 1, complete genome;
acc=NC_006273.2;pctid=96.9;aln=1;glb=0;len=235646;cvgpct=0;len=235646;depth=1;cvg=____.____________________;fam=Herpesviridae;name=Human herpesvirus 5 strain Merlin;
acc=NC_024450.1;pctid=96.9;aln=1;glb=0;len=204054;cvgpct=0;len=204054;depth=1;cvg=_________________._______;fam=Herpesviridae;name=Falconid herpesvirus 1 strain S-18;
acc=KY967735.1;pctid=96.8;aln=1;glb=0;len=1197;cvgpct=0;len=1197;depth=1;cvg=________________________.;fam=Coronaviridae;name=Wencheng Sm shrew coronavirus isolate Wencheng-562 ORF1ab polyprotein, spike glycoprotein, envelope protein, membrane protein, and nucleocapsid protein genes, complete cds;
acc=NC_036582.1;pctid=88.9;aln=1;glb=0;len=293123;cvgpct=0;len=293123;depth=1;cvg=.________________________;fam=Poxviridae;name=Flamingopox virus FGPVKD09;
acc=NC_038361.1;pctid=82.6;aln=1;glb=0;len=3223;cvgpct=0;len=3223;depth=1;cvg=___._____________________;fam=Anelloviridae;name=Torque teno midi virus 14 DNA;
acc=NC_043054.1;pctid=83.3;aln=1;glb=0;len=137452;cvgpct=0;len=137452;depth=1;cvg=__________________.______;fam=Herpesviridae;name=Bubaline alphaherpesvirus 1 strain b6;
acc=NC_028113.1;pctid=90.7;aln=1;glb=0;len=35685;cvgpct=0;len=35685;depth=1;cvg=________.________________;fam=Adenoviridae;name=Simian adenovirus 8 strain P-5;
acc=NC_023858.1;pctid=96.8;aln=2;glb=0;len=9739;cvgpct=0;len=9739;depth=2;cvg=___________o_____________;fam=Picornaviridae;name=Melegrivirus A;
acc=NC_025360.1;pctid=84.8;aln=1;glb=0;len=16968;cvgpct=0;len=16968;depth=1;cvg=____.____________________;fam=Paramyxoviridae;name=Atlantic salmon paramyxovirus isolate ASPV/Yrkje371/95;
acc=NC_006549.1;pctid=83.3;aln=1;glb=0;len=140131;cvgpct=0;len=140131;depth=1;cvg=________________.________;fam=Iridoviridae;name=Singapore grouper iridovirus;
acc=NC_022624.1;pctid=91.2;aln=1;glb=0;len=1690;cvgpct=0;len=1690;depth=1;cvg=_______._________________;fam=Reoviridae;name=Mobuck virus strain 12-2 segment 9;
acc=NC_024696.1;pctid=100.0;aln=1;glb=0;len=180800;cvgpct=0;len=180800;depth=1;cvg=______________.__________;fam=Herpesviridae;name=Elephant endotheliotropic herpesvirus 5 strain Vijay;
acc=NC_006560.1;pctid=96.8;aln=1;glb=0;len=150715;cvgpct=0;len=150715;depth=1;cvg=_______._________________;fam=Herpesviridae;name=Cercopithecine herpesvirus 2;
acc=NC_004812.1;pctid=96.8;aln=1;glb=0;len=156789;cvgpct=0;len=156789;depth=1;cvg=_____.___________________;fam=Herpesviridae;name=Macacine herpesvirus 1;
acc=NC_001716.2;pctid=84.5;aln=1;glb=0;len=153080;cvgpct=0;len=153080;depth=1;cvg=_._______________________;fam=Herpesviridae;name=Human herpesvirus 7;
acc=NC_028379.1;pctid=77.5;aln=2;glb=0;len=205896;cvgpct=0;len=205896;depth=2;cvg=_______________________o_;fam=Herpesviridae;name=Elephant endotheliotropic herpesvirus 4 isolate North American NAP69;
acc=NC_006150.1;pctid=100.0;aln=1;glb=0;len=221454;cvgpct=0;len=221454;depth=1;cvg=__________.______________;fam=Herpesviridae;name=Macacine herpesvirus 3;
acc=NC_039041.1;pctid=80.4;aln=1;glb=0;len=7773;cvgpct=0;len=7773;depth=1;cvg=____________.____________;fam=Papillomaviridae;name=Rusa timorensis papillomavirus type 1 isolate IZW 39/08;
acc=NC_006151.1;pctid=94.3;aln=1;glb=0;len=143461;cvgpct=0;len=143461;depth=1;cvg=__.______________________;fam=Herpesviridae;name=Suid herpesvirus 1;
acc=NC_015455.1;pctid=96.8;aln=1;glb=0;len=26284;cvgpct=0;len=26284;depth=1;cvg=____________.____________;fam=Adenoviridae;name=Raptor adenovirus A;
acc=NC_025963.1;pctid=94.4;aln=1;glb=0;len=139981;cvgpct=0;len=139981;depth=1;cvg=_._______________________;fam=Poxviridae;name=Parapoxvirus red deer/HL953 strain HL953;
acc=NC_002512.2;pctid=97.0;aln=1;glb=0;len=230138;cvgpct=0;len=230138;depth=1;cvg=______________.__________;fam=Herpesviridae;name=Rat cytomegalovirus Maastricht;
acc=NC_029255.1;pctid=80.9;aln=2;glb=0;len=129563;cvgpct=0;len=129563;depth=2;cvg=______________________o__;fam=Herpesviridae;name=Myotis gammaherpesvirus 8 strain My-HV8/Myotis velifer incautus/USA/FCGHV/2011;
acc=NC_001847.1;pctid=78.0;aln=1;glb=0;len=135301;cvgpct=0;len=135301;depth=1;cvg=________.________________;fam=Herpesviridae;name=Bovine herpesvirus 1;
acc=NC_024486.1;pctid=94.6;aln=1;glb=0;len=43734;cvgpct=0;len=43734;depth=1;cvg=___._____________________;fam=Adenoviridae;name=Duck adenovirus 2 strain GR;
acc=NC_016447.1;pctid=91.7;aln=2;glb=0;len=219474;cvgpct=0;len=219474;depth=2;cvg=______________________o__;fam=Herpesviridae;name=Aotine herpesvirus 1 strain S34E;
acc=NC_002686.2;pctid=93.4;aln=3;glb=0;len=124784;cvgpct=0;len=124784;depth=3;cvg=_____________________o__.;fam=Herpesviridae;name=Cercopithecine herpesvirus 9;
acc=NC_009333.1;pctid=80.8;aln=1;glb=0;len=137969;cvgpct=0;len=137969;depth=1;cvg=____________.____________;fam=Herpesviridae;name=Human herpesvirus 8 strain GK18;
acc=NC_029132.1;pctid=83.6;aln=2;glb=0;len=140122;cvgpct=0;len=140122;depth=2;cvg=_o_______________________;fam=Herpesviridae;name=Macropodid herpesvirus 1 isolate MaHV1.3076/08;
>Other.6
AGATCAACCTCTTCAGCTGTCCAGAAGGAGGCCTCTGCTTTCTTATACATTTGCCAGATATCATGGTACCGGATGGGGAAGATGACAAAC
>Other.9
AAGAAAGAGAAGGAAAAGGAGAAAGAGAAAAAGGAAGAGGAGAAAATGGAAGTGGATGAGACTGAGAAGAAGGATGAGAAAGAGAAAAAG
>Other.10
CTCCCCAAACCTCGTCTAGGCCAGGACATTCATTTGGACACAGCAAGGACCAATCCTGGTTAGTCTCTACCCGTTTCATGAAGAGATCAG
>Other.11
TGTAGATGTTACTGGTGTAGGGCTCAATGGACTCGTTATTCCCCAAGATCTGAGCAGTAGAAGCAGTTGGCATTGGAGAAAGGAGCAGGC
>Other.12
GATCTTCTTCCTTTTCCTCCTCATCTTCATCTTCCTCATCCTCCTCTTCATCTTCCTCCTCATCTTCATCCTCCTCATCTTCCTCTTCTT
>Other.17
TCCTCCTCCTCCTCCTCTTCCTCTTCCTCTTCCTCCTCTTCTTCCTCTTTTTCCGAGGAAGGCGCCGTCGGCTATAGCTCAGACTCTGAA
>Other.18
CTTGACTGGGTCCATGATAAGGATCTTGTCCCAAGATGACAACCTTTACATCTCGGATGTCGCACATCTGCGTCCAGGTGAAAACTTGCT
>Other.19
TGATGACGAGGAGGACGACGATGACGAGGAGGATGATGATGAAGAGGAGGATGAGGAAGATGACTCTGAAGATGAGGCAATGGACACAAG
>Other.21
CTGGTCCCCTCTTTGGCCTGAGTAATCTGCATTCATATCTTTGTATTCAGCCCCAAAGTGTCTCCACTGGAAACCAACCCGCAATTCAAA
>Other.25
AGAGGAAGATGAGGAGGATGAAGATGAGGAGGAAGATGAAGAGGAGGATGAGGAAGATGAAAAGTAAATGGATGTTCTGCTGTAAAGATT
