SUMZER_COMMENT=sra=SRR975462,genome=cov3ma,date=200530-03:31;
family=Herpesviridae;score=20;pctid=88;aln=1184;glb=71;panlen=148687;cvg=.O______._____._.____.__O;top=NC_001716.2;topaln=835;toplen=153080;topname=Human herpesvirus 7;
family=Alloherpesviridae;score=16;pctid=94;aln=7078;glb=134;panlen=207914;cvg=._oo____.________.______O;top=NC_009127.1;topaln=3602;toplen=295146;topname=Cyprinid herpesvirus 3;
family=AMR;score=12;pctid=98;aln=31;glb=14;panlen=1000;cvg=._o__..o...ooo_.___...o.O;top=AP009048.1_3003549;topaln=2;toplen=2052;topname=mdtO,Escherichia coli str. K-12 substr. W3110;
family=Coronaviridae;score=12;pctid=94;aln=19;glb=4;panlen=30000;cvg=____.___ooo_O__O____O____;top=HQ166910.1;topaln=4;toplen=1102;topname=Zaria bat coronavirus strain ZBCoV, partial genome;
family=Genomoviridae;score=8;pctid=98;aln=25;glb=0;panlen=2200;cvg=______________Oo_________;top=NC_028459.1;topaln=25;toplen=2272;topname=Human associated gemyvongvirus 1 isolate DB1;
family=Anelloviridae;score=8;pctid=94;aln=32;glb=0;panlen=2878;cvg=________________O__.O____;top=NC_040801.1;topaln=15;toplen=2561;topname=Rodent Torque teno virus 4 isolate 188;
family=Adenoviridae;score=4;pctid=92;aln=7;glb=0;panlen=33501;cvg=______________________O__;top=NC_016895.2;topaln=7;toplen=31806;topname=Bat adenovirus TJM;
family=Polyomaviridae;score=4;pctid=96;aln=7;glb=2;panlen=5112;cvg=__.O_o_._________________;top=NC_040677.1;topaln=6;toplen=5082;topname=Rhinolophus simulator polyomavirus 3 DNA;
family=Rhabdoviridae;score=4;pctid=94;aln=5;glb=0;panlen=11510;cvg=__.__________O___._______;top=NC_034545.1;topaln=3;toplen=10941;topname=Mount Elgon bat virus nucleoprotein;
family=Poxviridae;score=4;pctid=99;aln=9;glb=0;panlen=181133;cvg=__O__.___________._____..;top=NC_003027.1;topaln=5;toplen=150773;topname=Lumpy skin disease virus NI-2490;
family=Astroviridae;score=0;pctid=100;aln=1;glb=0;panlen=6450;cvg=________________________.;top=NC_022249.1;topaln=1;toplen=6795;topname=Feline astrovirus 2 strain 1637F;
family=Picornaviridae;score=0;pctid=86;aln=1;glb=0;panlen=7591;cvg=_____________.___________;top=NC_043071.1;topaln=1;toplen=7555;topname=Bat picornavirus isolate BtMr-PicoV/JX2010 polyprotein gene;
family=Papillomaviridae;score=0;pctid=100;aln=1;glb=0;panlen=7583;cvg=___._____________________;top=NC_035208.1;topaln=1;toplen=7480;topname=Bovine papillomavirus isolate NY-8385;
family=Parvoviridae;score=0;pctid=91;aln=3;glb=0;panlen=5075;cvg=______________o___.______;top=NC_014468.1;topaln=3;toplen=4286;topname=Bat adeno-associated virus YNM;
family=Circoviridae;score=0;pctid=90;aln=4;glb=0;panlen=1866;cvg=_______________..____o___;top=NC_021206.1;topaln=4;toplen=1798;topname=Bat associated circovirus 2 isolate XOR7;
family=Hepadnaviridae;score=0;pctid=92;aln=2;glb=0;panlen=3182;cvg=______________________o__;top=NC_038503.1;topaln=2;toplen=3278;topname=Pomona bat hepatitis B virus isolate PEPR7;
acc=NC_019491.1;pctid=98.4;aln=3472;glb=1;len=291144;cvgpct=16;len=291144;depth=3.47e+03;cvg=o_O___._______________O_O;fam=Alloherpesviridae;name=Cyprinid herpesvirus 1 strain NG-J1;
acc=NC_028379.1;pctid=97.1;aln=12;glb=0;len=205896;cvgpct=8;len=205896;depth=12;cvg=__________O____________o_;fam=Herpesviridae;name=Elephant endotheliotropic herpesvirus 4 isolate North American NAP69;
acc=NC_034266.1;pctid=82.0;aln=53;glb=14;len=204237;cvgpct=8;len=204237;depth=53;cvg=__________________O_____o;fam=Herpesviridae;name=Columbid alphaherpesvirus 1 strain HLJ;
acc=NC_001664.4;pctid=92.5;aln=159;glb=0;len=159378;cvgpct=8;len=159378;depth=159;cvg=O._____________________O_;fam=Herpesviridae;name=Human betaherpesvirus 6A;
acc=NC_024450.1;pctid=82.8;aln=69;glb=12;len=204054;cvgpct=8;len=204054;depth=69;cvg=__________________O_____O;fam=Herpesviridae;name=Falconid herpesvirus 1 strain S-18;
acc=NC_001716.2;pctid=87.8;aln=835;glb=45;len=153080;cvgpct=8;len=153080;depth=835;cvg=_O______________________O;fam=Herpesviridae;name=Human herpesvirus 7;
acc=NC_009127.1;pctid=88.8;aln=3602;glb=133;len=295146;cvgpct=8;len=295146;depth=3.6e+03;cvg=_O________________._____O;fam=Alloherpesviridae;name=Cyprinid herpesvirus 3;
acc=KF569996.1;pctid=99.5;aln=4;glb=2;len=29805;cvgpct=4;len=29805;depth=4;cvg=____________________O____;fam=Coronaviridae;name=Rhinolophus affinis coronavirus isolate LYRa11, complete genome;
acc=NC_016895.2;pctid=92.3;aln=7;glb=0;len=31806;cvgpct=4;len=31806;depth=7;cvg=_______________________O_;fam=Adenoviridae;name=Bat adenovirus TJM;
acc=NC_040677.1;pctid=96.5;aln=6;glb=2;len=5082;cvgpct=4;len=5082;depth=6;cvg=__.O_o___________________;fam=Polyomaviridae;name=Rhinolophus simulator polyomavirus 3 DNA;
acc=NC_034545.1;pctid=92.8;aln=3;glb=0;len=10941;cvgpct=4;len=10941;depth=3;cvg=______________O__________;fam=Rhabdoviridae;name=Mount Elgon bat virus nucleoprotein;
acc=NC_004065.1;pctid=90.3;aln=16;glb=0;len=230278;cvgpct=4;len=230278;depth=16;cvg=_____O___________________;fam=Herpesviridae;name=Murid herpesvirus 1;
acc=NC_006273.2;pctid=98.8;aln=7;glb=0;len=235646;cvgpct=4;len=235646;depth=7;cvg=_________________O_______;fam=Herpesviridae;name=Human herpesvirus 5 strain Merlin;
acc=NC_003027.1;pctid=98.7;aln=5;glb=0;len=150773;cvgpct=4;len=150773;depth=5;cvg=__O______________________;fam=Poxviridae;name=Lumpy skin disease virus NI-2490;
acc=NC_040547.1;pctid=94.8;aln=16;glb=0;len=2536;cvgpct=4;len=2536;depth=16;cvg=__________________O______;fam=Anelloviridae;name=Rodent Torque teno virus 4 isolate 319;
acc=NC_028459.1;pctid=98.5;aln=25;glb=0;len=2272;cvgpct=4;len=2272;depth=25;cvg=______________O__________;fam=Genomoviridae;name=Human associated gemyvongvirus 1 isolate DB1;
acc=NC_040801.1;pctid=93.9;aln=15;glb=0;len=2561;cvgpct=4;len=2561;depth=15;cvg=______________________O__;fam=Anelloviridae;name=Rodent Torque teno virus 4 isolate 188;
acc=NC_026421.1;pctid=98.3;aln=28;glb=0;len=182380;cvgpct=4;len=182380;depth=28;cvg=_____________.__________O;fam=Herpesviridae;name=Equid herpesvirus 5 strain 2-141/67;
acc=HQ166910.1;pctid=99.1;aln=4;glb=0;len=1102;cvgpct=4;len=1102;depth=4;cvg=________________________O;fam=Coronaviridae;name=Zaria bat coronavirus strain ZBCoV, partial genome;
acc=U00096_3003578;pctid=98.0;aln=2;glb=1;len=969;cvgpct=0;len=969;depth=2;cvg=_____________._._________;fam=AMR;name=pmrF,Escherichia coli str. K-12 substr. MG1655;
acc=MH726374.1;pctid=86.6;aln=2;glb=1;len=28038;cvgpct=0;len=28038;depth=2;cvg=__________o______________;fam=Coronaviridae;name=Porcine epidemic diarrhea virus isolate GDS11, complete genome;
acc=NC_024908.1;pctid=88.7;aln=1;glb=0;len=2367;cvgpct=0;len=2367;depth=1;cvg=________________________.;fam=Anelloviridae;name=Torque teno Tadarida brasiliensis virus;
acc=D78168_3000254;pctid=97.6;aln=2;glb=1;len=1539;cvgpct=0;len=1539;depth=2;cvg=______________o__________;fam=AMR;name=emrY,Escherichia coli;
acc=NC_022249.1;pctid=100.0;aln=1;glb=0;len=6795;cvgpct=0;len=6795;depth=1;cvg=________________________.;fam=Astroviridae;name=Feline astrovirus 2 strain 1637F;
acc=U00096_3000833;pctid=94.6;aln=2;glb=1;len=3594;cvgpct=0;len=3594;depth=2;cvg=_____________________o___;fam=AMR;name=evgS,Escherichia coli str. K-12 substr. MG1655;
acc=MH687967.1;pctid=87.7;aln=2;glb=0;len=27726;cvgpct=0;len=27726;depth=2;cvg=_______________o_________;fam=Coronaviridae;name=Alphacoronavirus sp. strain VZ_AlphaCoV_20745_8, complete genome;
acc=FJ768952_3000237;pctid=100.0;aln=2;glb=1;len=1488;cvgpct=0;len=1488;depth=2;cvg=______________.._________;fam=AMR;name=tolC,Escherichia coli;
acc=MG916904.1;pctid=93.4;aln=2;glb=0;len=28751;cvgpct=0;len=28751;depth=2;cvg=________o________________;fam=Coronaviridae;name=Bat coronavirus BtCoV/Rh/YN2012 isolate BtCoV/Rh/YN2012_Ra13591, complete genome;
acc=NC_043071.1;pctid=86.2;aln=1;glb=0;len=7555;cvgpct=0;len=7555;depth=1;cvg=_____________.___________;fam=Picornaviridae;name=Bat picornavirus isolate BtMr-PicoV/JX2010 polyprotein gene;
acc=MK211379.1;pctid=96.9;aln=1;glb=0;len=29752;cvgpct=0;len=29752;depth=1;cvg=____.____________________;fam=Coronaviridae;name=Coronavirus BtRt-BetaCoV/GX2018, complete genome;
acc=NC_035208.1;pctid=100.0;aln=1;glb=0;len=7480;cvgpct=0;len=7480;depth=1;cvg=___._____________________;fam=Papillomaviridae;name=Bovine papillomavirus isolate NY-8385;
acc=AY874537_3000883;pctid=98.5;aln=2;glb=1;len=861;cvgpct=0;len=861;depth=2;cvg=_____________..__________;fam=AMR;name=TEM-11,Proteus mirabilis;
acc=NC_009333.1;pctid=100.0;aln=1;glb=0;len=137969;cvgpct=0;len=137969;depth=1;cvg=_______________________._;fam=Herpesviridae;name=Human herpesvirus 8 strain GK18;
acc=U00096.3_3003950;pctid=98.5;aln=3;glb=1;len=1749;cvgpct=0;len=1749;depth=3;cvg=______._______________.._;fam=AMR;name=msbA,Escherichia coli str. K-12 substr. MG1655;
acc=KX883635.1;pctid=88.8;aln=2;glb=0;len=1;cvgpct=0;len=1;depth=2;cvg=________________________o;fam=Coronaviridae;name=Porcine epidemic diarrhea virus strain WHZHC72223 ORF1ab, S protein, ORF3 protein, envelope protein, M protein, and nucleoprotein genes, complete cds;
acc=NC_008030.1;pctid=100.0;aln=1;glb=0;len=190054;cvgpct=0;len=190054;depth=1;cvg=______________________.__;fam=Poxviridae;name=Nile crocodilepox virus;
acc=NC_034533.1;pctid=100.0;aln=1;glb=0;len=13695;cvgpct=0;len=13695;depth=1;cvg=__.______________________;fam=Rhabdoviridae;name=Landjia virus nucleoprotein;
acc=NC_040615.1;pctid=87.3;aln=2;glb=0;len=166748;cvgpct=0;len=166748;depth=2;cvg=o________________________;fam=Herpesviridae;name=Eptesicus fuscus gammaherpesvirus;
acc=JQ394987_3001328;pctid=95.5;aln=2;glb=0;len=1233;cvgpct=0;len=1233;depth=2;cvg=____..___________________;fam=AMR;name=Escherichia coli mdfA,Escherichia coli;
acc=AP009048.1_3000828;pctid=99.0;aln=2;glb=1;len=723;cvgpct=0;len=723;depth=2;cvg=____________o____________;fam=AMR;name=baeR,Escherichia coli str. K-12 substr. W3110;
acc=NC_008291.1;pctid=100.0;aln=1;glb=0;len=198050;cvgpct=0;len=198050;depth=1;cvg=_____.___________________;fam=Poxviridae;name=Taterapox virus;
acc=FJ228229_3002788;pctid=100.0;aln=4;glb=2;len=645;cvgpct=0;len=645;depth=4;cvg=_________._.________o____;fam=AMR;name=QnrD1,Salmonella enterica subsp. enterica serovar Bovismorbificans;
acc=NC_020231.1;pctid=100.0;aln=2;glb=0;len=233501;cvgpct=0;len=233501;depth=2;cvg=_________________o_______;fam=Herpesviridae;name=Caviid herpesvirus 2 strain 21222;
acc=NC_026768.1;pctid=93.2;aln=1;glb=0;len=5075;cvgpct=0;len=5075;depth=1;cvg=_______._________________;fam=Polyomaviridae;name=Bat polyomavirus 5a DNA;
acc=NC_014468.1;pctid=90.9;aln=3;glb=0;len=4286;cvgpct=0;len=4286;depth=3;cvg=________________o_____.__;fam=Parvoviridae;name=Bat adeno-associated virus YNM;
acc=NC_005337.1;pctid=96.8;aln=1;glb=0;len=134431;cvgpct=0;len=134431;depth=1;cvg=_______________________._;fam=Poxviridae;name=Bovine papular stomatitis virus;
acc=NC_001560.1;pctid=92.1;aln=1;glb=0;len=11161;cvgpct=0;len=11161;depth=1;cvg=__________________.______;fam=Rhabdoviridae;name=Vesicular stomatitis Indiana virus;
acc=NC_031038.1;pctid=100.0;aln=1;glb=0;len=222832;cvgpct=0;len=222832;depth=1;cvg=________________________.;fam=Poxviridae;name=Skunkpox virus strain WA;
acc=BA000007.3_3000830;pctid=97.5;aln=2;glb=1;len=1374;cvgpct=0;len=1374;depth=2;cvg=_____________._._________;fam=AMR;name=cpxA,Escherichia coli O157:H7 str. Sakai;
acc=AP009048_3000027;pctid=99.2;aln=4;glb=2;len=1173;cvgpct=0;len=1173;depth=4;cvg=..o______________________;fam=AMR;name=emrA,Escherichia coli str. K-12 substr. W3110;
acc=NC_013668.3;pctid=91.9;aln=1;glb=0;len=248526;cvgpct=0;len=248526;depth=1;cvg=.________________________;fam=Alloherpesviridae;name=Anguillid herpesvirus 1;
acc=NC_021206.1;pctid=89.5;aln=4;glb=0;len=1798;cvgpct=0;len=1798;depth=4;cvg=________________o____..__;fam=Circoviridae;name=Bat associated circovirus 2 isolate XOR7;
acc=KJ473795.1;pctid=91.3;aln=2;glb=1;len=28310;cvgpct=0;len=28310;depth=2;cvg=_______________o_________;fam=Coronaviridae;name=BtMf-AlphaCoV/AH2011, complete genome;
acc=AP009048.1_3000508;pctid=99.0;aln=2;glb=1;len=825;cvgpct=0;len=825;depth=2;cvg=____________._.__________;fam=AMR;name=gadX,Escherichia coli str. K-12 substr. W3110;
acc=NC_019495.1;pctid=100.0;aln=3;glb=0;len=290304;cvgpct=0;len=290304;depth=3;cvg=____________o____._______;fam=Alloherpesviridae;name=Cyprinid herpesvirus 2 strain ST-J1;
acc=NC_038503.1;pctid=91.7;aln=2;glb=0;len=3278;cvgpct=0;len=3278;depth=2;cvg=_____________________o___;fam=Hepadnaviridae;name=Pomona bat hepatitis B virus isolate PEPR7;
acc=AP009048.1_3003549;pctid=97.5;aln=2;glb=1;len=2052;cvgpct=0;len=2052;depth=2;cvg=_____________..__________;fam=AMR;name=mdtO,Escherichia coli str. K-12 substr. W3110;
>Cov.10
TGAATGTGGCAAAGAGTGATTTTGAGCGAGAGGCTTCAACACAACGCAAG
>Cov.11
TGAATGTGGCAAAGAGTGATTTTGAGCGAGAGGCTTCAACACAACGCAAG
>Cov.13
TGACCATCTAGCGACCTCCACATCCAACACACAGAAAGGTTGGTAAACTG
>Cov.16
TGCTTGCAATGTTAACAGGTTTAATGTTGCTATAACTCGTGCAAAGAAGG
>Cov.21
TTCTTTTCACCACAATTAATTACAACAGACAATACATTTGTCTCGGGAAA
>Other.1
CCCCAACCCTAACCCTAACCCTAACCCTAACCATAACCCTAACCCTAACC
>Other.2
CCCTAACCCTAGCCCTAACCCTAGCCCTAGCCCTCACCCCAAACCTAACC
>Other.3
GGGTTAGGGTTAGGGTTAGGTTTGTGTTAGGGTTAGGGTTAGGGTTAGGT
>Other.4
TTAGAGTTAGGGTTAGGGTTAGGGTTAGCTTAGGGTTACGGTTGGGGTTA
>Other.6
ACCACACTATGTCAAGACAGCTGTGGGATTCTCTAGTAAGAGAAGGCCAC
>Other.8
AGGGGCTAATTTTATGAATATGATAACTACAAGGTCATGGTTTTGTAGTG
>Other.9
CATCCATCCATCCATCCATCCATCCATCCGTCCGTCCGTCCGTCCTATCA
>Other.11
ATGCGAACACGAGTTTGTACGGTTATCAATAATAATATCGCCCATGAGTGGACACTAGCCCGAATCGCCAGCGAGCTGTTGATGAGTCCAAGTCTGTTTACGCACTCGACTCGTAACAGGAAGCAACTGTGAATATGATGTCTCTTCTTC
>Other.12
TTGATCGTTGGGAACCGGAGCTGAATGAAGCCATACCAAACGACGAGCGT
>Other.13
TCGCCAGCGAGCTGTTGATGAGTCCAAGTCTGTTTAAGAAAAAATTGCGC
>Other.14
GGGTGGGGCGCTTGGCGAGCTTGATGCAAGGCGAATTAATTTAGATGGAG
>Other.15
TACAGCACTCCTTGGGGGTATTTTGACTTCAACCGGTTCCACTGCCACTTCTCGCCGAGGGACTGGCAACGACTCATCAACAACCACTGGGGCATGCGACATCGTCGTCGTAGGCTGCTCATGGATGTTAAAGAGTTTAAAGTTGAGTCT
>Other.16
GTGAGTTTGGTGAATCCAAATACAGCTTTATGCGCCTGATTAATTTGATG
>Other.17
CCCCTAACTCTAAACCTAACCCTAAAACTAACCCTAACCGTAAACACTAA
>Other.20
GCGTCTGCAACTGGGTACGGCGTTACTGCGCCGTCGTAGCGGTGAAAGCAAGGAACTGGAGCGTATTGAAACCGAAGCGCAACGTCTGGACAGCATGATCATCGTCGTCGTAGGCTGCTCCTGAACCAGCGCATTTTTCTGCTGATTACG
>Other.21
CCGAAGCGCAACGTCTGGACAGCATGATCAACGATCTGTTGGTGATGTCA
>Other.23
ACTCTAACCCTAAACCTAACTCTAGCCCTAGCCCTAACCCTAACCCTAAC
>Other.24
GTTGGCCTGAGCTTCTCGCTGCCGATTTATCAGGGCGGAATGGTTAACTC
>Other.25
AGGGTTAGGGTTAGGGTTGGGAACAGGACAGGGTTAGGGTTAGGGTTAGG
