SUMZER_COMMENT=sra=SRR9843092,genome=cov3ma,date=200530-03:26;
family=Circoviridae;score=96;pctid=93;aln=2922;glb=786;panlen=1866;cvg=oOooOOooO..O............o;top=NC_001944.1;topaln=2921;toplen=1993;topname=Beak and feather disease virus;
family=Anelloviridae;score=88;pctid=96;aln=100038;glb=31670;panlen=2878;cvg=......OOoooOoooo..o..___.;top=NC_001427.1;topaln=32644;toplen=2319;topname=Chicken anemia virus;
family=Smacoviridae;score=56;pctid=91;aln=10776;glb=389;panlen=2571;cvg=..___.._____._....O....o.;top=NC_026318.1;topaln=2174;toplen=2529;topname=Human associated porprismacovirus 2 isolate SF2;
family=Adenoviridae;score=36;pctid=90;aln=88;glb=2;panlen=33501;cvg=____.OO........o..._...__;top=NC_001720.1;topaln=3;toplen=43804;topname=Fowl adenovirus A;
family=AMR;score=32;pctid=89;aln=129;glb=15;panlen=1000;cvg=._______.._..........._.O;top=EU370913.1_3003923;topaln=91;toplen=3153;topname=oqxB,Escherichia coli;
family=Parvoviridae;score=4;pctid=87;aln=4;glb=0;panlen=5075;cvg=_______________O_________;top=NC_001829.1;topaln=2;toplen=4767;topname=Adeno-associated virus - 4;
family=Coronaviridae;score=4;pctid=99;aln=134;glb=0;panlen=30000;cvg=____________O____________;top=HQ166910.1;topaln=134;toplen=1102;topname=Zaria bat coronavirus strain ZBCoV, partial genome;
family=Caliciviridae;score=0;pctid=94;aln=4;glb=0;panlen=7531;cvg=____________o_________o__;top=NC_029646.1;topaln=2;toplen=7518;topname=Norovirus GII nonstructural polyprotein (ORF1);
family=Herpesviridae;score=0;pctid=90;aln=1;glb=0;panlen=148687;cvg=________________.________;top=NC_005261.3;topaln=1;toplen=138390;topname=Bovine herpesvirus 5 strain SV507/99;
acc=NC_001944.1;pctid=93.2;aln=2921;glb=786;len=1993;cvgpct=100;len=1993;depth=2.92e+03;cvg=oOooOOoO..o..............;fam=Circoviridae;name=Beak and feather disease virus;
acc=NC_015396.1;pctid=96.6;aln=57890;glb=16672;len=2383;cvgpct=96;len=2383;depth=5.79e+04;cvg=_.......OO............o..;fam=Anelloviridae;name=Avian gyrovirus 2;
acc=NC_017091.1;pctid=98.1;aln=5515;glb=2194;len=2359;cvgpct=92;len=2359;depth=5.52e+03;cvg=.....O.ooOoOOOOoOo......_;fam=Anelloviridae;name=Gyrovirus GyV3;
acc=NC_018401.1;pctid=98.6;aln=2142;glb=887;len=2034;cvgpct=88;len=2034;depth=2.14e+03;cvg=...__.OooOOOO...o........;fam=Anelloviridae;name=Gyrovirus 4;
acc=NC_001427.1;pctid=95.8;aln=32644;glb=11877;len=2319;cvgpct=88;len=2319;depth=3.26e+04;cvg=._._.o.oooOOOOOoOoo.o..._;fam=Anelloviridae;name=Chicken anemia virus;
acc=NC_026320.1;pctid=93.2;aln=1672;glb=281;len=2651;cvgpct=44;len=2651;depth=1.67e+03;cvg=OO______________.o.oOooOo;fam=Smacoviridae;name=Lemur associated porprismacovirus 1 isolate SF5;
acc=NC_035474.1;pctid=89.7;aln=4622;glb=64;len=2560;cvgpct=28;len=2560;depth=4.62e+03;cvg=_____________.....O._____;fam=Smacoviridae;name=Human feces smacovirus 3 isolate P21;
acc=EU370913.1_3003923;pctid=89.0;aln=91;glb=13;len=3153;cvgpct=24;len=3153;depth=91;cvg=___...O.OoO______________;fam=AMR;name=oqxB,Escherichia coli;
acc=NC_026317.1;pctid=92.1;aln=270;glb=8;len=2485;cvgpct=20;len=2485;depth=270;cvg=_______________.__._O....;fam=Smacoviridae;name=Howler monkey associated porprismacovirus 1 isolate SF1;
acc=NC_030127.1;pctid=91.0;aln=322;glb=1;len=2589;cvgpct=16;len=2589;depth=322;cvg=____________________O.OO.;fam=Smacoviridae;name=Porcine stool-associated circular virus isolate 56_Coc3310_hare;
acc=NC_026318.1;pctid=90.6;aln=2174;glb=21;len=2529;cvgpct=16;len=2529;depth=2.17e+03;cvg=__________________._...O.;fam=Smacoviridae;name=Human associated porprismacovirus 2 isolate SF2;
acc=NC_014564.2;pctid=90.0;aln=16;glb=0;len=45413;cvgpct=12;len=45413;depth=16;cvg=____Oo__.__O.__O.________;fam=Adenoviridae;name=Turkey adenovirus 1;
acc=NC_040531.1;pctid=89.3;aln=1191;glb=39;len=2603;cvgpct=12;len=2603;depth=1.19e+03;cvg=.OO______________________;fam=Anelloviridae;name=Lesser panda anellovirus isolate chengdu-1;
acc=AE004091.2_3000808;pctid=87.6;aln=12;glb=0;len=3090;cvgpct=8;len=3090;depth=12;cvg=__o_O.O__._______________;fam=AMR;name=mexI,Pseudomonas aeruginosa PAO1;
acc=NC_015323.1;pctid=88.1;aln=12;glb=1;len=45667;cvgpct=8;len=45667;depth=12;cvg=____O_o.___Oo____________;fam=Adenoviridae;name=Fowl adenovirus C;
acc=NC_024474.1;pctid=90.4;aln=12;glb=0;len=45480;cvgpct=8;len=45480;depth=12;cvg=_____O______oO___________;fam=Adenoviridae;name=Pigeon adenovirus 1 complete genome;
acc=NC_014969.1;pctid=87.3;aln=9;glb=1;len=44055;cvgpct=8;len=44055;depth=9;cvg=____OO_.____o____________;fam=Adenoviridae;name=Fowl adenovirus E;
acc=NC_023887.1;pctid=82.5;aln=131;glb=5;len=2479;cvgpct=8;len=2479;depth=131;cvg=OO_______________________;fam=Smacoviridae;name=Turkey associated porprismacovirus 1;
acc=NC_024119.1;pctid=89.9;aln=144;glb=9;len=2589;cvgpct=8;len=2589;depth=144;cvg=______.____________.._.O_;fam=Smacoviridae;name=PoSCV Kor J481;
acc=NC_039071.1;pctid=90.9;aln=397;glb=0;len=2403;cvgpct=8;len=2403;depth=397;cvg=___________________O_O_._;fam=Smacoviridae;name=Porcine associated porprismacovirus 4 isolate DP2;
acc=NC_024908.1;pctid=91.6;aln=635;glb=0;len=2367;cvgpct=8;len=2367;depth=635;cvg=_______________________oO;fam=Anelloviridae;name=Torque teno Tadarida brasiliensis virus;
acc=NC_021204.1;pctid=98.3;aln=35;glb=0;len=2495;cvgpct=8;len=2495;depth=35;cvg=__________________oO_____;fam=Smacoviridae;name=Porcine associated porprismacovirus 3 isolate 3L7;
acc=NC_038349.1;pctid=95.9;aln=11;glb=0;len=2019;cvgpct=8;len=2019;depth=11;cvg=OO_______________________;fam=Anelloviridae;name=Torque teno felis virus 2 isolate PRA1 ORF2;
acc=NC_040617.1;pctid=95.9;aln=3;glb=0;len=3433;cvgpct=4;len=3433;depth=3;cvg=______________________O__;fam=Anelloviridae;name=Rodent Torque teno virus 3 isolate 2;
acc=NC_021221.1;pctid=91.5;aln=7;glb=0;len=45781;cvgpct=4;len=45781;depth=7;cvg=____O__________o_________;fam=Adenoviridae;name=Fowl adenovirus 5 strain 340;
acc=NC_016895.2;pctid=94.4;aln=3;glb=0;len=31806;cvgpct=4;len=31806;depth=3;cvg=_____________O___________;fam=Adenoviridae;name=Bat adenovirus TJM;
acc=NC_038332.1;pctid=90.6;aln=6;glb=0;len=43810;cvgpct=4;len=43810;depth=6;cvg=____.O__.___.____________;fam=Adenoviridae;name=Fowl adenovirus 6 strain CR119;
acc=M57437_3002827;pctid=94.3;aln=5;glb=0;len=1647;cvgpct=4;len=1647;depth=5;cvg=________O________________;fam=AMR;name=tlrC,Streptomyces fradiae;
acc=AP009048.1_3000491;pctid=90.8;aln=3;glb=0;len=3114;cvgpct=4;len=3114;depth=3;cvg=_________O_______________;fam=AMR;name=acrD,Escherichia coli str. K-12 substr. W3110;
acc=NC_024486.1;pctid=92.4;aln=11;glb=0;len=43734;cvgpct=4;len=43734;depth=11;cvg=____O__.___._____________;fam=Adenoviridae;name=Duck adenovirus 2 strain GR;
acc=NC_024772.1;pctid=88.1;aln=30;glb=0;len=2590;cvgpct=4;len=2590;depth=30;cvg=____________________.__O_;fam=Smacoviridae;name=Porcine associated porprismacovirus 5 isolate DP3;
acc=HQ166910.1;pctid=99.5;aln=134;glb=0;len=1102;cvgpct=4;len=1102;depth=134;cvg=________________________O;fam=Coronaviridae;name=Zaria bat coronavirus strain ZBCoV, partial genome;
acc=NC_024776.1;pctid=94.0;aln=970;glb=0;len=2603;cvgpct=4;len=2603;depth=970;cvg=_________________O_______;fam=Smacoviridae;name=Porcine associated porprismacovirus 6 isolate XP1;
acc=NC_026319.1;pctid=84.6;aln=2;glb=0;len=2532;cvgpct=0;len=2532;depth=2;cvg=________________o________;fam=Smacoviridae;name=Gorilla associated porprismacovirus 1 isolate SF3;
acc=NC_039065.1;pctid=90.3;aln=2;glb=0;len=2516;cvgpct=0;len=2516;depth=2;cvg=_____..__________________;fam=Smacoviridae;name=Camel associated porprismacovirus 2 isolate DcSCV_c1072;
acc=NC_039477.1;pctid=97.6;aln=2;glb=0;len=7567;cvgpct=0;len=7567;depth=2;cvg=______________________o__;fam=Caliciviridae;name=Norovirus GII;
acc=NC_029646.1;pctid=89.6;aln=2;glb=0;len=7518;cvgpct=0;len=7518;depth=2;cvg=____________o____________;fam=Caliciviridae;name=Norovirus GII nonstructural polyprotein (ORF1);
acc=NC_014468.1;pctid=87.3;aln=2;glb=0;len=4286;cvgpct=0;len=4286;depth=2;cvg=__________________o______;fam=Parvoviridae;name=Bat adeno-associated virus YNM;
acc=U00096.3_3004290;pctid=97.6;aln=2;glb=1;len=1134;cvgpct=0;len=1134;depth=2;cvg=__________._____.________;fam=AMR;name=Escherichia coli ampC,Escherichia coli str. K-12 substr. MG1655;
acc=AE004091.2_3004074;pctid=88.2;aln=2;glb=0;len=3132;cvgpct=0;len=3132;depth=2;cvg=_______..________________;fam=AMR;name=MuxB,Pseudomonas aeruginosa PAO1;
acc=AJ252200_3003056;pctid=80.0;aln=1;glb=0;len=3123;cvgpct=0;len=3123;depth=1;cvg=_____.___________________;fam=AMR;name=smeE,Stenotrophomonas maltophilia;
acc=NC_001829.1;pctid=87.3;aln=2;glb=0;len=4767;cvgpct=0;len=4767;depth=2;cvg=________________o________;fam=Parvoviridae;name=Adeno-associated virus - 4;
acc=NC_022612.1;pctid=84.3;aln=2;glb=0;len=42940;cvgpct=0;len=42940;depth=2;cvg=____o____________________;fam=Adenoviridae;name=Turkey adenovirus 4 isolate TNI1;
acc=NC_017979.1;pctid=91.4;aln=1;glb=0;len=43376;cvgpct=0;len=43376;depth=1;cvg=___._____________________;fam=Adenoviridae;name=Goose adenovirus 4;
acc=AJ318073.1_3004041;pctid=95.2;aln=2;glb=0;len=1197;cvgpct=0;len=1197;depth=2;cvg=o________________________;fam=AMR;name=Klebsiella pneumoniae acrA,Klebsiella pneumoniae;
acc=AFRQ01000061.1_3004144;pctid=93.4;aln=2;glb=0;len=3138;cvgpct=0;len=3138;depth=2;cvg=_________o_______________;fam=AMR;name=AxyY,Achromobacter insuavis AXX-A;
acc=NC_022613.1;pctid=94.9;aln=1;glb=0;len=43686;cvgpct=0;len=43686;depth=1;cvg=_______________._________;fam=Adenoviridae;name=Turkey adenovirus 5 isolate 1277BT;
acc=AF235050.4_3003318;pctid=89.4;aln=2;glb=0;len=2112;cvgpct=0;len=2112;depth=2;cvg=____o____________________;fam=AMR;name=Streptomyces rishiriensis parY mutant conferring resistance to aminocoumarin,Streptomyces rishiriensis;
acc=NC_024773.1;pctid=86.7;aln=3;glb=0;len=2601;cvgpct=0;len=2601;depth=3;cvg=______________.o_________;fam=Smacoviridae;name=Porcine associated porprismacovirus 7 isolate EP2-A;
acc=AE004091.2_3000377;pctid=89.2;aln=1;glb=0;len=1152;cvgpct=0;len=1152;depth=1;cvg=__________.______________;fam=AMR;name=MexA,Pseudomonas aeruginosa PAO1;
acc=NC_005261.3;pctid=90.0;aln=1;glb=0;len=138390;cvgpct=0;len=138390;depth=1;cvg=__________________.______;fam=Herpesviridae;name=Bovine herpesvirus 5 strain SV507/99;
acc=NC_031503.1;pctid=84.2;aln=1;glb=0;len=41981;cvgpct=0;len=41981;depth=1;cvg=_______._________________;fam=Adenoviridae;name=Pigeon adenovirus 2 isolate YPDS-Y-V1.A19.11-2013;
acc=ACWO01000051.1_3004588;pctid=81.8;aln=1;glb=0;len=1173;cvgpct=0;len=1173;depth=1;cvg=_________._______________;fam=AMR;name=Klebsiella pneumoniae KpnG,Klebsiella sp. 4_1_44FAA;
acc=U00096_3000796;pctid=94.1;aln=3;glb=1;len=3114;cvgpct=0;len=3114;depth=3;cvg=______.__o_______________;fam=AMR;name=mdtF,Escherichia coli str. K-12 substr. MG1655;
acc=NC_030126.1;pctid=84.1;aln=2;glb=0;len=2684;cvgpct=0;len=2684;depth=2;cvg=___________________o_____;fam=Smacoviridae;name=Porcine associated porprismacovirus 10 isolate 49_Fec25_pig;
acc=NC_000899.1;pctid=96.8;aln=2;glb=0;len=45063;cvgpct=0;len=45063;depth=2;cvg=____._____.______________;fam=Adenoviridae;name=Fowl adenovirus D;
acc=NC_008375.1;pctid=84.6;aln=1;glb=0;len=1898;cvgpct=0;len=1898;depth=1;cvg=___._____________________;fam=Circoviridae;name=Raven circovirus isolate 4-1131;
acc=AE004091.2_3000804;pctid=85.6;aln=2;glb=0;len=3189;cvgpct=0;len=3189;depth=2;cvg=________.._______________;fam=AMR;name=MexF,Pseudomonas aeruginosa PAO1;
acc=NC_039032.1;pctid=86.9;aln=2;glb=0;len=40930;cvgpct=0;len=40930;depth=2;cvg=_______________.__.______;fam=Adenoviridae;name=Psittacine aviadenovirus B isolate CS15-4016;
acc=NC_022788.1;pctid=93.1;aln=1;glb=0;len=2020;cvgpct=0;len=2020;depth=1;cvg=_____.___________________;fam=Anelloviridae;name=Gyrovirus Tu243;
acc=NC_022789.1;pctid=96.7;aln=6;glb=1;len=2282;cvgpct=0;len=2282;depth=6;cvg=_o.._______________..____;fam=Anelloviridae;name=Gyrovirus Tu789;
acc=NC_001720.1;pctid=87.1;aln=3;glb=0;len=43804;cvgpct=0;len=43804;depth=3;cvg=___._._____._____________;fam=Adenoviridae;name=Fowl adenovirus A;
>Cov.13
GACCATCTAGCGACCTCCACATTCAACAACTTTGCCGAGAGGAATTCCACGCCCGTAATCACGGACTTTTACTGTATTTTCATGAATTACAATATCGATTT
>Other.1
GAGCGAGCCTCCGGAGGAGGCGAGCGACGTCTCTGTGTACACGCTAATAAACAGGATGTTCTCAGCCGTGTGGTTTTGCCTGTGGAGGTCGCTAGATGGTC
>Other.2
AGGAGGGCTCCGGCTGTCGCCGTTGGTGTTTCACCCTCAACAACCCTACAGACGGCGAGATCGAATTCGTGCGTTCGCTCGAGTCGGACGAATTCTACTAT
>Other.3
TCGTGCGTTCGCTCGAGTCGGACGAATTCTACTATGCCATCGTTGGACGGGAAAAAGGCGAGCAAGGTACCCCCCATTTGCAAGGCCACTTTCATTTTAAA
>Other.4
AAAAAGGCGAGCAAGGTACCCCCCATTTGCAAGGCCACTTTCATTTTAAAAATAAGAAGCGACTGAGCGCGCTTAAGAAAATGCTGCCGCGAGCTCATTTT
>Other.5
CGTTGGAAACCCCTCACTGCAGAGAGATCCGGATTGGTATCGCTGGAATTACAATCACTCTATCGCTGTGTGGCTGCGCGAATGCTCGCGCTCCCACGCTA
>Other.6
GAGTGTCTCACAGCAGGGTGTGCCGGTGCACGAGCTTCAGGAATCATTGGTTTCAGTTGGAGGGGAAGCCGGTTTCAACGGTAGAAGTCGGTGTGCAAACA
>Other.7
CTACTCCCAGCCGACCCCGAACCGCAAGAAGGTGTATAAGACTGTAAGATGGCAAGACGAGCTCGCAGACCGAGAGGCTTGGGTGGAGGTCGCTAGATGGT
>Other.8
AACTTGATTACCTTAAGAGAAGAGGGACCCCCCATAAAAAAACTAAGACTGTGACATGGCAAGATTACGACGACGACGACCTCGTGGAGGTCGCTAGATGG
>Other.9
ACGACCTCGTGGACGCTTTGGCTTCTACCACAGAGGACGATGGCACTGGAGACACAGACTGCGACGAAGACGCTATTCCCGGAGGGGTAAATTTCGATATG
>Other.10
ATGACTATCCGCTTTCAAGGGATCATTTTTCTTACCGAAGGACTCATTCTGCCTAAAAACAGCACAGCGGGGGGCTATGCAGACCACCTCTACGGGGCGAG
>Other.11
CATGTAGCCTCAATAAATGTTAACCTCCGAGAATTTATGCTTGCTACAATGCCTTTAGATGCAAAGAGCAAAATCGGAGGCCCTAATCCTTATCCTCAGCA
>Other.12
CTGCCGCTAGATAATAACGTGCCCTCCGCTACACCGTCGGCATGGTGGAGATGGGCTTTAATGATGATGCAGCCCACGGACTCTTGCCGGTTTTTTAATCA
>Other.13
GGTGATGCACCCTAGAGCACCTGGCAGATTTTACAATGCCCCTAAGCTAATGACTCTGGACGCTATGGGAGACCTCTTAGGGGGCTGGCAACTATTCCGTC
>Other.14
CTAATGACTCTGGACGCTATGGGAGACCTCCTAGGGGGCTGGCAACTATTCCGTCATGTTAAAACCAAGTTCAGAGTGCTGGCCACTAGGGGCCAGGGTGC
>Other.15
CAGGAGGCACTTAGAGGGCTTCCCAGTGAAAGGTGCACCGCCTATGTGCACAATGCAAAGAAAGACTCAGCAATACGGCAACGTGGAGGTCGCTAGATGGT
>Other.16
GACCCACCACAGTACCCTAACCAGCAAGGCTGTTCTCAGAACGTTGCTCCAGGCATATACCGGCTTGCAGGTTAGGGGACTGTGGAGGTCGCTAGATGGTC
>Other.17
GTAGCAGATGCTTTTATTCAAAGGCTTGTTTCCCCAGCTTTGCAGCGCTTTCTGCTATGGGGGCACCCTGGTCATTTCCTAGCACTCAAAAACCCATTCAA
>Other.18
GAATGGATCACTGATGACACCATGGAACCAACGCAACTGGACACAGACATTGCAACACTCTTCTTAGCTCAAGGCAGCCCAGTGTGGAGGTCGCTAGATGG
>Other.19
AGCCCAATGTGGGCACCCTACAAATTCGGGACTTTTCACAAGGCAATGGCCATAACAGCAATGCAGACCACCCCCTGGTGCGTGGAGGTCGCTAGATGGTT
>Other.20
GGCAACCAAAGACAGCCGTATCCATGGCAAGTGAACTGGTACAACGAGCATACTGCAACGGACAGATACAACCCGTAATTGGTGGAGGTCGCTAGATGGTC
>Other.21
CGGAGCTAAGGCCGGAGTCAAGGGGCCTATCGGGCGCGGCGAGTATCGGCAGCTGGGCTAATCCGGGGAAGTCTCTCTTATGGCCGATGGGAAGCCCCTGG
>Other.22
CGTAGTATGCCTGCCGTGTCTCCACTAGGTGCCCTACAAGCCACGATTTGCCACTGTTTCCCCTTGGGTCGTACCAAACCACTATCTCGCGGTCGTTCGTC
>Other.23
CCATTCCATCTTTCCGAACCGTACACTCCTTGCTCCCTTCGAATCCCATGATGCTAGGAATTTGCCTTCTTTGCCCTCGTATTCCCATCCGTTATCCGATG
>Other.24
ATCATTGCGTTCTCCGGATTCAGCGCGCATCTGAATCTTATTTGCCAGTGTTCGTACCCTCCGTTTCCCTTCTCCGGGGACACTATCCACTTGTGGACATC
>Other.25
CCACTTGTGGACATCGAATTTCCTCATGAATCTCATGATCGCCGTGAATCCTGAGTACCCTTTTCTGGGCATTGTTATCATGTACACGTTTGTCATATTCG
