SUMZER_COMMENT=sra=SRR9705127,genome=cov3ma,date=200530-03:31;
family=AMR;score=56;pctid=85;aln=1925;glb=12;panlen=1000;cvg=..._......_....__._..___O;top=AJ252200_3003056;topaln=73;toplen=3123;topname=smeE,Stenotrophomonas maltophilia;
family=Herpesviridae;score=8;pctid=86;aln=49;glb=0;panlen=148687;cvg=_._______________.O_____O;top=NC_024771.1;topaln=18;toplen=151601;topname=Equid herpesvirus 3 strain AR/2007/C3A;
family=Parvoviridae;score=4;pctid=87;aln=17;glb=0;panlen=5075;cvg=________________________O;top=NC_040603.1;topaln=17;toplen=5515;topname=Red-crowned crane parvovirus isolate yc-7;
acc=NC_008618.1_3004480;pctid=84.7;aln=671;glb=4;len=3561;cvgpct=48;len=3561;depth=671;cvg=_______...._._o.o_.._O.__;fam=AMR;name=Bifidobacterium adolescentis rpoB conferring resistance to rifampicin,Bifidobacterium adolescentis;
acc=AP006618.1_3000501;pctid=84.8;aln=472;glb=2;len=3489;cvgpct=40;len=3489;depth=472;cvg=__.__._.Oo._.___._.__Oo._;fam=AMR;name=Nocardia rifampin resistant beta-subunit of RNA polymerase (rpoB2),Nocardia farcinica IFM 10152;
acc=AE004091.2_3000804;pctid=91.6;aln=75;glb=0;len=3189;cvgpct=24;len=3189;depth=75;cvg=________.._______.__o.O__;fam=AMR;name=MexF,Pseudomonas aeruginosa PAO1;
acc=AB219524.1_3003699;pctid=82.7;aln=32;glb=0;len=3162;cvgpct=20;len=3162;depth=32;cvg=________OO___________ooO_;fam=AMR;name=mexQ,Pseudomonas aeruginosa;
acc=CP001840.1_3003730;pctid=82.4;aln=75;glb=0;len=3324;cvgpct=16;len=3324;depth=75;cvg=_O_O________OO___________;fam=AMR;name=Bifidobacteria intrinsic ileS conferring resistance to mupirocin,Bifidobacterium bifidum PRL2010;
acc=AF235050.4_3003318;pctid=91.5;aln=70;glb=0;len=2112;cvgpct=16;len=2112;depth=70;cvg=O_..O___________._____.__;fam=AMR;name=Streptomyces rishiriensis parY mutant conferring resistance to aminocoumarin,Streptomyces rishiriensis;
acc=AF173226_3003052;pctid=82.4;aln=132;glb=0;len=3150;cvgpct=16;len=3150;depth=132;cvg=_______.Oo._________.____;fam=AMR;name=smeB,Stenotrophomonas maltophilia;
acc=AJ252200_3003056;pctid=83.3;aln=73;glb=1;len=3123;cvgpct=16;len=3123;depth=73;cvg=__._____Oo._____________.;fam=AMR;name=smeE,Stenotrophomonas maltophilia;
acc=AE004091.2_3000808;pctid=85.8;aln=15;glb=0;len=3090;cvgpct=12;len=3090;depth=15;cvg=_________O___________oo__;fam=AMR;name=mexI,Pseudomonas aeruginosa PAO1;
acc=NC_002516.2_3003031;pctid=85.7;aln=39;glb=0;len=3057;cvgpct=12;len=3057;depth=39;cvg=________.._.________.O.._;fam=AMR;name=mexW,Pseudomonas aeruginosa PAO1;
acc=EU370913.1_3003923;pctid=82.3;aln=62;glb=4;len=3153;cvgpct=12;len=3153;depth=62;cvg=________OO._________._.__;fam=AMR;name=oqxB,Escherichia coli;
acc=AFRQ01000061.1_3004144;pctid=86.1;aln=14;glb=1;len=3138;cvgpct=8;len=3138;depth=14;cvg=________.O__________o_.__;fam=AMR;name=AxyY,Achromobacter insuavis AXX-A;
acc=L11616_3000378;pctid=84.3;aln=18;glb=0;len=3141;cvgpct=8;len=3141;depth=18;cvg=____.___Oo.______________;fam=AMR;name=MexB,Pseudomonas aeruginosa;
acc=X63451_3002828;pctid=97.0;aln=38;glb=0;len=1653;cvgpct=8;len=1653;depth=38;cvg=_.______O_____________.__;fam=AMR;name=srmB,Streptomyces ambofaciens;
acc=AP009048.1_3000491;pctid=85.9;aln=5;glb=0;len=3114;cvgpct=4;len=3114;depth=5;cvg=_________O_______________;fam=AMR;name=acrD,Escherichia coli str. K-12 substr. W3110;
acc=EU487198_3002804;pctid=85.5;aln=3;glb=0;len=426;cvgpct=4;len=426;depth=3;cvg=_______________O_________;fam=AMR;name=FosA2,Enterobacter cloacae;
acc=U00096.3_3000216;pctid=88.3;aln=7;glb=0;len=3150;cvgpct=4;len=3150;depth=7;cvg=__O______________________;fam=AMR;name=acrB,Escherichia coli str. K-12 substr. MG1655;
acc=AF170880_3002522;pctid=91.4;aln=9;glb=0;len=1848;cvgpct=4;len=1848;depth=9;cvg=___________________O_____;fam=AMR;name=novA,Streptomyces niveus;
acc=U00096_3000502;pctid=85.9;aln=15;glb=0;len=3105;cvgpct=4;len=3105;depth=15;cvg=________O________________;fam=AMR;name=acrF,Escherichia coli str. K-12 substr. MG1655;
acc=U00096_3003577;pctid=79.8;aln=11;glb=0;len=1167;cvgpct=4;len=1167;depth=11;cvg=______________O._________;fam=AMR;name=ugd,Escherichia coli str. K-12 substr. MG1655;
acc=EU124663.1_3002881;pctid=97.2;aln=47;glb=0;len=1653;cvgpct=4;len=1653;depth=47;cvg=________________O________;fam=AMR;name=lmrC,Streptomyces lincolnensis;
acc=NC_001650.2;pctid=83.6;aln=28;glb=0;len=184439;cvgpct=4;len=184439;depth=28;cvg=____________________O____;fam=Herpesviridae;name=Equid herpesvirus 2 strain 86/67;
acc=AE004091.2_3003682;pctid=81.8;aln=7;glb=0;len=1449;cvgpct=4;len=1449;depth=7;cvg=___________________O_____;fam=AMR;name=OpmH,Pseudomonas aeruginosa PAO1;
acc=AE004091.2_3003681;pctid=82.4;aln=11;glb=0;len=3048;cvgpct=4;len=3048;depth=11;cvg=_______________________O.;fam=AMR;name=TriC,Pseudomonas aeruginosa PAO1;
acc=NC_040603.1;pctid=86.7;aln=17;glb=0;len=5515;cvgpct=4;len=5515;depth=17;cvg=________________________O;fam=Parvoviridae;name=Red-crowned crane parvovirus isolate yc-7;
acc=NC_024771.1;pctid=88.8;aln=18;glb=0;len=151601;cvgpct=4;len=151601;depth=18;cvg=_________________O_______;fam=Herpesviridae;name=Equid herpesvirus 3 strain AR/2007/C3A;
acc=NC_002512.2;pctid=94.7;aln=1;glb=0;len=230138;cvgpct=0;len=230138;depth=1;cvg=___________._____________;fam=Herpesviridae;name=Rat cytomegalovirus Maastricht;
acc=NC_006560.1;pctid=86.9;aln=2;glb=0;len=150715;cvgpct=0;len=150715;depth=2;cvg=_o_______________________;fam=Herpesviridae;name=Cercopithecine herpesvirus 2;
acc=AB015853_3003033;pctid=86.2;aln=1;glb=0;len=3141;cvgpct=0;len=3141;depth=1;cvg=_____________________.___;fam=AMR;name=mexY,Pseudomonas aeruginosa PAO1;
acc=KX531049.1_3003986;pctid=90.0;aln=1;glb=0;len=1947;cvgpct=0;len=1947;depth=1;cvg=_________________._______;fam=AMR;name=TaeA,Paenibacillus sp. LC231;
acc=BX571965.1_3002983;pctid=76.8;aln=1;glb=0;len=3132;cvgpct=0;len=3132;depth=1;cvg=_____________________.___;fam=AMR;name=amrB,Burkholderia pseudomallei K96243;
acc=L06249_3003748;pctid=85.6;aln=4;glb=0;len=978;cvgpct=0;len=978;depth=4;cvg=__o_______o______________;fam=AMR;name=oleC,Streptomyces antibioticus;
acc=L36601_3003036;pctid=97.3;aln=1;glb=0;len=1710;cvgpct=0;len=1710;depth=1;cvg=______________________.__;fam=AMR;name=oleB,Streptomyces antibioticus;
acc=AE004091.2_3003693;pctid=84.8;aln=5;glb=0;len=3078;cvgpct=0;len=3078;depth=5;cvg=______.__o___________o___;fam=AMR;name=mexK,Pseudomonas aeruginosa PAO1;
acc=AE004091.2_3004075;pctid=78.1;aln=1;glb=0;len=3111;cvgpct=0;len=3111;depth=1;cvg=________.________________;fam=AMR;name=MuxC,Pseudomonas aeruginosa PAO1;
acc=AF030344.1_3000181;pctid=92.0;aln=2;glb=0;len=1260;cvgpct=0;len=1260;depth=2;cvg=_____________o___________;fam=AMR;name=tet(V),Mycolicibacterium smegmatis MC2 155;
acc=AE004091.2_3003710;pctid=81.1;aln=2;glb=0;len=639;cvgpct=0;len=639;depth=2;cvg=_o_______________________;fam=AMR;name=mexL,Pseudomonas aeruginosa PAO1;
acc=U97042_3003010;pctid=80.3;aln=3;glb=0;len=3084;cvgpct=0;len=3084;depth=3;cvg=_________o_._____________;fam=AMR;name=ceoB,Burkholderia cepacia;
acc=U00096_3000796;pctid=76.7;aln=3;glb=0;len=3114;cvgpct=0;len=3114;depth=3;cvg=_______.o________________;fam=AMR;name=mdtF,Escherichia coli str. K-12 substr. MG1655;
>Other.1
CCAAGGACCCGGCCAAGCGCGAGGCGATTCTCGACGCCGCCAAGGCGCTGTTCATCGCCCAGGGGTTCGCCGGCACCAGCATGGACGCGGTGGCCACCGAGGCCGGTGTCTCCAAGCTCACCGTCTACAGCCACTTTTCCGACAAGGCGACGCCTGTCTCTTATACACATCTCCGAGCCCACGAGACGGACTCCTATCTCGTATGCCGTCTTCTGCTTGAAAAAAAAAAAAAACAACACACAAATACAGCGTAAATACAAGATGAACTAGAAGAACAATGCAAAACGTAAAAACAGCACAA
>Other.2
CTCGAGGGCCTCGAGGCCGTCCGCAAGCGCCCGGGCATGTACATCGGCGGCACCGGCATCGGCGCGCTGCACCACTTGGTGTACGAGGTGGTCGACAACTCCATCGACGAGGCCATGGCCGACTTTGCCAGCATCGTGCTGGTGACCATCCAGGCCGACGGATCGGTCAAGGTGGTCGACGACGGCCGCGGCATCCCCGTCGACCCGGTGAAGAACGACGACCCGACGCTCAACGGCAAGAGCGCCATCGAGGTCGTGATGACCAAGCTGCACGCGGGTGGCAAGTTTGGCCAGGAAGGCA
>Other.6
GCCGCACTACGGCCACCTGCTGACCGGCTTCGTCAAGGACGCCGTCCCTCGCTACCAGACCATGCGTGGCAAGCGTGTCGAGCGACGGTTCGGCTGGGACTGCCACGGGCTCCCGGCGGAGCAGGAGGCCGAGAAGCGCCTCGGCGTCATGGGGCGCAAGGCGATCGAAGAACTCGGCGTGGACGTGTTCAACGCCGAGTGCCGATCGCTGGTCGACGGCACCGCCGACGGCTGGCACAGCTACGTCACCCTGTCTCTTATACACATCTCCGAGCCCACGAGACTCCTGAGCATCTCGTAT
>Other.7
TTCGAGACCGGCACCGATGCCGATATCGCGCAGGTGCAGGTGCAGAACAAGCTGGGGCAGGCCACGCCGCTCCTGCCGGAAATCGTCCAGCGTCAGGGCATCACGGTCGAGAAATCCTCGGCCGGGTTCCTGATGGTCGTGGGCATGATCTCGACCGATGGCGCGCTCGAACAGGTGGACTTGTCTGACTACATGTCGACCAACCTCGTGGACGAGTTGAGCCGGGTCGAGGGCGTCGGCTCGGTGCAGGTCTTCGGCTGTCTCTTATACACATCTCGAGCCCACGAGACTAGGCATGATC
>Other.14
GGAGTCGGTGATGTGGGCGTTCAAGACGCTCCACGACAAGGGCCTCGCCTACGAGGGCCAGCGGGTCCTTCCGTACTGCTGGGAGTGCGAGACACCGCTCTCCAACTTCGAGACCCGGATGGACGACGCGTACCGCGAGCGGCAGGACCCGGCGGTCACCGTGTGGGTCGAGCTGACGGACGGCGACCACGCCGGCAAGCGCCTGCTGGTGTGGACGACCACCCCGTGGACGCTGCCGTCCAACCTCGCCGTCGCCGTCGGCCCCGAGCTCACCTACGAGGTGTACCGGGACGCGGAGGGC
>Other.21
CGCATGATGCGTCCCGGCGAGCCGCCGACCAAGGAGTCTGCAGAGAACCTGTTCCAGAACCTGTTCTTCTCCCCGGATCGCTACGACCTGTCCGCGGTGGGCCGGATGAAGTTCAACCGCCGCCTCGGTCGCGAAGAAGTGACCGGCAGTGGTGTGCTGGACCGTGAAGATATCGTGGAAGTGCTGAAGGCACTGGTGTCTATCCGTAACGGTCGCGGCATGACTGACGACATCGACCACCTGGGCAACCGCCGTGTGCGCAGTGTGGGCGAAATGGCCGAAAACCAGTTCCGTGTGGGCC
>Other.25
GTCGACGACAAGATCCACGCCCGCTCCACCGGGCCGTACTCGCTTGTGACCCAGCAGCCGCTGGGGGGTAAGGCGCAGTTCGGTGGTCAGCGCTTCGGTGAGATGGAGGTCTGGGCGCTGGAAGCCTACGGCGCCGCCTACACCTTGCAGGAAATGCTGACGGTGAAGTCGGATGACGTCGCGGGCCGGACCAAGGTCTACGAAAGTATCGTCAAGGGTGAGGACAACTTCGAGGCCGGCGTGCCGGAATCGTTCAACGTTCTCGTCAAGGAGGTCCGCGGATTGGGCCTCAACATGGAAC
