SUMZER_COMMENT=sra=SRR9701190,genome=cov3ma,date=200530-03:26;
family=AMR;score=100;pctid=98;aln=823;glb=533;panlen=1000;cvg=........................O;top=Z21523_3000191;topaln=382;toplen=1974;topname=tetQ,Bacteroides fragilis;
family=Circoviridae;score=56;pctid=93;aln=529528;glb=195289;panlen=1866;cvg=_...._______............O;top=NC_035212.1;topaln=529528;toplen=3925;topname=Human fecal virus Jorvi2;
family=Genomoviridae;score=8;pctid=97;aln=14;glb=2;panlen=2200;cvg=O________..O_o___________;top=NC_033270.1;topaln=14;toplen=2143;topname=Chicken stool-associated gemycircularvirus strain RS/BR/2015;
family=Anelloviridae;score=4;pctid=97;aln=8;glb=3;panlen=2878;cvg=_O__o_________._.________;top=NC_014089.1;topaln=2;toplen=2908;topname=Torque teno mini virus 5;
family=Picornaviridae;score=0;pctid=93;aln=2;glb=0;panlen=7591;cvg=_o_______________________;top=NC_001612.1;topaln=2;toplen=7413;topname=Human enterovirus A;
family=Alloherpesviridae;score=0;pctid=100;aln=2;glb=0;panlen=207914;cvg=______________________o__;top=NC_008210.1;topaln=2;toplen=231801;topname=Ranid herpesvirus 2 strain ATCC VR-568;
family=Herpesviridae;score=0;pctid=100;aln=2;glb=0;panlen=148687;cvg=_o_______________________;top=NC_038265.1;topaln=2;toplen=59673;topname=Porcine lymphotropic herpesvirus 2 isolate 568 long unique region;
family=Coronaviridae;score=0;pctid=100;aln=2;glb=0;panlen=30000;cvg=___________________o_____;top=MK204388.1;topaln=2;toplen=1;topname=UNVERIFIED: Avian coronavirus non-structural polyprotein-like (ORF1ab) and sprike protein-like (S) genes, complete sequence; and envelope protein (3c), membrane glycoprotein, NS6 (NS6), nucleocapsid (N), NS7b (NS7b), NS7c (NS7c), and NS7d (NS7d) genes, complete cds;
acc=Z21523_3000191;pctid=97.4;aln=382;glb=251;len=1974;cvgpct=96;len=1974;depth=382;cvg=.OOo...OO...oooo._.oo....;fam=AMR;name=tetQ,Bacteroides fragilis;
acc=NC_035212.1;pctid=92.7;aln=529528;glb=195289;len=3925;cvgpct=88;len=3925;depth=5.3e+05;cvg=...__........ooOOO.......;fam=Circoviridae;name=Human fecal virus Jorvi2;
acc=U38243_3003001;pctid=99.6;aln=147;glb=104;len=966;cvgpct=72;len=966;depth=147;cvg=___.o.O.OOo.o_.....oOO...;fam=AMR;name=CfxA,Bacteroides vulgatus;
acc=M18896.2_3000190;pctid=97.2;aln=146;glb=103;len=1920;cvgpct=68;len=1920;depth=146;cvg=Ooo................Ooo.._;fam=AMR;name=tetO,Campylobacter jejuni;
acc=GQ343019_3002999;pctid=99.6;aln=50;glb=31;len=891;cvgpct=24;len=891;depth=50;cvg=oo..O.Ooo....____________;fam=AMR;name=CblA-1,mixed culture bacterium AX_gF3SD01_15;
acc=NC_033270.1;pctid=97.0;aln=14;glb=2;len=2143;cvgpct=8;len=2143;depth=14;cvg=O_________oO__o__________;fam=Genomoviridae;name=Chicken stool-associated gemycircularvirus strain RS/BR/2015;
acc=AF251288.1_3004659;pctid=98.8;aln=12;glb=7;len=1206;cvgpct=8;len=1206;depth=12;cvg=___o______.O___O_o_______;fam=AMR;name=Mef(En2),Bacteroides fragilis;
acc=AF227521.1_3000616;pctid=95.5;aln=24;glb=10;len=1218;cvgpct=8;len=1218;depth=24;cvg=_...o_O_._.._____________;fam=AMR;name=mel,Streptococcus pyogenes;
acc=U00096_3000502;pctid=100.0;aln=4;glb=0;len=3105;cvgpct=4;len=3105;depth=4;cvg=_________O_______________;fam=AMR;name=acrF,Escherichia coli str. K-12 substr. MG1655;
acc=AE005672.3_3000025;pctid=82.1;aln=4;glb=0;len=1767;cvgpct=4;len=1767;depth=4;cvg=____O____________________;fam=AMR;name=patB,Streptococcus pneumoniae TIGR4;
acc=GQ342996_3003097;pctid=100.0;aln=4;glb=0;len=996;cvgpct=4;len=996;depth=4;cvg=______________________O__;fam=AMR;name=CfxA6,uncultured organism;
acc=CP004067_3002647;pctid=99.7;aln=12;glb=8;len=795;cvgpct=4;len=795;depth=12;cvg=_____o___Oo__________o___;fam=AMR;name=APH(3')-IIIa,Campylobacter coli CVM N29710;
acc=U00096_3003577;pctid=89.1;aln=3;glb=0;len=1167;cvgpct=4;len=1167;depth=3;cvg=_______________O_________;fam=AMR;name=ugd,Escherichia coli str. K-12 substr. MG1655;
acc=AF235050.4_3003318;pctid=92.4;aln=5;glb=0;len=2112;cvgpct=4;len=2112;depth=5;cvg=___.O____________________;fam=AMR;name=Streptomyces rishiriensis parY mutant conferring resistance to aminocoumarin,Streptomyces rishiriensis;
acc=KU736867.1_3004442;pctid=97.0;aln=14;glb=12;len=1920;cvgpct=4;len=1920;depth=14;cvg=__o______..______o___O.__;fam=AMR;name=tet(W/N/W),uncultured bacterium IN-02;
acc=L42817_3000522;pctid=99.6;aln=4;glb=4;len=735;cvgpct=0;len=735;depth=4;cvg=____o__o_________________;fam=AMR;name=ErmG,Bacteroides thetaiotaomicron;
acc=NC_001612.1;pctid=92.8;aln=2;glb=0;len=7413;cvgpct=0;len=7413;depth=2;cvg=_o_______________________;fam=Picornaviridae;name=Human enterovirus A;
acc=NC_014076.1;pctid=97.9;aln=2;glb=0;len=3770;cvgpct=0;len=3770;depth=2;cvg=_o_______________________;fam=Anelloviridae;name=Torque teno virus 10;
acc=NC_001427.1;pctid=100.0;aln=2;glb=2;len=2319;cvgpct=0;len=2319;depth=2;cvg=_____..__________________;fam=Anelloviridae;name=Chicken anemia virus;
acc=NC_008210.1;pctid=100.0;aln=2;glb=0;len=231801;cvgpct=0;len=231801;depth=2;cvg=____________________o____;fam=Alloherpesviridae;name=Ranid herpesvirus 2 strain ATCC VR-568;
acc=NC_038265.1;pctid=100.0;aln=2;glb=0;len=59673;cvgpct=0;len=59673;depth=2;cvg=___o_____________________;fam=Herpesviridae;name=Porcine lymphotropic herpesvirus 2 isolate 568 long unique region;
acc=KX531049.1_3003986;pctid=94.3;aln=2;glb=0;len=1947;cvgpct=0;len=1947;depth=2;cvg=_________________o_______;fam=AMR;name=TaeA,Paenibacillus sp. LC231;
acc=AM419751_3000567;pctid=100.0;aln=2;glb=2;len=1221;cvgpct=0;len=1221;depth=2;cvg=______o__________________;fam=AMR;name=tet(40),uncultured bacterium;
acc=AY712687_3002628;pctid=99.7;aln=2;glb=1;len=831;cvgpct=0;len=831;depth=2;cvg=_________________o_______;fam=AMR;name=aad(6),Streptococcus oralis;
acc=MK204388.1;pctid=100.0;aln=2;glb=0;len=1;cvgpct=0;len=1;depth=2;cvg=________________________o;fam=Coronaviridae;name=UNVERIFIED: Avian coronavirus non-structural polyprotein-like (ORF1ab) and sprike protein-like (S) genes, complete sequence; and envelope protein (3c), membrane glycoprotein, NS6 (NS6), nucleocapsid (N), NS7b (NS7b), NS7c (NS7c), and NS7d (NS7d) genes, complete cds;
acc=AP006618.1_3000501;pctid=80.4;aln=1;glb=0;len=3489;cvgpct=0;len=3489;depth=1;cvg=____________.____________;fam=AMR;name=Nocardia rifampin resistant beta-subunit of RNA polymerase (rpoB2),Nocardia farcinica IFM 10152;
acc=NC_008618.1_3004480;pctid=90.6;aln=2;glb=0;len=3561;cvgpct=0;len=3561;depth=2;cvg=_________o_______________;fam=AMR;name=Bifidobacterium adolescentis rpoB conferring resistance to rifampicin,Bifidobacterium adolescentis;
acc=NC_022789.1;pctid=97.0;aln=2;glb=1;len=2282;cvgpct=0;len=2282;depth=2;cvg=__________________._.____;fam=Anelloviridae;name=Gyrovirus Tu789;
acc=NC_014089.1;pctid=91.7;aln=2;glb=0;len=2908;cvgpct=0;len=2908;depth=2;cvg=_o_______________________;fam=Anelloviridae;name=Torque teno mini virus 5;
acc=U05883_3003559;pctid=87.2;aln=3;glb=0;len=903;cvgpct=0;len=903;depth=3;cvg=_____________________._o_;fam=AMR;name=cepA beta-lactamase,Bacteroides fragilis;
>Other.1
ACGCGATTTCGCTTACGTGCCAAGATCTTTTTTCTGACCTATTCCCAAATCGGCGAAGATGTCATCGAAATCCCCCAAACACACCC
>Other.2
ATCCAAATGAATATTATAAATTTAGGAATTCTTGCTCACATTGATGCAGGAAAAACTTCCGTAACCGAGAATCTGCTGTTTGCCAGTGGAGCAACGGAAAAGTGCGGCCGTGTGGATAATGGTGACACCATAACAGACTCTATGGATATAG
>Other.3
GTGCAATTGCAGTACTAGGGAGCGTAGATAAAGGCACAACAAGGACAGATACAATGAATTTGGAGCGTCAAAGGGGAATCACTATCCAGACAGCAGTGGCATCTTTTCAGT
>Other.4
CCGTTGGTATAGCCGTATGGACAGACAAAGGAGACATGCTCCGGTATAACGACCATGTACACTTCCCCTTGCTCAGTGTATTCA
>Other.5
ATATAGAGAAACGTAGAGGAATTACTGTCCGGGCTTCTACGACATCTATTATCTGGAATGGAGTGAAATGCAATATCATTGACACTCCGGGACACATGGATTTTATTGCGGAAGTGGAGCGGACATTCAAAATG
>Other.6
ATCTGGAATGGAGTGAAATGCAATATCATTGACACTCCGGGACACATGGATTTTATTGCGGAAGTGGAGCGGAC
>Other.7
ATGCAATATCATTGACACTCCGGGACACATGGATTTTATTGCGGAAGTGGAGCGGACATTCAAAATGCTTGATGGAGCAGTCCTCATCTTATCCGCAAAGGAAGGCAAACAAGCGCACCCAAACACACCCAACAC
>Other.8
CAAATGCCGCCCAATACCTACAGCCCCCTGCGGAAGAAGTTTCCCGACCAGGATTTCACGATTACGCTTAGGGAACTGATGCAATACAGCATTTCCCAAAGCGACAACAATGCCTGCGACATCTTGATAGAATATGCAGGAGGCATCAAAC
>Other.9
GGATTTCACGATTACGCTTAGGGAACTGATGCAATACAGCATTTCCCAAAGCGACAACAATGCCTGCGAC
>Other.10
TGACGAGGCAGACTACGCAATTTTCGACGATATTAGTGGTGGATTTCAGTTTTTTCCAAGCTACAAAGGGTGGCTTGGCTGCCAAGAAGAATTCGAGTGCACGGACAAATACCGAGCAAAGACTACAATCTATTGGGGGAGACCGACGAT
>Other.11
ATATTAGTGGTGGATTTCAGTTTTTTCCAAGCTACAAAGGGTGGCTTGGCTGCCAAGAAGAATTCGAGTGCACGGACAAATACCGAGCAAAGACTACAATCTATTGGGGGAGACCGACGATCATGTGCATGAACTCGGACCCCCTAGCAG
>Other.12
GCGTTTGTATCTGGATATAAAAGCAAATCTGTCTCAAGATGTCCTGTTTATGCAAAATGTTGTCGATGGATCGGTTTATCCGGTTTGCTCCCAAACATATATAAAGGAAGAATACAAAGAATTTGTA
>Other.13
TCTCTATATTTTATTTAAAAACATAGAGTCTCTAAAAAATTTGTCGAAATTGAATGATAGGCAAAAAAATAGTGCCGATAGAGAAAAATGCCTATAAATCGAATTGTTTATTTTTAAATTATCATTCAAAAAGTTCATATACATTGAAAAT
>Other.14
TAGAGTCTCTAAAAAATTTGTCGAAATTGAATGATAGGCAAAAAAATAGTGCCGATAGAGAAAAATGCCTATAAATCGAATTGTTTATTTTTAAATTATCATTCAAAAAGTTCATATACATTGAAAATTGTGATAGGCAAAAAAATATTTC
>Other.15
GTTTATTTTTAAATTATCATTCAAAAAGTTCATATACATTGAAAATTGTGATAGGCAAAAAAATATTTCTGGCTAGGTAATAATATCTTAGACGGATCAAGTTGTCACTTTTGTCAAAGATGGATACTAGCCAGAAGATATTTATTTTTTT
>Other.16
GTCAAAGATGGATACTAGCCAGAAAATATTTATTTTTTTCTTATTTCAATTTTCAATTTAATTTAATCGAACGCACATCAAAGTAAGCACATCAATAAAAAATATTTAATC
>Other.17
TTTAATCGAACGCACATCAAAGTAAGCACATCAATAAAAAATATTTAATCTAACCCCCACCCCTTTTTCTCTTTTATTCGGAACCTTTTGACATGGATCCAAAGCAATTAGCTTATCCATGTGAGCCTTGGACCAGTCCAAAGTGAAAAAA
>Other.18
CATCAATAAAAAATATTTAATCTAACCCCCACCCCTTTTTCTCTTTTATTCGGAACCTTTTGACATGGATCCAAAGCAATTAGCTTATCCATGTGAGCCTTGGACCAGTCCAAAGTGAAAAAAAGATATTTACGAATGCAGATTGCATTC
>Other.19
AGCTTATCCATGTGAGCCTTGGACCAGTCCAAAGTGAAAAAAAGATATTATTGCGAATGCAGATTGCATTCTTGGGGGAGGGGGGCCCATAG
>Other.20
ATTTTATAAATGCTCATTGAGGGAACAACTGTGTTGTTTACACAATGTGCGG
>Other.21
CAATGATGTTGCCTATATATGTCTGCCTAATAATATCAGTTATACCTTAGCGGTATTTGTTAAGGATTTCAAGGGAAATGAATCACAAGCGTCACAATATGTTGCGCATATATC
>Other.22
CAATTCGGGCATTTCCATCAATAGTTGGTGTAGATGGGGCACTTAAAAGTAAAATAGACTGATCTCCTTCATAAAATGTTAATGTTGGAATTTCATCGGCATTGTAATTACCAGTAGTTTCAAAATAATAAGAATTGGCTGGAATGCTTAT
>Other.23
GATCTCCTTCATAAAATGTTAATGTTGGAATTTCATCGGCATTGTAATTACC
>Other.24
ATTGGCTGGAATGCTTATTGTGAGCGGGCCAGCAACACGATGGGCTATATAGGTTACTCTATAAAAATTCTCTAGATACTCTATATATATAATTGTCTTATCTAAATCACTTTCGCTTGGAACTAATGTTATCCCTGATTCAGTATAAGTA
>Other.25
TCAACTCTAATAGCTCCAATAGCATCAACTGGCAATAATATATAGTGATTTCTTACATTATTATAATATAACTTAACATATTCCTTTAATTGGGTATAATCTTCGAAATAATATGCAACTGAATCAGAATTTTGTGGAGGTGGTAAAGGAT
