score=57;
pancovpct=93.8;
maxcov1kpct=93.8;
unmapped=0;
mapped=7792;
mapped_reverse=0;
mapped_reverse_pct=0.00;
mean_aln_length=36;
max_aln_length=36;
acc=pan_genome;hits=7096;len=30000;depth=8.52;pctid=98.5;tax=?;cov=0.9375;coverage=O....._................._.......;desc=Pan-genome;
acc=NC_013804;hits=6200;desc=?;
acc=LR721664.1;hits=318;len=31710;depth=0.361;pctid=95.2;tax=215681;cov=0.0625;coverage=___________________________.___O;desc=Canine respiratory coronavirus;
acc=NC_001461;hits=121;desc=?;
acc=NC_038880;hits=94;desc=?;
acc=NC_001405;hits=71;desc=?;
acc=DQ415904.1;hits=58;len=29784;depth=0.0701;pctid=99.3;tax=290028;cov=0.0625;coverage=______________O_____________.___;desc=Human coronavirus HKU1;
acc=MK167038.1;hits=57;len=30420;depth=0.0675;pctid=99.6;tax=290028;cov=0.0625;coverage=______________O____.____________;desc=Human coronavirus HKU1;
acc=AY884001.1;hits=56;len=30312;depth=0.0665;pctid=99.4;tax=290028;cov=0.0312;coverage=______________O_________________;desc=Human coronavirus HKU1;
acc=DQ415901.1;hits=56;len=30599;depth=0.0659;pctid=99.8;tax=290028;cov=0.0312;coverage=______________O_________________;desc=Human coronavirus HKU1;
acc=NC_038496;hits=52;desc=?;
acc=DQ415900.1;hits=51;len=30309;depth=0.0606;pctid=99.7;tax=290028;cov=0.0312;coverage=______________O_________________;desc=Human coronavirus HKU1;
acc=DQ415899.1;hits=48;len=30404;depth=0.0568;pctid=99.8;tax=290028;cov=0.0625;coverage=______________O___._____________;desc=Human coronavirus HKU1;
acc=HM034837.1;hits=45;len=30360;depth=0.0534;pctid=98.9;tax=290028;cov=0.0312;coverage=______________O_________________;desc=Human coronavirus HKU1;
acc=NC_026809;hits=42;desc=?;
acc=NC_003391;hits=38;desc=?;
acc=NC_001596;hits=34;desc=?;
acc=MN690608.1;hits=32;len=32257;depth=0.0357;pctid=99.4;tax=2716128;cov=0.0312;coverage=____________________________O___;desc=?;
acc=NC_001731;hits=31;desc=?;
acc=JF775523.1;hits=30;len=1380;depth=0.783;pctid=100.0;tax=11120;cov=0.0312;coverage=___________________________O____;desc=Infectious bronchitis virus;
acc=NC_012783;hits=28;desc=?;
acc=NC_001798;hits=27;desc=?;
acc=NC_007653;hits=27;desc=?;
acc=NC_007605;hits=20;desc=?;
acc=NC_022517;hits=17;desc=?;
acc=NC_027016;hits=17;desc=?;
acc=NC_017825;hits=16;desc=?;
acc=DQ490208.1;hits=11;len=7326;depth=0.0541;pctid=97.2;tax=11120;cov=0.0312;coverage=_____________________________O__;desc=Infectious bronchitis virus;
acc=NC_003663;hits=9;desc=?;
acc=NC_003310;hits=9;desc=?;
acc=NC_001806;hits=8;desc=?;
acc=NC_003266;hits=8;desc=?;
acc=NC_006998;hits=7;desc=?;
acc=NC_001885;hits=6;desc=?;
acc=NC_009334;hits=5;desc=?;
acc=NC_026818;hits=4;desc=?;
acc=NC_004105;hits=4;desc=?;
acc=KF569996.1;hits=4;len=30302;depth=0.00475;pctid=97.2;tax=1487703;cov=0.0312;coverage=___O____________________________;desc=Rhinolophus affinis coronavirus;
acc=KY513725.1;hits=3;len=25846;depth=0.00418;pctid=100.0;tax=1586324;cov=0.0312;coverage=_____________________________O__;desc=Porcine deltacoronavirus;
acc=NC_012959;hits=3;desc=?;
acc=FJ917524.1;hits=3;len=9108;depth=0.0119;pctid=97.2;tax=12663;cov=0.0312;coverage=___O____________________________;desc=Feline coronavirus;
acc=KX722531.1;hits=2;len=29527;depth=0.00244;pctid=97.2;tax=12663;cov=0.0625;coverage=__._.___________________________;desc=Feline coronavirus;
acc=MG916903.1;hits=2;len=29561;depth=0.00244;pctid=93.1;tax=1508220;cov=0.0625;coverage=________________.______.________;desc=Bat coronavirus;
acc=HM211099.1;hits=2;len=29598;depth=0.00243;pctid=91.7;tax=875615;cov=0.0625;coverage=___.______________________._____;desc=Bat coronavirus HKU9-5-2;
acc=GQ153547.1;hits=2;len=30200;depth=0.00238;pctid=83.3;tax=741999;cov=0.0312;coverage=___o____________________________;desc=Bat SARS coronavirus HKU3-12;
acc=MK204388.1;hits=2;len=24920;depth=0.00289;pctid=90.3;tax=694014;cov=0.0312;coverage=o_______________________________;desc=Avian coronavirus;
acc=FJ938051.1;hits=2;len=29720;depth=0.00242;pctid=97.2;tax=502100;cov=0.0625;coverage=___________.__________________._;desc=Feline coronavirus RM;
acc=NC_028814.1;hits=2;len=28069;depth=0.00257;pctid=100.0;tax=1503292;cov=0.0312;coverage=____________o___________________;desc=BtRf-AlphaCoV/HuB2013;
acc=KJ473810.1;hits=2;len=28036;depth=0.00257;pctid=100.0;tax=1503290;cov=0.0312;coverage=____________o___________________;desc=BtMs-AlphaCoV/GS2013;
acc=NC_007815;hits=2;desc=?;
acc=MK211378.1;hits=2;len=30717;depth=0.00234;pctid=97.2;tax=2591237;cov=0.0312;coverage=___o____________________________;desc=Coronavirus BtRs-BetaCoV/YN2018D;
acc=KF793826.1;hits=2;len=32305;depth=0.00223;pctid=88.9;tax=1433215;cov=0.0625;coverage=___________________________..___;desc=Bottlenose dolphin coronavirus HKU22;
acc=JB181528.1;hits=2;len=4856;depth=0.0148;pctid=98.6;tax=11120;cov=0.0625;coverage=_________________________.._____;desc=Infectious bronchitis virus;
acc=MK163627.1;hits=2;len=29243;depth=0.00246;pctid=91.7;tax=2520504;cov=0.0625;coverage=_________._____.________________;desc=Alphacoronavirus UKRn3;
acc=MK720946.1;hits=2;len=29688;depth=0.00243;pctid=97.2;tax=2586419;cov=0.0625;coverage=_________________________.____._;desc=Rhinolophus bat coronavirus HKU32;
acc=NC_026434;hits=1;desc=?;
acc=DQ167129.1;hits=1;len=1644;depth=0.0219;pctid=100.0;tax=11120;cov=0.0312;coverage=___________________________.____;desc=Infectious bronchitis virus;
acc=KJ857477.1;hits=1;len=4222;depth=0.00853;pctid=100.0;tax=28295;cov=0.0312;coverage=____________________.___________;desc=Porcine epidemic diarrhea virus;
acc=NC_010646.1;hits=1;len=32215;depth=0.00112;pctid=91.7;tax=694015;cov=0.0312;coverage=____________________________.___;desc=Beluga whale coronavirus SW1;
acc=NC_032107.1;hits=1;len=28836;depth=0.00125;pctid=86.1;tax=1920748;cov=0.0312;coverage=_____________.__________________;desc=NL63-related bat coronavirus;
acc=NC_020444;hits=1;desc=?;
acc=NC_001702;hits=1;desc=?;
acc=NC_029646;hits=1;desc=?;
acc=KU182966.1;hits=1;len=26148;depth=0.00138;pctid=91.7;tax=1508220;cov=0.0312;coverage=__________________________._____;desc=Bat coronavirus;
acc=MN611525.1;hits=1;len=28639;depth=0.00126;pctid=100.0;tax=2691598;cov=0.0312;coverage=________________._______________;desc=Hipposideros pomona bat coronavirus CHB25;
acc=MG987421.1;hits=1;len=30992;depth=0.00116;pctid=91.7;tax=1335626;cov=0.0312;coverage=_____________________.__________;desc=Middle East respiratory syndrome-related coronavirus;
acc=MK204393.1;hits=1;len=29591;depth=0.00122;pctid=97.2;tax=694014;cov=0.0312;coverage=_____________.__________________;desc=Avian coronavirus;
acc=JN874560.1;hits=1;len=31635;depth=0.00114;pctid=100.0;tax=1160968;cov=0.0312;coverage=_______.________________________;desc=Rabbit coronavirus HKU14;
acc=MN262644.1;hits=1;len=27982;depth=0.00129;pctid=100.0;tax=694014;cov=0.0312;coverage=___.____________________________;desc=Avian coronavirus;
acc=MN611523.1;hits=1;len=28990;depth=0.00124;pctid=100.0;tax=2691597;cov=0.0312;coverage=_________________________.______;desc=Hipposideros pomona bat coronavirus HKU10-related;
acc=KT254285.1;hits=1;len=1295;depth=0.0278;pctid=97.2;tax=1649337;cov=0.0312;coverage=_.______________________________;desc=Duck-dominant coronavirus;
acc=KF294377.1;hits=1;len=14316;depth=0.00251;pctid=100.0;tax=1508225;cov=0.0312;coverage=______________________._________;desc=Lushi Ml bat coronavirus;
acc=NC_011203;hits=1;desc=?;
acc=NC_000858;hits=1;desc=?;
acc=KY770850.1;hits=1;len=27332;depth=0.00132;pctid=100.0;tax=1508220;cov=0.0312;coverage=__________._____________________;desc=Bat coronavirus;
acc=FJ917527.1;hits=1;len=4738;depth=0.0076;pctid=100.0;tax=12663;cov=0.0312;coverage=____________________________.___;desc=Feline coronavirus;
acc=NC_039476;hits=1;desc=?;
acc=KY078905.1;hits=1;len=3538;depth=0.0102;pctid=94.4;tax=1586324;cov=0.0312;coverage=______________________________._;desc=Porcine deltacoronavirus;
acc=GQ504723.1;hits=1;len=28081;depth=0.00128;pctid=94.4;tax=11120;cov=0.0312;coverage=_________________________.______;desc=Infectious bronchitis virus;
acc=NC_011202;hits=1;desc=?;
acc=KY073746.1;hits=1;len=28917;depth=0.00124;pctid=97.2;tax=1920748;cov=0.0312;coverage=______________________________._;desc=NL63-related bat coronavirus;
acc=NC_013227;hits=1;desc=?;
acc=MK248852.1;hits=1;len=520;depth=0.0692;pctid=88.9;tax=11120;cov=0.0312;coverage=_________.______________________;desc=Infectious bronchitis virus;
acc=HM245926.1;hits=1;len=29397;depth=0.00122;pctid=100.0;tax=766792;cov=0.0312;coverage=___.____________________________;desc=Mink coronavirus strain WD1133;
acc=KY419112.1;hits=1;len=31040;depth=0.00116;pctid=94.4;tax=42005;cov=0.0312;coverage=__________._____________________;desc=Porcine hemagglutinating encephalomyelitis virus;
acc=NC_001366;hits=1;desc=?;
acc=MG835611.1;hits=1;len=3542;depth=0.0102;pctid=94.4;tax=2078986;cov=0.0312;coverage=______________________________._;desc=Porcine deltacoronavirus Sichuan;
acc=MH002341.1;hits=1;len=30988;depth=0.00116;pctid=94.4;tax=694008;cov=0.0312;coverage=_.______________________________;desc=Pipistrellus bat coronavirus HKU5;
acc=MK248850.1;hits=1;len=416;depth=0.0865;pctid=97.2;tax=11120;cov=0.0312;coverage=____.___________________________;desc=Infectious bronchitis virus;
acc=KJ665862.1;hits=1;len=2265;depth=0.0159;pctid=91.7;tax=12663;cov=0.0312;coverage=_____.__________________________;desc=Feline coronavirus;
acc=LQ338107.1;hits=1;len=1317;depth=0.0273;pctid=91.7;tax=694009;cov=0.0312;coverage=_________.______________________;desc=Severe acute respiratory syndrome-related coronavirus;
acc=DQ646405.2;hits=1;len=28172;depth=0.00128;pctid=100.0;tax=11120;cov=0.0312;coverage=__________________._____________;desc=Infectious bronchitis virus;
acc=KF294457.1;hits=1;len=30171;depth=0.00119;pctid=100.0;tax=1508227;cov=0.0312;coverage=___.____________________________;desc=Bat SARS-like coronavirus;
acc=GU938394.1;hits=1;len=1690;depth=0.0213;pctid=94.4;tax=11120;cov=0.0312;coverage=______._________________________;desc=Infectious bronchitis virus;
acc=NC_007447;hits=1;desc=?;
acc=NC_014372;hits=1;desc=?;
acc=NC_014470.1;hits=1;len=29764;depth=0.00121;pctid=94.4;tax=864596;cov=0.0312;coverage=___.____________________________;desc=Bat coronavirus BM48-31/BGR/2008;
acc=NC_001436;hits=1;desc=?;
acc=MH938450.1;hits=1;len=28616;depth=0.00126;pctid=100.0;tax=2492657;cov=0.0312;coverage=_____________.__________________;desc=Alphacoronavirus Bat-CoV/P.kuhlii/Italy/206679-3/2010;
acc=KY370049.1;hits=1;len=31692;depth=0.00114;pctid=100.0;tax=2050018;cov=0.0312;coverage=__._____________________________;desc=Rodent coronavirus;
acc=JN634064.1;hits=1;len=29468;depth=0.00122;pctid=97.2;tax=12663;cov=0.0312;coverage=________._______________________;desc=Feline coronavirus;
acc=MH744256.1;hits=1;len=1196;depth=0.0301;pctid=91.7;tax=28295;cov=0.0312;coverage=_____________________________.__;desc=Porcine epidemic diarrhea virus;
acc=MN599049.1;hits=1;len=28128;depth=0.00128;pctid=91.7;tax=11120;cov=0.0312;coverage=____.___________________________;desc=Infectious bronchitis virus;
acc=MN611518.1;hits=1;len=29231;depth=0.00123;pctid=100.0;tax=2691587;cov=0.0312;coverage=_________.______________________;desc=Miniopterus pusillus bat coronavirus HKU8-related;
acc=NC_011547.1;hits=1;len=26929;depth=0.00134;pctid=100.0;tax=572288;cov=0.0312;coverage=_______________________.________;desc=Bulbul coronavirus HKU11-934;
acc=NC_003323;hits=1;desc=?;
acc=KY967724.1;hits=1;len=26465;depth=0.00136;pctid=100.0;tax=1508228;cov=0.0312;coverage=______________________________._;desc=Wencheng Sm shrew coronavirus;
acc=KU556804.1;hits=1;len=27618;depth=0.0013;pctid=83.3;tax=11120;cov=0.0312;coverage=______________________________._;desc=Infectious bronchitis virus;
acc=LC029422.1;hits=1;len=1147;depth=0.0314;pctid=97.2;tax=1264898;cov=0.0312;coverage=___________________________.____;desc=Ferret coronavirus;
acc=KU343207.1;hits=1;len=4197;depth=0.00858;pctid=100.0;tax=1788427;cov=0.0312;coverage=_________________________.______;desc=Bat coronavirus MsBtCoV/4056;
acc=DQ848678.1;hits=1;len=29765;depth=0.00121;pctid=91.7;tax=12663;cov=0.0312;coverage=__________________________._____;desc=Feline coronavirus;
acc=KY370046.1;hits=1;len=31917;depth=0.00113;pctid=100.0;tax=2050018;cov=0.0312;coverage=_____.__________________________;desc=Rodent coronavirus;
acc=LC364344.1;hits=1;len=26591;depth=0.00135;pctid=94.4;tax=2078583;cov=0.0312;coverage=______________._________________;desc=Pigeon coronavirus UAE-HKU29;
acc=MK359255.1;hits=1;len=29015;depth=0.00124;pctid=97.2;tax=2569586;cov=0.0312;coverage=_______.________________________;desc=Canada goose coronavirus;
acc=KJ473814.1;hits=1;len=30153;depth=0.00119;pctid=94.4;tax=1503302;cov=0.0312;coverage=_________.______________________;desc=BtRs-BetaCoV/HuB2013;
acc=KP868573.1;hits=1;len=28062;depth=0.00128;pctid=94.4;tax=11120;cov=0.0312;coverage=___.____________________________;desc=Infectious bronchitis virus;
acc=MH687956.1;hits=1;len=28518;depth=0.00126;pctid=97.2;tax=1906673;cov=0.0312;coverage=_________________.______________;desc=Alphacoronavirus sp.;
acc=MK330604.1;hits=1;len=25826;depth=0.00139;pctid=94.4;tax=1586324;cov=0.0312;coverage=____________________________.___;desc=Porcine deltacoronavirus;
acc=EF446615.1;hits=1;len=31509;depth=0.00114;pctid=97.2;tax=136187;cov=0.0312;coverage=___.____________________________;desc=Equine coronavirus;
acc=MN611520.1;hits=1;len=31020;depth=0.00116;pctid=91.7;tax=2691590;cov=0.0312;coverage=____.___________________________;desc=Pipistrellus abramus bat coronavirus HKU5-related;
acc=GU053661.1;hits=1;len=688;depth=0.0523;pctid=97.2;tax=12663;cov=0.0312;coverage=________________._______________;desc=Feline coronavirus;
acc=MH991864.1;hits=1;len=4225;depth=0.00852;pctid=94.4;tax=28295;cov=0.0312;coverage=______________________________._;desc=Porcine epidemic diarrhea virus;
acc=KU291449.1;hits=1;len=27617;depth=0.0013;pctid=100.0;tax=1895985;cov=0.0312;coverage=____________.___________________;desc=Camel alphacoronavirus Camel229E;
acc=MN996532.1;hits=1;len=30353;depth=0.00119;pctid=94.4;tax=2709072;cov=0.0312;coverage=______________._________________;desc=Bat coronavirus RaTG13;
acc=DQ490206.1;hits=1;len=7328;depth=0.00491;pctid=94.4;tax=11120;cov=0.0312;coverage=_____________________________.__;desc=Infectious bronchitis virus;
acc=KP118887.1;hits=1;len=28082;depth=0.00128;pctid=88.9;tax=11120;cov=0.0312;coverage=_______.________________________;desc=Infectious bronchitis virus;
acc=MG893511.1;hits=1;len=29787;depth=0.00121;pctid=88.9;tax=12663;cov=0.0312;coverage=______________________._________;desc=Feline coronavirus;
acc=EU420137.1;hits=1;len=28951;depth=0.00124;pctid=100.0;tax=393768;cov=0.0312;coverage=____________________.___________;desc=Bat coronavirus 1B;
acc=EU526388.1;hits=1;len=28177;depth=0.00128;pctid=94.4;tax=11120;cov=0.0312;coverage=________._______________________;desc=Infectious bronchitis virus;
acc=MK249069.1;hits=1;len=11753;depth=0.00306;pctid=97.2;tax=2520503;cov=0.0312;coverage=____.___________________________;desc=Alphacoronavirus UKMa1;
acc=MN623247.1;hits=1;len=226;depth=0.159;pctid=100.0;tax=694014;cov=0.0312;coverage=__________________________._____;desc=Avian coronavirus;
acc=KC623581.1;hits=1;len=560;depth=0.0643;pctid=100.0;tax=11120;cov=0.0312;coverage=._______________________________;desc=Infectious bronchitis virus;
acc=EF065516.1;hits=1;len=29641;depth=0.00121;pctid=97.2;tax=424370;cov=0.0312;coverage=_____________________________.__;desc=Bat coronavirus HKU9-4;
acc=MK472070.1;hits=1;len=28476;depth=0.00126;pctid=97.2;tax=1906673;cov=0.0312;coverage=______________________._________;desc=Alphacoronavirus sp.;
acc=KC522118.1;hits=1;len=1306;depth=0.0276;pctid=94.4;tax=694008;cov=0.0312;coverage=___________________________.____;desc=Pipistrellus bat coronavirus HKU5;
acc=NC_035191.1;hits=1;len=26429;depth=0.00136;pctid=91.7;tax=1508228;cov=0.0312;coverage=____________________________.___;desc=Wencheng Sm shrew coronavirus;
acc=NC_001489;hits=1;desc=?;
acc=MG693170.1;hits=1;len=29609;depth=0.00122;pctid=100.0;tax=1508220;cov=0.0312;coverage=___________________________.____;desc=Bat coronavirus;
acc=NC_001608;hits=1;desc=?;
acc=NC_002549;hits=1;desc=?;
acc=NC_025343;hits=1;desc=?;
acc=AB781814.1;hits=1;len=704;depth=0.0511;pctid=97.2;tax=11153;cov=0.0312;coverage=________________._______________;desc=Canine coronavirus;
acc=KY770851.1;hits=1;len=28565;depth=0.00126;pctid=100.0;tax=1508220;cov=0.0312;coverage=_____.__________________________;desc=Bat coronavirus;
acc=NC_001362;hits=1;desc=?;
acc=MF133455.1;hits=1;len=219;depth=0.164;pctid=100.0;tax=1335626;cov=0.0312;coverage=_________________________.______;desc=Middle East respiratory syndrome-related coronavirus;
acc=MH013337.1;hits=1;len=3764;depth=0.00956;pctid=97.2;tax=1911231;cov=0.0312;coverage=________._______________________;desc=Deltacoronavirus sp.;
acc=KY967725.1;hits=1;len=26477;depth=0.00136;pctid=94.4;tax=1508228;cov=0.0312;coverage=_____________________.__________;desc=Wencheng Sm shrew coronavirus;
acc=MN514962.1;hits=1;len=31539;depth=0.00114;pctid=86.1;tax=1479610;cov=0.0312;coverage=____________________________.___;desc=Dromedary camel coronavirus HKU23;
acc=KX272465.1;hits=1;len=28107;depth=0.00128;pctid=94.4;tax=11120;cov=0.0312;coverage=_____________________________.__;desc=Infectious bronchitis virus;
