score=30;
pancovpct=50;
maxcov1kpct=50;
unmapped=0;
mapped=927;
mapped_reverse=0;
mapped_reverse_pct=0.00;
mean_aln_length=52;
max_aln_length=52;
acc=pan_genome;hits=815;len=30000;depth=1.41;pctid=95.7;tax=?;cov=0.5000;coverage=O__....._._._..____.__._.__.__..;desc=Pan-genome;
acc=NC_001405;hits=251;desc=?;
acc=NC_001461;hits=248;desc=?;
acc=NC_003391;hits=108;desc=?;
acc=NC_001731;hits=56;desc=?;
acc=NC_003310;hits=32;desc=?;
acc=NC_017825;hits=26;desc=?;
acc=NC_027016;hits=22;desc=?;
acc=NC_001596;hits=22;desc=?;
acc=NC_038496;hits=21;desc=?;
acc=NC_007653;hits=12;desc=?;
acc=NC_001885;hits=12;desc=?;
acc=NC_014372;hits=10;desc=?;
acc=NC_001798;hits=10;desc=?;
acc=NC_013804;hits=8;desc=?;
acc=NC_012959;hits=6;desc=?;
acc=NC_001806;hits=6;desc=?;
acc=NC_000858;hits=5;desc=?;
acc=FJ904713.1;hits=5;len=28121;depth=0.00925;pctid=96.9;tax=11120;cov=0.0312;coverage=_______O________________________;desc=Infectious bronchitis virus;
acc=NC_026809;hits=5;desc=?;
acc=NC_003266;hits=5;desc=?;
acc=MK204393.1;hits=4;len=29591;depth=0.00703;pctid=98.1;tax=694014;cov=0.0312;coverage=_____O__________________________;desc=Avian coronavirus;
acc=NC_015692;hits=3;desc=?;
acc=NC_014474;hits=3;desc=?;
acc=NC_016993.1;hits=3;len=27134;depth=0.00575;pctid=98.1;tax=1159903;cov=0.0312;coverage=______________________O_________;desc=Magpie-robin coronavirus HKU18;
acc=NC_001549;hits=3;desc=?;
acc=NC_007605;hits=3;desc=?;
acc=NC_004105;hits=3;desc=?;
acc=NC_004455;hits=2;desc=?;
acc=NC_001436;hits=2;desc=?;
acc=NC_007447;hits=2;desc=?;
acc=MG021194.1;hits=1;len=28012;depth=0.00186;pctid=90.4;tax=11120;cov=0.0312;coverage=___________________.____________;desc=Infectious bronchitis virus;
acc=KX722530.1;hits=1;len=29072;depth=0.00179;pctid=86.5;tax=12663;cov=0.0312;coverage=______________________________._;desc=Feline coronavirus;
acc=MK472070.1;hits=1;len=28476;depth=0.00183;pctid=78.8;tax=1906673;cov=0.0312;coverage=_____________.__________________;desc=Alphacoronavirus sp.;
acc=KY967723.1;hits=1;len=26436;depth=0.00197;pctid=96.2;tax=1508228;cov=0.0312;coverage=______________________._________;desc=Wencheng Sm shrew coronavirus;
acc=KM213963.1;hits=1;len=28176;depth=0.00185;pctid=98.1;tax=11120;cov=0.0312;coverage=________________________._______;desc=Infectious bronchitis virus;
acc=NC_040753;hits=1;desc=?;
acc=NC_044046;hits=1;desc=?;
acc=GQ169258.1;hits=1;len=333;depth=0.156;pctid=86.5;tax=11120;cov=0.0312;coverage=_________________.______________;desc=Infectious bronchitis virus;
acc=CS480537.1;hits=1;len=38604;depth=0.00135;pctid=94.2;tax=694009;cov=0.0312;coverage=___________________________.____;desc=Severe acute respiratory syndrome-related coronavirus;
acc=MH687944.1;hits=1;len=28690;depth=0.00181;pctid=96.2;tax=1906673;cov=0.0312;coverage=______________________._________;desc=Alphacoronavirus sp.;
acc=AJ458942.1;hits=1;len=1638;depth=0.0317;pctid=96.2;tax=11120;cov=0.0312;coverage=_______________.________________;desc=Infectious bronchitis virus;
acc=HZ038027.1;hits=1;len=30247;depth=0.00172;pctid=92.3;tax=693995;cov=0.0312;coverage=______________._________________;desc=Coronavirinae;
acc=MF618252.1;hits=1;len=30447;depth=0.00171;pctid=100.0;tax=11138;cov=0.0312;coverage=_______________________________.;desc=Murine hepatitis virus;
acc=KX512810.1;hits=1;len=28454;depth=0.00183;pctid=94.2;tax=742314;cov=0.0312;coverage=___________.____________________;desc=Ferret systemic coronavirus;
acc=MG738155.1;hits=1;len=28121;depth=0.00185;pctid=94.2;tax=11120;cov=0.0312;coverage=_________.______________________;desc=Infectious bronchitis virus;
acc=NC_001531;hits=1;desc=?;
acc=NC_011202;hits=1;desc=?;
acc=AB907624.1;hits=1;len=9360;depth=0.00556;pctid=92.3;tax=12663;cov=0.0312;coverage=_________________.______________;desc=Feline coronavirus;
acc=KF430197.1;hits=1;len=6122;depth=0.00849;pctid=86.5;tax=290028;cov=0.0312;coverage=_______.________________________;desc=Human coronavirus HKU1;
acc=NC_007546;hits=1;desc=?;
acc=KU973692.1;hits=1;len=30218;depth=0.00172;pctid=90.4;tax=694009;cov=0.0312;coverage=___.____________________________;desc=Severe acute respiratory syndrome-related coronavirus;
acc=JF792617.1;hits=1;len=31796;depth=0.00164;pctid=92.3;tax=31632;cov=0.0312;coverage=______._________________________;desc=Rat coronavirus;
acc=NC_006998;hits=1;desc=?;
acc=LN610099.1;hits=1;len=27929;depth=0.00186;pctid=98.1;tax=1245464;cov=0.0312;coverage=___________.____________________;desc=Guinea fowl coronavirus GfCoV/FR/2011;
acc=NC_001460;hits=1;desc=?;
acc=MK472071.1;hits=1;len=27994;depth=0.00186;pctid=96.2;tax=1906673;cov=0.0312;coverage=____.___________________________;desc=Alphacoronavirus sp.;
acc=JB181528.1;hits=1;len=4856;depth=0.0107;pctid=98.1;tax=11120;cov=0.0312;coverage=_________________________.______;desc=Infectious bronchitis virus;
acc=NC_032107.1;hits=1;len=28836;depth=0.0018;pctid=96.2;tax=1920748;cov=0.0312;coverage=______._________________________;desc=NL63-related bat coronavirus;
acc=NC_011506;hits=1;desc=?;
