score=27;
pancovpct=34.4;
maxcov1kpct=34.4;
unmapped=0;
mapped=5864;
mapped_reverse=0;
mapped_reverse_pct=0.00;
mean_aln_length=76;
max_aln_length=76;
acc=NC_001461;hits=3668;desc=?;
acc=pan_genome;hits=1792;len=30000;depth=4.54;pctid=98.3;tax=?;cov=0.3438;coverage=O_._____._.______.______...__...;desc=Pan-genome;
acc=NC_027016;hits=830;desc=?;
acc=NC_001405;hits=688;desc=?;
acc=NC_003391;hits=268;desc=?;
acc=NC_007653;hits=90;desc=?;
acc=NC_001596;hits=59;desc=?;
acc=NC_017825;hits=53;desc=?;
acc=NC_001798;hits=37;desc=?;
acc=NC_003310;hits=34;desc=?;
acc=NC_013804;hits=20;desc=?;
acc=JB181528.1;hits=16;len=4856;depth=0.25;pctid=97.5;tax=11120;cov=0.2500;coverage=.__.____________________O.OO._._;desc=Infectious bronchitis virus;
acc=NC_001806;hits=14;desc=?;
acc=NC_001731;hits=13;desc=?;
acc=CS480537.1;hits=10;len=38604;depth=0.0197;pctid=99.7;tax=694009;cov=0.0938;coverage=_________________________O____..;desc=Severe acute respiratory syndrome-related coronavirus;
acc=NC_014372;hits=7;desc=?;
acc=LQ338105.1;hits=7;len=2422;depth=0.22;pctid=97.2;tax=694009;cov=0.0312;coverage=O_______________________________;desc=Severe acute respiratory syndrome-related coronavirus;
acc=NC_011203;hits=6;desc=?;
acc=NC_007605;hits=4;desc=?;
acc=DL231478.1;hits=4;len=8856;depth=0.0343;pctid=99.3;tax=11135;cov=0.0938;coverage=___________._________.________o_;desc=Feline infectious peritonitis virus;
acc=NC_001531;hits=4;desc=?;
acc=NC_012959;hits=3;desc=?;
acc=NC_001885;hits=3;desc=?;
acc=NC_038496;hits=2;desc=?;
acc=NC_026809;hits=2;desc=?;
acc=NC_009334;hits=2;desc=?;
acc=NC_022517;hits=1;desc=?;
acc=AB918718.1;hits=1;len=2152;depth=0.0353;pctid=98.7;tax=1476950;cov=0.0312;coverage=__._____________________________;desc=Bat coronavirus IFB2012-17F;
acc=NC_011202;hits=1;desc=?;
acc=MT084071.1;hits=1;len=27667;depth=0.00275;pctid=89.5;tax=2708335;cov=0.0312;coverage=__._____________________________;desc=Pangolin coronavirus;
acc=MK472069.1;hits=1;len=27861;depth=0.00273;pctid=92.1;tax=1906673;cov=0.0312;coverage=__________________________._____;desc=Alphacoronavirus sp.;
acc=MH061337.1;hits=1;len=28503;depth=0.00267;pctid=96.1;tax=28295;cov=0.0312;coverage=_________________.______________;desc=Porcine epidemic diarrhea virus;
acc=NC_007014;hits=1;desc=?;
acc=NC_001549;hits=1;desc=?;
acc=MH991864.1;hits=1;len=4225;depth=0.018;pctid=98.7;tax=28295;cov=0.0312;coverage=______________________________._;desc=Porcine epidemic diarrhea virus;
acc=FV537211.1;hits=1;len=30247;depth=0.00251;pctid=80.3;tax=694009;cov=0.0312;coverage=_____________________________.__;desc=Severe acute respiratory syndrome-related coronavirus;
acc=NC_001803;hits=1;desc=?;
acc=NC_014474;hits=1;desc=?;
acc=M61144.1;hits=1;len=3618;depth=0.021;pctid=90.8;tax=11138;cov=0.0312;coverage=___________________________.____;desc=Murine hepatitis virus;
acc=NC_003494;hits=1;desc=?;
acc=KY419112.1;hits=1;len=31040;depth=0.00245;pctid=82.9;tax=42005;cov=0.0312;coverage=________._______________________;desc=Porcine hemagglutinating encephalomyelitis virus;
acc=KU710265.1;hits=1;len=30059;depth=0.00253;pctid=86.8;tax=1335626;cov=0.0312;coverage=_________________.______________;desc=Middle East respiratory syndrome-related coronavirus;
acc=KY370053.1;hits=1;len=27554;depth=0.00276;pctid=97.4;tax=2050019;cov=0.0312;coverage=__________._____________________;desc=Shrew coronavirus;
acc=KY770851.1;hits=1;len=28565;depth=0.00266;pctid=93.4;tax=1508220;cov=0.0312;coverage=__________________________._____;desc=Bat coronavirus;
acc=NC_001454;hits=1;desc=?;
acc=EF446615.1;hits=1;len=31509;depth=0.00241;pctid=93.4;tax=136187;cov=0.0312;coverage=________________________._______;desc=Equine coronavirus;
