score=35;
pancovpct=50;
maxcov1kpct=50;
unmapped=0;
mapped=1419;
mapped_reverse=0;
mapped_reverse_pct=0.00;
mean_aln_length=52;
max_aln_length=52;
acc=pan_genome;hits=791;len=30000;depth=1.37;pctid=95.7;tax=?;cov=0.5000;coverage=O__._....__.._.__.___.__.__...._;desc=Pan-genome;
acc=NC_001461;hits=509;desc=?;
acc=NC_003391;hits=260;desc=?;
acc=NC_001405;hits=244;desc=?;
acc=NC_003310;hits=114;desc=?;
acc=NC_001596;hits=36;desc=?;
acc=NC_017825;hits=33;desc=?;
acc=NC_007653;hits=21;desc=?;
acc=NC_001798;hits=20;desc=?;
acc=MK204393.1;hits=20;len=29591;depth=0.0351;pctid=97.9;tax=694014;cov=0.0312;coverage=_____O__________________________;desc=Avian coronavirus;
acc=NC_027016;hits=19;desc=?;
acc=NC_004105;hits=16;desc=?;
acc=NC_013804;hits=16;desc=?;
acc=NC_001885;hits=9;desc=?;
acc=NC_001549;hits=8;desc=?;
acc=NC_012959;hits=7;desc=?;
acc=NC_001806;hits=7;desc=?;
acc=DL231478.1;hits=6;len=8856;depth=0.0352;pctid=98.1;tax=11135;cov=0.0938;coverage=o_____________________________O.;desc=Feline infectious peritonitis virus;
acc=JB181528.1;hits=6;len=4856;depth=0.0643;pctid=97.8;tax=11120;cov=0.1250;coverage=________________________o..o____;desc=Infectious bronchitis virus;
acc=LQ338105.1;hits=5;len=2422;depth=0.107;pctid=95.8;tax=694009;cov=0.0312;coverage=O_______________________________;desc=Severe acute respiratory syndrome-related coronavirus;
acc=NC_011203;hits=4;desc=?;
acc=NC_038496;hits=4;desc=?;
acc=NC_015692;hits=3;desc=?;
acc=CS480537.1;hits=3;len=38604;depth=0.00404;pctid=100.0;tax=694009;cov=0.0312;coverage=______________________________O_;desc=Severe acute respiratory syndrome-related coronavirus;
acc=NC_009334;hits=3;desc=?;
acc=NC_007605;hits=3;desc=?;
acc=MN690608.1;hits=2;len=32257;depth=0.00322;pctid=100.0;tax=2716128;cov=0.0312;coverage=____________________________o___;desc=?;
acc=DQ167128.1;hits=1;len=1657;depth=0.0314;pctid=92.3;tax=11120;cov=0.0312;coverage=_____.__________________________;desc=Infectious bronchitis virus;
acc=NC_025343;hits=1;desc=?;
acc=MK720946.1;hits=1;len=29688;depth=0.00175;pctid=88.5;tax=2586419;cov=0.0312;coverage=_____.__________________________;desc=Rhinolophus bat coronavirus HKU32;
acc=AY319651.1;hits=1;len=28196;depth=0.00184;pctid=94.2;tax=11120;cov=0.0312;coverage=___________.____________________;desc=Infectious bronchitis virus;
acc=KF569996.1;hits=1;len=30302;depth=0.00172;pctid=90.4;tax=1487703;cov=0.0312;coverage=___.____________________________;desc=Rhinolophus affinis coronavirus;
acc=MH938448.1;hits=1;len=28327;depth=0.00184;pctid=94.2;tax=2492656;cov=0.0312;coverage=________________________._______;desc=Alphacoronavirus Bat-CoV/P.kuhlii/Italy/206645-41/2011;
acc=NC_024781;hits=1;desc=?;
acc=NC_017091;hits=1;desc=?;
acc=NC_002021;hits=1;desc=?;
acc=NC_043589;hits=1;desc=?;
acc=JX878446.1;hits=1;len=543;depth=0.0958;pctid=94.2;tax=1264898;cov=0.0312;coverage=_______________________.________;desc=Ferret coronavirus;
acc=AB695067.1;hits=1;len=4627;depth=0.0112;pctid=94.2;tax=12663;cov=0.0312;coverage=____________________.___________;desc=Feline coronavirus;
acc=NC_014372;hits=1;desc=?;
acc=NC_026011.1;hits=1;len=31770;depth=0.00164;pctid=86.5;tax=1590370;cov=0.0312;coverage=____________.___________________;desc=Betacoronavirus HKU24;
acc=KF294372.1;hits=1;len=31335;depth=0.00166;pctid=96.2;tax=1508223;cov=0.0312;coverage=_______.________________________;desc=Longquan Rl rat coronavirus;
acc=NC_003663;hits=1;desc=?;
acc=MN996532.1;hits=1;len=30353;depth=0.00171;pctid=98.1;tax=2709072;cov=0.0312;coverage=________._______________________;desc=Bat coronavirus RaTG13;
acc=NC_007572;hits=1;desc=?;
acc=MH687949.1;hits=1;len=28655;depth=0.00181;pctid=90.4;tax=1906673;cov=0.0312;coverage=___________.____________________;desc=Alphacoronavirus sp.;
acc=NC_001489;hits=1;desc=?;
acc=AF091735.1;hits=1;len=1336;depth=0.0389;pctid=90.4;tax=11138;cov=0.0312;coverage=_____________________________.__;desc=Murine hepatitis virus;
acc=NC_003266;hits=1;desc=?;
acc=LC315651.1;hits=1;len=7064;depth=0.00736;pctid=100.0;tax=290028;cov=0.0312;coverage=._______________________________;desc=Human coronavirus HKU1;
acc=KY967733.1;hits=1;len=26462;depth=0.00197;pctid=86.5;tax=1508228;cov=0.0312;coverage=_______.________________________;desc=Wencheng Sm shrew coronavirus;
acc=NC_044856;hits=1;desc=?;
acc=MH002342.1;hits=1;len=31038;depth=0.00168;pctid=100.0;tax=694008;cov=0.0312;coverage=_________________.______________;desc=Pipistrellus bat coronavirus HKU5;
acc=KT368905.1;hits=1;len=27854;depth=0.00187;pctid=92.3;tax=1699095;cov=0.0312;coverage=___________.____________________;desc=Camel alphacoronavirus;
acc=LC061272.1;hits=1;len=31296;depth=0.00166;pctid=96.2;tax=136187;cov=0.0312;coverage=______._________________________;desc=Equine coronavirus;
acc=NC_002077;hits=1;desc=?;
acc=MH991864.1;hits=1;len=4225;depth=0.0123;pctid=92.3;tax=28295;cov=0.0312;coverage=______________________________._;desc=Porcine epidemic diarrhea virus;
acc=MH817484.1;hits=1;len=29623;depth=0.00176;pctid=94.2;tax=2421386;cov=0.0312;coverage=___________________________.____;desc=Feline alphacoronavirus 1;
acc=FV537211.1;hits=1;len=30247;depth=0.00172;pctid=94.2;tax=694009;cov=0.0312;coverage=____________.___________________;desc=Severe acute respiratory syndrome-related coronavirus;
acc=NC_015783;hits=1;desc=?;
acc=MG693170.1;hits=1;len=29609;depth=0.00176;pctid=92.3;tax=1508220;cov=0.0312;coverage=______________._________________;desc=Bat coronavirus;
acc=AF104420.1;hits=1;len=8036;depth=0.00647;pctid=98.1;tax=11149;cov=0.0312;coverage=_________________.______________;desc=Transmissible gastroenteritis virus;
acc=MH687968.1;hits=1;len=31602;depth=0.00165;pctid=88.5;tax=1928434;cov=0.0312;coverage=_____________________________.__;desc=Betacoronavirus sp.;
acc=NC_001731;hits=1;desc=?;
acc=HQ728484.1;hits=1;len=15570;depth=0.00334;pctid=88.5;tax=983926;cov=0.0312;coverage=______________________________._;desc=Miniopterus bat coronavirus/Kenya/KY27/2006;
acc=LC061273.1;hits=1;len=31432;depth=0.00165;pctid=94.2;tax=136187;cov=0.0312;coverage=_____________________.__________;desc=Equine coronavirus;
acc=NC_039199;hits=1;desc=?;
acc=NC_011508;hits=1;desc=?;
