score=29;
pancovpct=37.5;
maxcov1kpct=37.5;
unmapped=0;
mapped=7951;
mapped_reverse=0;
mapped_reverse_pct=0.00;
mean_aln_length=76;
max_aln_length=76;
acc=NC_001461;hits=4964;desc=?;
acc=pan_genome;hits=3181;len=30000;depth=8.06;pctid=98.3;tax=?;cov=0.3750;coverage=O..._.__________________....._..;desc=Pan-genome;
acc=NC_027016;hits=1100;desc=?;
acc=NC_001405;hits=1021;desc=?;
acc=NC_003391;hits=338;desc=?;
acc=NC_007653;hits=105;desc=?;
acc=NC_001596;hits=87;desc=?;
acc=NC_017825;hits=72;desc=?;
acc=NC_001798;hits=60;desc=?;
acc=NC_013804;hits=27;desc=?;
acc=NC_001806;hits=24;desc=?;
acc=NC_003310;hits=16;desc=?;
acc=JB181528.1;hits=14;len=4856;depth=0.219;pctid=99.0;tax=11120;cov=0.2188;coverage=._._____________________O.O.__o_;desc=Infectious bronchitis virus;
acc=NC_014372;hits=14;desc=?;
acc=CS480537.1;hits=13;len=38604;depth=0.0256;pctid=99.3;tax=694009;cov=0.1250;coverage=________________________OO.___o_;desc=Severe acute respiratory syndrome-related coronavirus;
acc=NC_009334;hits=10;desc=?;
acc=DL231478.1;hits=9;len=8856;depth=0.0772;pctid=98.4;tax=11135;cov=0.1250;coverage=O____________________.________Oo;desc=Feline infectious peritonitis virus;
acc=NC_007605;hits=9;desc=?;
acc=NC_001731;hits=7;desc=?;
acc=LQ338105.1;hits=6;len=2422;depth=0.188;pctid=97.1;tax=694009;cov=0.0312;coverage=O_______________________________;desc=Severe acute respiratory syndrome-related coronavirus;
acc=NC_011203;hits=6;desc=?;
acc=NC_012783;hits=5;desc=?;
acc=MK204393.1;hits=4;len=29591;depth=0.0103;pctid=97.4;tax=694014;cov=0.0312;coverage=_____O__________________________;desc=Avian coronavirus;
acc=NC_038496;hits=3;desc=?;
acc=NC_026809;hits=3;desc=?;
acc=NC_015692;hits=2;desc=?;
acc=NC_003266;hits=2;desc=?;
acc=NC_001531;hits=2;desc=?;
acc=X51325.1;hits=1;len=1603;depth=0.0474;pctid=93.4;tax=11137;cov=0.0312;coverage=_________________________.______;desc=Human coronavirus 229E;
acc=KT253271.1;hits=1;len=29234;depth=0.0026;pctid=98.7;tax=1739614;cov=0.0312;coverage=____________________________.___;desc=229E-related bat coronavirus;
acc=NC_003663;hits=1;desc=?;
acc=NC_038319;hits=1;desc=?;
acc=NC_022517;hits=1;desc=?;
acc=NC_029645;hits=1;desc=?;
acc=NC_007014;hits=1;desc=?;
acc=NC_012959;hits=1;desc=?;
acc=FJ938058.1;hits=1;len=28954;depth=0.00262;pctid=92.1;tax=627434;cov=0.0312;coverage=__________________________._____;desc=Feline coronavirus UU16;
acc=KF663561.1;hits=1;len=28135;depth=0.0027;pctid=80.3;tax=11120;cov=0.0312;coverage=_______________________________.;desc=Infectious bronchitis virus;
acc=KX425847.1;hits=1;len=28171;depth=0.0027;pctid=72.4;tax=11120;cov=0.0312;coverage=_______________________________.;desc=Infectious bronchitis virus;
acc=KY967723.1;hits=1;len=26436;depth=0.00287;pctid=81.6;tax=1508228;cov=0.0312;coverage=___________________________.____;desc=Wencheng Sm shrew coronavirus;
acc=KY370043.1;hits=1;len=31651;depth=0.0024;pctid=93.4;tax=2050018;cov=0.0312;coverage=_.______________________________;desc=Rodent coronavirus;
acc=MK204388.1;hits=1;len=24920;depth=0.00305;pctid=97.4;tax=694014;cov=0.0312;coverage=_____________________________.__;desc=Avian coronavirus;
acc=MH817484.1;hits=1;len=29623;depth=0.00257;pctid=96.1;tax=2421386;cov=0.0312;coverage=__________________________._____;desc=Feline alphacoronavirus 1;
acc=MT084071.1;hits=1;len=27667;depth=0.00275;pctid=89.5;tax=2708335;cov=0.0312;coverage=__._____________________________;desc=Pangolin coronavirus;
acc=NC_006383;hits=1;desc=?;
acc=LQ338107.1;hits=1;len=1317;depth=0.0577;pctid=69.7;tax=694009;cov=0.0312;coverage=_______________.________________;desc=Severe acute respiratory syndrome-related coronavirus;
acc=KY994645.1;hits=1;len=31196;depth=0.00244;pctid=97.4;tax=42005;cov=0.0312;coverage=_________________________.______;desc=Porcine hemagglutinating encephalomyelitis virus;
acc=DQ646405.2;hits=1;len=28172;depth=0.0027;pctid=78.9;tax=11120;cov=0.0312;coverage=___.____________________________;desc=Infectious bronchitis virus;
acc=KF569996.1;hits=1;len=30302;depth=0.00251;pctid=90.8;tax=1487703;cov=0.0312;coverage=___.____________________________;desc=Rhinolophus affinis coronavirus;
acc=MT121215.1;hits=1;len=30445;depth=0.0025;pctid=92.1;tax=2697049;cov=0.0312;coverage=___.____________________________;desc=Severe acute respiratory syndrome coronavirus 2;
acc=EU139165.1;hits=1;len=486;depth=0.156;pctid=90.8;tax=11120;cov=0.0312;coverage=____.___________________________;desc=Infectious bronchitis virus;
acc=NC_001454;hits=1;desc=?;
acc=NC_004441;hits=1;desc=?;
acc=MH002340.1;hits=1;len=31003;depth=0.00245;pctid=96.1;tax=694008;cov=0.0312;coverage=_______________________________.;desc=Pipistrellus bat coronavirus HKU5;
acc=DQ022305.2;hits=1;len=30224;depth=0.00251;pctid=96.1;tax=333387;cov=0.0312;coverage=__________________________._____;desc=Bat SARS coronavirus HKU3-1;
acc=FJ376620.1;hits=1;len=26918;depth=0.00282;pctid=88.2;tax=572287;cov=0.0312;coverage=___________________________.____;desc=Bulbul coronavirus HKU11-796;
