score=51;
pancovpct=81.2;
maxcov1kpct=81.2;
unmapped=0;
mapped=1322;
mapped_reverse=0;
mapped_reverse_pct=0.00;
mean_aln_length=52;
max_aln_length=52;
acc=pan_genome;hits=971;len=30000;depth=1.68;pctid=94.3;tax=?;cov=0.8125;coverage=O......_........_....._..._.._._;desc=Pan-genome;
acc=NC_001461;hits=392;desc=?;
acc=NC_003391;hits=220;desc=?;
acc=NC_001405;hits=218;desc=?;
acc=NC_003310;hits=118;desc=?;
acc=NC_017825;hits=48;desc=?;
acc=NC_001596;hits=46;desc=?;
acc=NC_004105;hits=30;desc=?;
acc=NC_013804;hits=21;desc=?;
acc=NC_007653;hits=21;desc=?;
acc=MK204393.1;hits=18;len=29591;depth=0.0316;pctid=97.1;tax=694014;cov=0.0625;coverage=__.__O__________________________;desc=Avian coronavirus;
acc=NC_001806;hits=15;desc=?;
acc=NC_012959;hits=14;desc=?;
acc=NC_001798;hits=14;desc=?;
acc=NC_001885;hits=10;desc=?;
acc=NC_027016;hits=9;desc=?;
acc=NC_007605;hits=6;desc=?;
acc=NC_011203;hits=6;desc=?;
acc=NC_014372;hits=5;desc=?;
acc=NC_009334;hits=5;desc=?;
acc=NC_003663;hits=4;desc=?;
acc=NC_007014;hits=4;desc=?;
acc=LQ338105.1;hits=4;len=2422;depth=0.0859;pctid=96.6;tax=694009;cov=0.0312;coverage=O_______________________________;desc=Severe acute respiratory syndrome-related coronavirus;
acc=NC_006998;hits=4;desc=?;
acc=NC_003266;hits=3;desc=?;
acc=NC_001549;hits=2;desc=?;
acc=NC_012783;hits=2;desc=?;
acc=HZ038027.1;hits=2;len=30247;depth=0.00344;pctid=89.4;tax=693995;cov=0.0625;coverage=___.__._________________________;desc=Coronavirinae;
acc=KJ473815.1;hits=2;len=29648;depth=0.00351;pctid=97.1;tax=1503301;cov=0.0625;coverage=___._____.______________________;desc=BtRs-BetaCoV/GX2013;
acc=NC_001731;hits=2;desc=?;
acc=KY967733.1;hits=2;len=26462;depth=0.00393;pctid=92.3;tax=1508228;cov=0.0625;coverage=_________.______________._______;desc=Wencheng Sm shrew coronavirus;
acc=KU934185.1;hits=1;len=1647;depth=0.0316;pctid=90.4;tax=11120;cov=0.0312;coverage=_____________.__________________;desc=Infectious bronchitis virus;
acc=HQ728484.1;hits=1;len=15570;depth=0.00334;pctid=90.4;tax=983926;cov=0.0312;coverage=______________________________._;desc=Miniopterus bat coronavirus/Kenya/KY27/2006;
acc=MK204411.1;hits=1;len=28957;depth=0.0018;pctid=98.1;tax=694014;cov=0.0312;coverage=____________________.___________;desc=Avian coronavirus;
acc=LQ338107.1;hits=1;len=1317;depth=0.0395;pctid=98.1;tax=694009;cov=0.0312;coverage=________________._______________;desc=Severe acute respiratory syndrome-related coronavirus;
acc=HQ585083.1;hits=1;len=772;depth=0.0674;pctid=84.6;tax=931894;cov=0.0312;coverage=______________._________________;desc=Alphacoronavirus Eptesicus fuscus/Appalachian Ridge/P3-C766/IT/USA/2009;
acc=MT084071.1;hits=1;len=27667;depth=0.00188;pctid=98.1;tax=2708335;cov=0.0312;coverage=_________________.______________;desc=Pangolin coronavirus;
acc=KY783847.1;hits=1;len=4197;depth=0.0124;pctid=98.1;tax=1508220;cov=0.0312;coverage=_________________.______________;desc=Bat coronavirus;
acc=DQ415900.1;hits=1;len=30309;depth=0.00172;pctid=90.4;tax=290028;cov=0.0312;coverage=____________________.___________;desc=Human coronavirus HKU1;
acc=NC_038504;hits=1;desc=?;
acc=KX722531.1;hits=1;len=29527;depth=0.00176;pctid=100.0;tax=12663;cov=0.0312;coverage=_______________________.________;desc=Feline coronavirus;
acc=NC_006311;hits=1;desc=?;
acc=NC_001472;hits=1;desc=?;
acc=AJ311317.1;hits=1;len=28096;depth=0.00185;pctid=94.2;tax=160235;cov=0.0312;coverage=________________________._______;desc=Avian infectious bronchitis virus (strain Beaudette CK);
acc=CS480537.1;hits=1;len=38604;depth=0.00135;pctid=100.0;tax=694009;cov=0.0312;coverage=________________________._______;desc=Severe acute respiratory syndrome-related coronavirus;
acc=DQ415901.1;hits=1;len=30599;depth=0.0017;pctid=92.3;tax=290028;cov=0.0312;coverage=____.___________________________;desc=Human coronavirus HKU1;
acc=MK395303.1;hits=1;len=2416;depth=0.0215;pctid=100.0;tax=28295;cov=0.0312;coverage=____.___________________________;desc=Porcine epidemic diarrhea virus;
acc=KR270796.1;hits=1;len=28228;depth=0.00184;pctid=88.5;tax=11146;cov=0.0312;coverage=_________________.______________;desc=Porcine respiratory coronavirus;
acc=MH002340.1;hits=1;len=31003;depth=0.00168;pctid=92.3;tax=694008;cov=0.0312;coverage=____________.___________________;desc=Pipistrellus bat coronavirus HKU5;
acc=NC_001488;hits=1;desc=?;
acc=NC_039050;hits=1;desc=?;
acc=MG916901.1;hits=1;len=29588;depth=0.00176;pctid=88.5;tax=1508220;cov=0.0312;coverage=______________________________._;desc=Bat coronavirus;
acc=JN856008.2;hits=1;len=29759;depth=0.00175;pctid=90.4;tax=11153;cov=0.0312;coverage=____.___________________________;desc=Canine coronavirus;
acc=MK937828.1;hits=1;len=27933;depth=0.00186;pctid=98.1;tax=11120;cov=0.0312;coverage=__________._____________________;desc=Infectious bronchitis virus;
acc=KX721498.1;hits=1;len=28047;depth=0.00185;pctid=86.5;tax=11120;cov=0.0312;coverage=_____.__________________________;desc=Infectious bronchitis virus;
acc=EF213569.1;hits=1;len=1220;depth=0.0426;pctid=94.2;tax=11120;cov=0.0312;coverage=_______.________________________;desc=Infectious bronchitis virus;
acc=MH991864.1;hits=1;len=4225;depth=0.0123;pctid=96.2;tax=28295;cov=0.0312;coverage=______________________________._;desc=Porcine epidemic diarrhea virus;
acc=NC_002021;hits=1;desc=?;
acc=NC_007447;hits=1;desc=?;
acc=MH013331.1;hits=1;len=2111;depth=0.0246;pctid=96.2;tax=1911231;cov=0.0312;coverage=_.______________________________;desc=Deltacoronavirus sp.;
acc=MH013332.1;hits=1;len=10828;depth=0.0048;pctid=90.4;tax=1911231;cov=0.0312;coverage=________________________._______;desc=Deltacoronavirus sp.;
acc=EF065514.1;hits=1;len=29593;depth=0.00176;pctid=98.1;tax=424368;cov=0.0312;coverage=_.______________________________;desc=Bat coronavirus HKU9-2;
acc=LC364344.1;hits=1;len=26591;depth=0.00196;pctid=96.2;tax=2078583;cov=0.0312;coverage=_____________.__________________;desc=Pigeon coronavirus UAE-HKU29;
acc=NC_011202;hits=1;desc=?;
acc=NC_001498;hits=1;desc=?;
acc=KX839250.1;hits=1;len=28325;depth=0.00184;pctid=88.5;tax=28295;cov=0.0312;coverage=___________________________.____;desc=Porcine epidemic diarrhea virus;
acc=MH817484.1;hits=1;len=29623;depth=0.00176;pctid=98.1;tax=2421386;cov=0.0312;coverage=___________________________.____;desc=Feline alphacoronavirus 1;
acc=MN096598.1;hits=1;len=28142;depth=0.00185;pctid=82.7;tax=11120;cov=0.0312;coverage=_.______________________________;desc=Infectious bronchitis virus;
acc=KY770850.1;hits=1;len=27332;depth=0.0019;pctid=94.2;tax=1508220;cov=0.0312;coverage=_.______________________________;desc=Bat coronavirus;
acc=NC_014470.1;hits=1;len=29764;depth=0.00175;pctid=96.2;tax=864596;cov=0.0312;coverage=_______________.________________;desc=Bat coronavirus BM48-31/BGR/2008;
acc=DQ412043.1;hits=1;len=30245;depth=0.00172;pctid=92.3;tax=347536;cov=0.0312;coverage=_____________________.__________;desc=Bat SARS CoV Rm1/2004;
acc=MG021194.1;hits=1;len=28012;depth=0.00186;pctid=90.4;tax=11120;cov=0.0312;coverage=___________________.____________;desc=Infectious bronchitis virus;
acc=AF104420.1;hits=1;len=8036;depth=0.00647;pctid=98.1;tax=11149;cov=0.0312;coverage=_________________.______________;desc=Transmissible gastroenteritis virus;
acc=AF512342.1;hits=1;len=1656;depth=0.0314;pctid=88.5;tax=11120;cov=0.0312;coverage=__._____________________________;desc=Infectious bronchitis virus;
acc=NC_004911;hits=1;desc=?;
acc=MN026166.1;hits=1;len=27578;depth=0.00189;pctid=100.0;tax=277944;cov=0.0312;coverage=___________.____________________;desc=Human coronavirus NL63;
acc=NC_038300;hits=1;desc=?;
acc=KP868572.1;hits=1;len=27910;depth=0.00186;pctid=92.3;tax=11120;cov=0.0312;coverage=______________._________________;desc=Infectious bronchitis virus;
acc=FV537211.1;hits=1;len=30247;depth=0.00172;pctid=98.1;tax=694009;cov=0.0312;coverage=____________________________.___;desc=Severe acute respiratory syndrome-related coronavirus;
acc=NC_012564;hits=1;desc=?;
acc=EU526388.1;hits=1;len=28177;depth=0.00185;pctid=92.3;tax=11120;cov=0.0312;coverage=_________________.______________;desc=Infectious bronchitis virus;
acc=NC_001531;hits=1;desc=?;
acc=MK204388.1;hits=1;len=24920;depth=0.00209;pctid=96.2;tax=694014;cov=0.0312;coverage=___________.____________________;desc=Avian coronavirus;
acc=NC_038319;hits=1;desc=?;
acc=KX236001.1;hits=1;len=28092;depth=0.00185;pctid=100.0;tax=11120;cov=0.0312;coverage=_________________________.______;desc=Infectious bronchitis virus;
acc=MN611519.1;hits=1;len=30728;depth=0.00169;pctid=90.4;tax=2691589;cov=0.0312;coverage=_______________________.________;desc=Tylonycteris pachypus bat coronavirus HKU4-related;
acc=GU553361.1;hits=1;len=29752;depth=0.00175;pctid=100.0;tax=711465;cov=0.0312;coverage=________________________._______;desc=Feline coronavirus UU22;
acc=NC_006308;hits=1;desc=?;
acc=LC190906.1;hits=1;len=4435;depth=0.0117;pctid=96.2;tax=11153;cov=0.0312;coverage=______._________________________;desc=Canine coronavirus;
acc=KY770851.1;hits=1;len=28565;depth=0.00182;pctid=86.5;tax=1508220;cov=0.0312;coverage=____________.___________________;desc=Bat coronavirus;
acc=NC_038878;hits=1;desc=?;
acc=KX266757.1;hits=1;len=27685;depth=0.00188;pctid=98.1;tax=11120;cov=0.0312;coverage=________._______________________;desc=Infectious bronchitis virus;
acc=MK679660.1;hits=1;len=30675;depth=0.0017;pctid=88.5;tax=1965093;cov=0.0312;coverage=_.______________________________;desc=Hedgehog coronavirus 1;
acc=MK211379.1;hits=1;len=30248;depth=0.00172;pctid=94.2;tax=2591238;cov=0.0312;coverage=__________________._____________;desc=Coronavirus BtRt-BetaCoV/GX2018;
acc=KT368905.1;hits=1;len=27854;depth=0.00187;pctid=90.4;tax=1699095;cov=0.0312;coverage=_________________________.______;desc=Camel alphacoronavirus;
acc=MG923471.1;hits=1;len=30217;depth=0.00172;pctid=96.2;tax=1335626;cov=0.0312;coverage=__________________._____________;desc=Middle East respiratory syndrome-related coronavirus;
acc=NC_012957;hits=1;desc=?;
acc=NC_039223;hits=1;desc=?;
acc=NC_040876;hits=1;desc=?;
acc=NC_002019;hits=1;desc=?;
acc=JB181528.1;hits=1;len=4856;depth=0.0107;pctid=98.1;tax=11120;cov=0.0312;coverage=__________________________._____;desc=Infectious bronchitis virus;
acc=MN690608.1;hits=1;len=32257;depth=0.00161;pctid=98.1;tax=2716128;cov=0.0312;coverage=____________________________.___;desc=?;
acc=MG923574.2;hits=1;len=28513;depth=0.00182;pctid=98.1;tax=2419667;cov=0.0312;coverage=_____________.__________________;desc=Bat alphacoronavirus;
acc=HQ018890.1;hits=1;len=1660;depth=0.0313;pctid=96.2;tax=11120;cov=0.0312;coverage=____.___________________________;desc=Infectious bronchitis virus;
acc=MG772933.1;hits=1;len=30299;depth=0.00172;pctid=86.5;tax=1508227;cov=0.0312;coverage=___.____________________________;desc=Bat SARS-like coronavirus;
acc=HQ728482.1;hits=1;len=16456;depth=0.00316;pctid=88.5;tax=983924;cov=0.0312;coverage=__________________._____________;desc=Eidolon bat coronavirus/Kenya/KY24/2006;
